Archive member included to satisfy reference by file (symbol)

c:/program files (x86)/atmel/studio/7.0/toolchain/avr8/avr8-gnu-toolchain/bin/../lib/gcc/avr/5.4.0/avr5\libgcc.a(_udivmodqi4.o)
                              cpu/interpreter/interpreter.o (__udivmodqi4)
c:/program files (x86)/atmel/studio/7.0/toolchain/avr8/avr8-gnu-toolchain/bin/../lib/gcc/avr/5.4.0/avr5\libgcc.a(_exit.o)
                              C:/Program Files (x86)/Atmel/Studio/7.0/Packs/atmel/ATmega_DFP/1.3.300/gcc/dev/atmega644pa/avr5/crtatmega644pa.o (exit)
c:/program files (x86)/atmel/studio/7.0/toolchain/avr8/avr8-gnu-toolchain/bin/../lib/gcc/avr/5.4.0/avr5\libgcc.a(_copy_data.o)
                              main.o (__do_copy_data)
c:/program files (x86)/atmel/studio/7.0/toolchain/avr8/avr8-gnu-toolchain/bin/../lib/gcc/avr/5.4.0/avr5\libgcc.a(_clear_bss.o)
                              main.o (__do_clear_bss)
c:/program files (x86)/atmel/studio/7.0/toolchain/avr8/avr8-gnu-toolchain/bin/../lib/gcc/avr/5.4.0/avr5\libgcc.a(_ctors.o)
                              main.o (__do_global_ctors)
c:/program files (x86)/atmel/studio/7.0/toolchain/avr8/avr8-gnu-toolchain/bin/../lib/gcc/avr/5.4.0/avr5\libgcc.a(_dtors.o)
                              main.o (__do_global_dtors)
c:/program files (x86)/atmel/studio/7.0/toolchain/avr8/avr8-gnu-toolchain/bin/../lib/gcc/avr/5.4.0/avr5\libgcc.a(_ashrdi3.o)
                              drivers/io/shift register/shiftreg.o (__lshrdi3)
c:/program files (x86)/atmel/studio/7.0/toolchain/avr8/avr8-gnu-toolchain/bin/../lib/gcc/avr/5.4.0/avr5\libgcc.a(_cmpdi2_s8.o)
                              drivers/io/shift register/shiftreg.o (__cmpdi2_s8)
c:/program files (x86)/atmel/studio/7.0/toolchain/avr8/avr8-gnu-toolchain/bin/../lib/gcc/avr/5.4.0/avr5\libgcc.a(_tablejump2.o)
                              c:/program files (x86)/atmel/studio/7.0/toolchain/avr8/avr8-gnu-toolchain/bin/../lib/gcc/avr/5.4.0/avr5\libgcc.a(_ctors.o) (__tablejump2__)

Discarded input sections

 .data          0x00000000        0x0 C:/Program Files (x86)/Atmel/Studio/7.0/Packs/atmel/ATmega_DFP/1.3.300/gcc/dev/atmega644pa/avr5/crtatmega644pa.o
 .bss           0x00000000        0x0 C:/Program Files (x86)/Atmel/Studio/7.0/Packs/atmel/ATmega_DFP/1.3.300/gcc/dev/atmega644pa/avr5/crtatmega644pa.o
 .text          0x00000000        0x0 cpu/interpreter/interpreter.o
 .data          0x00000000        0x0 cpu/interpreter/interpreter.o
 .bss           0x00000000        0x0 cpu/interpreter/interpreter.o
 .text._ZN11interpreterC2EP6memoryS1_
                0x00000000       0x92 cpu/interpreter/interpreter.o
 .text._ZN11interpreterC2EP6memoryS1_j
                0x00000000       0x8e cpu/interpreter/interpreter.o
 .text._ZN11interpreterC2EP6memoryS1_m
                0x00000000       0x9a cpu/interpreter/interpreter.o
 .text._ZN11interpreterC2EP6memoryS1_mj
                0x00000000       0x9e cpu/interpreter/interpreter.o
 .text._ZN11interpreter3incEc
                0x00000000        0xe cpu/interpreter/interpreter.o
 .text._ZN11interpreter3decEc
                0x00000000        0xe cpu/interpreter/interpreter.o
 .text._ZN11interpreter3movEcc
                0x00000000       0x12 cpu/interpreter/interpreter.o
 .text._ZN11interpreter3ldiEcc
                0x00000000        0xa cpu/interpreter/interpreter.o
 .text._ZN11interpreter3rorEc
                0x00000000       0x12 cpu/interpreter/interpreter.o
 .text._ZN11interpreter3rolEc
                0x00000000        0xe cpu/interpreter/interpreter.o
 .text._ZN11interpreter3clrEc
                0x00000000        0xa cpu/interpreter/interpreter.o
 .text._ZN11interpreter3nopEv
                0x00000000        0x4 cpu/interpreter/interpreter.o
 .text._ZN11interpreter3jmpEm
                0x00000000       0x10 cpu/interpreter/interpreter.o
 .text._ZN11interpreter6jmppcfEm
                0x00000000       0x20 cpu/interpreter/interpreter.o
 .text._ZN11interpreter6jmppcbEm
                0x00000000       0x2c cpu/interpreter/interpreter.o
 .text._ZN11interpreter5pushaEm
                0x00000000       0x32 cpu/interpreter/interpreter.o
 .text._ZN11interpreter3clfEv
                0x00000000        0xa cpu/interpreter/interpreter.o
 .text._ZN11interpreter8clearregEv
                0x00000000       0x10 cpu/interpreter/interpreter.o
 .text          0x00000000        0x0 drivers/io/port controller/portcontroller.o
 .data          0x00000000        0x0 drivers/io/port controller/portcontroller.o
 .bss           0x00000000        0x0 drivers/io/port controller/portcontroller.o
 .text._ZN14portcontroller9readportaEv
                0x00000000        0x4 drivers/io/port controller/portcontroller.o
 .text._ZN14portcontroller9readportbEv
                0x00000000        0x4 drivers/io/port controller/portcontroller.o
 .text._ZN14portcontroller9readportcEv
                0x00000000        0x4 drivers/io/port controller/portcontroller.o
 .text._ZN14portcontroller8readddraEv
                0x00000000        0x4 drivers/io/port controller/portcontroller.o
 .text._ZN14portcontroller8readddrbEv
                0x00000000        0x4 drivers/io/port controller/portcontroller.o
 .text._ZN14portcontroller8readddrcEv
                0x00000000        0x4 drivers/io/port controller/portcontroller.o
 .text._ZN14portcontroller8readddrdEv
                0x00000000        0x4 drivers/io/port controller/portcontroller.o
 .text._ZN14portcontroller10writeportaEc
                0x00000000        0x4 drivers/io/port controller/portcontroller.o
 .text._ZN14portcontroller10writeportbEc
                0x00000000        0x4 drivers/io/port controller/portcontroller.o
 .text._ZN14portcontroller10writeportdEc
                0x00000000        0x4 drivers/io/port controller/portcontroller.o
 .text._ZN14portcontroller13digitalwritebEhb
                0x00000000       0x32 drivers/io/port controller/portcontroller.o
 .text._ZN14portcontroller13digitalwritecEhb
                0x00000000       0x32 drivers/io/port controller/portcontroller.o
 .text._ZN14portcontroller13digitalwritedEhb
                0x00000000       0x32 drivers/io/port controller/portcontroller.o
 .text          0x00000000        0x0 drivers/io/shift register/shiftreg.o
 .data          0x00000000        0x0 drivers/io/shift register/shiftreg.o
 .bss           0x00000000        0x0 drivers/io/shift register/shiftreg.o
 .text._ZN8shiftregC2Ev
                0x00000000        0x2 drivers/io/shift register/shiftreg.o
 .text._ZN8shiftreg9shiftout8Eh
                0x00000000       0x86 drivers/io/shift register/shiftreg.o
 .text._ZN8shiftreg10shiftout16Ej
                0x00000000       0xe0 drivers/io/shift register/shiftreg.o
 .text._ZN8shiftreg8shiftoutEv
                0x00000000        0xc drivers/io/shift register/shiftreg.o
 .text._ZN8shiftreg10shiftout64Ey
                0x00000000       0xbe drivers/io/shift register/shiftreg.o
 .text          0x00000000        0x0 drivers/memory/memory.o
 .data          0x00000000        0x0 drivers/memory/memory.o
 .bss           0x00000000        0x0 drivers/memory/memory.o
 .text._ZN6memoryC2Ev
                0x00000000        0x2 drivers/memory/memory.o
 .text._ZN6memoryC2EP14portcontroller
                0x00000000        0x8 drivers/memory/memory.o
 .text._ZN6memoryC2EP14portcontrollerP8shiftreg
                0x00000000        0xc drivers/memory/memory.o
 .text._ZN6memoryD2Ev
                0x00000000        0x2 drivers/memory/memory.o
 .text          0x00000000        0x0 drivers/serial/Serial.o
 .data          0x00000000        0x0 drivers/serial/Serial.o
 .bss           0x00000000        0x0 drivers/serial/Serial.o
 .text._ZN6SerialC2Ev
                0x00000000        0x2 drivers/serial/Serial.o
 .text._ZN6SerialC2EP8shiftreg
                0x00000000        0x8 drivers/serial/Serial.o
 .text._ZN6SerialC2EP8shiftregP14portcontroller
                0x00000000        0xc drivers/serial/Serial.o
 .text._ZN6Serial4sendEPcii
                0x00000000       0xb2 drivers/serial/Serial.o
 .text._ZN6Serial4sendEci
                0x00000000       0x6a drivers/serial/Serial.o
 .text._ZN6Serial6reciveEPcii
                0x00000000       0x90 drivers/serial/Serial.o
 .text._ZN6Serial6reciveEi
                0x00000000       0x64 drivers/serial/Serial.o
 .text._ZN6Serial8iddeviceEi
                0x00000000       0x36 drivers/serial/Serial.o
 .text          0x00000000        0x0 main.o
 .data          0x00000000        0x0 main.o
 .bss           0x00000000        0x0 main.o
 .data.address2
                0x00000000        0x4 main.o
 .text          0x00000000        0x0 c:/program files (x86)/atmel/studio/7.0/toolchain/avr8/avr8-gnu-toolchain/bin/../lib/gcc/avr/5.4.0/avr5\libgcc.a(_udivmodqi4.o)
 .data          0x00000000        0x0 c:/program files (x86)/atmel/studio/7.0/toolchain/avr8/avr8-gnu-toolchain/bin/../lib/gcc/avr/5.4.0/avr5\libgcc.a(_udivmodqi4.o)
 .bss           0x00000000        0x0 c:/program files (x86)/atmel/studio/7.0/toolchain/avr8/avr8-gnu-toolchain/bin/../lib/gcc/avr/5.4.0/avr5\libgcc.a(_udivmodqi4.o)
 .text.libgcc.mul
                0x00000000        0x0 c:/program files (x86)/atmel/studio/7.0/toolchain/avr8/avr8-gnu-toolchain/bin/../lib/gcc/avr/5.4.0/avr5\libgcc.a(_udivmodqi4.o)
 .text.libgcc   0x00000000        0x0 c:/program files (x86)/atmel/studio/7.0/toolchain/avr8/avr8-gnu-toolchain/bin/../lib/gcc/avr/5.4.0/avr5\libgcc.a(_udivmodqi4.o)
 .text.libgcc.prologue
                0x00000000        0x0 c:/program files (x86)/atmel/studio/7.0/toolchain/avr8/avr8-gnu-toolchain/bin/../lib/gcc/avr/5.4.0/avr5\libgcc.a(_udivmodqi4.o)
 .text.libgcc.builtins
                0x00000000        0x0 c:/program files (x86)/atmel/studio/7.0/toolchain/avr8/avr8-gnu-toolchain/bin/../lib/gcc/avr/5.4.0/avr5\libgcc.a(_udivmodqi4.o)
 .text.libgcc.fmul
                0x00000000        0x0 c:/program files (x86)/atmel/studio/7.0/toolchain/avr8/avr8-gnu-toolchain/bin/../lib/gcc/avr/5.4.0/avr5\libgcc.a(_udivmodqi4.o)
 .text.libgcc.fixed
                0x00000000        0x0 c:/program files (x86)/atmel/studio/7.0/toolchain/avr8/avr8-gnu-toolchain/bin/../lib/gcc/avr/5.4.0/avr5\libgcc.a(_udivmodqi4.o)
 .text          0x00000000        0x0 c:/program files (x86)/atmel/studio/7.0/toolchain/avr8/avr8-gnu-toolchain/bin/../lib/gcc/avr/5.4.0/avr5\libgcc.a(_exit.o)
 .data          0x00000000        0x0 c:/program files (x86)/atmel/studio/7.0/toolchain/avr8/avr8-gnu-toolchain/bin/../lib/gcc/avr/5.4.0/avr5\libgcc.a(_exit.o)
 .bss           0x00000000        0x0 c:/program files (x86)/atmel/studio/7.0/toolchain/avr8/avr8-gnu-toolchain/bin/../lib/gcc/avr/5.4.0/avr5\libgcc.a(_exit.o)
 .text.libgcc.mul
                0x00000000        0x0 c:/program files (x86)/atmel/studio/7.0/toolchain/avr8/avr8-gnu-toolchain/bin/../lib/gcc/avr/5.4.0/avr5\libgcc.a(_exit.o)
 .text.libgcc.div
                0x00000000        0x0 c:/program files (x86)/atmel/studio/7.0/toolchain/avr8/avr8-gnu-toolchain/bin/../lib/gcc/avr/5.4.0/avr5\libgcc.a(_exit.o)
 .text.libgcc   0x00000000        0x0 c:/program files (x86)/atmel/studio/7.0/toolchain/avr8/avr8-gnu-toolchain/bin/../lib/gcc/avr/5.4.0/avr5\libgcc.a(_exit.o)
 .text.libgcc.prologue
                0x00000000        0x0 c:/program files (x86)/atmel/studio/7.0/toolchain/avr8/avr8-gnu-toolchain/bin/../lib/gcc/avr/5.4.0/avr5\libgcc.a(_exit.o)
 .text.libgcc.builtins
                0x00000000        0x0 c:/program files (x86)/atmel/studio/7.0/toolchain/avr8/avr8-gnu-toolchain/bin/../lib/gcc/avr/5.4.0/avr5\libgcc.a(_exit.o)
 .text.libgcc.fmul
                0x00000000        0x0 c:/program files (x86)/atmel/studio/7.0/toolchain/avr8/avr8-gnu-toolchain/bin/../lib/gcc/avr/5.4.0/avr5\libgcc.a(_exit.o)
 .text.libgcc.fixed
                0x00000000        0x0 c:/program files (x86)/atmel/studio/7.0/toolchain/avr8/avr8-gnu-toolchain/bin/../lib/gcc/avr/5.4.0/avr5\libgcc.a(_exit.o)
 .text          0x00000000        0x0 c:/program files (x86)/atmel/studio/7.0/toolchain/avr8/avr8-gnu-toolchain/bin/../lib/gcc/avr/5.4.0/avr5\libgcc.a(_copy_data.o)
 .data          0x00000000        0x0 c:/program files (x86)/atmel/studio/7.0/toolchain/avr8/avr8-gnu-toolchain/bin/../lib/gcc/avr/5.4.0/avr5\libgcc.a(_copy_data.o)
 .bss           0x00000000        0x0 c:/program files (x86)/atmel/studio/7.0/toolchain/avr8/avr8-gnu-toolchain/bin/../lib/gcc/avr/5.4.0/avr5\libgcc.a(_copy_data.o)
 .text.libgcc.mul
                0x00000000        0x0 c:/program files (x86)/atmel/studio/7.0/toolchain/avr8/avr8-gnu-toolchain/bin/../lib/gcc/avr/5.4.0/avr5\libgcc.a(_copy_data.o)
 .text.libgcc.div
                0x00000000        0x0 c:/program files (x86)/atmel/studio/7.0/toolchain/avr8/avr8-gnu-toolchain/bin/../lib/gcc/avr/5.4.0/avr5\libgcc.a(_copy_data.o)
 .text.libgcc   0x00000000        0x0 c:/program files (x86)/atmel/studio/7.0/toolchain/avr8/avr8-gnu-toolchain/bin/../lib/gcc/avr/5.4.0/avr5\libgcc.a(_copy_data.o)
 .text.libgcc.prologue
                0x00000000        0x0 c:/program files (x86)/atmel/studio/7.0/toolchain/avr8/avr8-gnu-toolchain/bin/../lib/gcc/avr/5.4.0/avr5\libgcc.a(_copy_data.o)
 .text.libgcc.builtins
                0x00000000        0x0 c:/program files (x86)/atmel/studio/7.0/toolchain/avr8/avr8-gnu-toolchain/bin/../lib/gcc/avr/5.4.0/avr5\libgcc.a(_copy_data.o)
 .text.libgcc.fmul
                0x00000000        0x0 c:/program files (x86)/atmel/studio/7.0/toolchain/avr8/avr8-gnu-toolchain/bin/../lib/gcc/avr/5.4.0/avr5\libgcc.a(_copy_data.o)
 .text.libgcc.fixed
                0x00000000        0x0 c:/program files (x86)/atmel/studio/7.0/toolchain/avr8/avr8-gnu-toolchain/bin/../lib/gcc/avr/5.4.0/avr5\libgcc.a(_copy_data.o)
 .text          0x00000000        0x0 c:/program files (x86)/atmel/studio/7.0/toolchain/avr8/avr8-gnu-toolchain/bin/../lib/gcc/avr/5.4.0/avr5\libgcc.a(_clear_bss.o)
 .data          0x00000000        0x0 c:/program files (x86)/atmel/studio/7.0/toolchain/avr8/avr8-gnu-toolchain/bin/../lib/gcc/avr/5.4.0/avr5\libgcc.a(_clear_bss.o)
 .bss           0x00000000        0x0 c:/program files (x86)/atmel/studio/7.0/toolchain/avr8/avr8-gnu-toolchain/bin/../lib/gcc/avr/5.4.0/avr5\libgcc.a(_clear_bss.o)
 .text.libgcc.mul
                0x00000000        0x0 c:/program files (x86)/atmel/studio/7.0/toolchain/avr8/avr8-gnu-toolchain/bin/../lib/gcc/avr/5.4.0/avr5\libgcc.a(_clear_bss.o)
 .text.libgcc.div
                0x00000000        0x0 c:/program files (x86)/atmel/studio/7.0/toolchain/avr8/avr8-gnu-toolchain/bin/../lib/gcc/avr/5.4.0/avr5\libgcc.a(_clear_bss.o)
 .text.libgcc   0x00000000        0x0 c:/program files (x86)/atmel/studio/7.0/toolchain/avr8/avr8-gnu-toolchain/bin/../lib/gcc/avr/5.4.0/avr5\libgcc.a(_clear_bss.o)
 .text.libgcc.prologue
                0x00000000        0x0 c:/program files (x86)/atmel/studio/7.0/toolchain/avr8/avr8-gnu-toolchain/bin/../lib/gcc/avr/5.4.0/avr5\libgcc.a(_clear_bss.o)
 .text.libgcc.builtins
                0x00000000        0x0 c:/program files (x86)/atmel/studio/7.0/toolchain/avr8/avr8-gnu-toolchain/bin/../lib/gcc/avr/5.4.0/avr5\libgcc.a(_clear_bss.o)
 .text.libgcc.fmul
                0x00000000        0x0 c:/program files (x86)/atmel/studio/7.0/toolchain/avr8/avr8-gnu-toolchain/bin/../lib/gcc/avr/5.4.0/avr5\libgcc.a(_clear_bss.o)
 .text.libgcc.fixed
                0x00000000        0x0 c:/program files (x86)/atmel/studio/7.0/toolchain/avr8/avr8-gnu-toolchain/bin/../lib/gcc/avr/5.4.0/avr5\libgcc.a(_clear_bss.o)
 .text          0x00000000        0x0 c:/program files (x86)/atmel/studio/7.0/toolchain/avr8/avr8-gnu-toolchain/bin/../lib/gcc/avr/5.4.0/avr5\libgcc.a(_ctors.o)
 .data          0x00000000        0x0 c:/program files (x86)/atmel/studio/7.0/toolchain/avr8/avr8-gnu-toolchain/bin/../lib/gcc/avr/5.4.0/avr5\libgcc.a(_ctors.o)
 .bss           0x00000000        0x0 c:/program files (x86)/atmel/studio/7.0/toolchain/avr8/avr8-gnu-toolchain/bin/../lib/gcc/avr/5.4.0/avr5\libgcc.a(_ctors.o)
 .text.libgcc.mul
                0x00000000        0x0 c:/program files (x86)/atmel/studio/7.0/toolchain/avr8/avr8-gnu-toolchain/bin/../lib/gcc/avr/5.4.0/avr5\libgcc.a(_ctors.o)
 .text.libgcc.div
                0x00000000        0x0 c:/program files (x86)/atmel/studio/7.0/toolchain/avr8/avr8-gnu-toolchain/bin/../lib/gcc/avr/5.4.0/avr5\libgcc.a(_ctors.o)
 .text.libgcc   0x00000000        0x0 c:/program files (x86)/atmel/studio/7.0/toolchain/avr8/avr8-gnu-toolchain/bin/../lib/gcc/avr/5.4.0/avr5\libgcc.a(_ctors.o)
 .text.libgcc.prologue
                0x00000000        0x0 c:/program files (x86)/atmel/studio/7.0/toolchain/avr8/avr8-gnu-toolchain/bin/../lib/gcc/avr/5.4.0/avr5\libgcc.a(_ctors.o)
 .text.libgcc.builtins
                0x00000000        0x0 c:/program files (x86)/atmel/studio/7.0/toolchain/avr8/avr8-gnu-toolchain/bin/../lib/gcc/avr/5.4.0/avr5\libgcc.a(_ctors.o)
 .text.libgcc.fmul
                0x00000000        0x0 c:/program files (x86)/atmel/studio/7.0/toolchain/avr8/avr8-gnu-toolchain/bin/../lib/gcc/avr/5.4.0/avr5\libgcc.a(_ctors.o)
 .text.libgcc.fixed
                0x00000000        0x0 c:/program files (x86)/atmel/studio/7.0/toolchain/avr8/avr8-gnu-toolchain/bin/../lib/gcc/avr/5.4.0/avr5\libgcc.a(_ctors.o)
 .text          0x00000000        0x0 c:/program files (x86)/atmel/studio/7.0/toolchain/avr8/avr8-gnu-toolchain/bin/../lib/gcc/avr/5.4.0/avr5\libgcc.a(_dtors.o)
 .data          0x00000000        0x0 c:/program files (x86)/atmel/studio/7.0/toolchain/avr8/avr8-gnu-toolchain/bin/../lib/gcc/avr/5.4.0/avr5\libgcc.a(_dtors.o)
 .bss           0x00000000        0x0 c:/program files (x86)/atmel/studio/7.0/toolchain/avr8/avr8-gnu-toolchain/bin/../lib/gcc/avr/5.4.0/avr5\libgcc.a(_dtors.o)
 .text.libgcc.mul
                0x00000000        0x0 c:/program files (x86)/atmel/studio/7.0/toolchain/avr8/avr8-gnu-toolchain/bin/../lib/gcc/avr/5.4.0/avr5\libgcc.a(_dtors.o)
 .text.libgcc.div
                0x00000000        0x0 c:/program files (x86)/atmel/studio/7.0/toolchain/avr8/avr8-gnu-toolchain/bin/../lib/gcc/avr/5.4.0/avr5\libgcc.a(_dtors.o)
 .text.libgcc   0x00000000        0x0 c:/program files (x86)/atmel/studio/7.0/toolchain/avr8/avr8-gnu-toolchain/bin/../lib/gcc/avr/5.4.0/avr5\libgcc.a(_dtors.o)
 .text.libgcc.prologue
                0x00000000        0x0 c:/program files (x86)/atmel/studio/7.0/toolchain/avr8/avr8-gnu-toolchain/bin/../lib/gcc/avr/5.4.0/avr5\libgcc.a(_dtors.o)
 .text.libgcc.builtins
                0x00000000        0x0 c:/program files (x86)/atmel/studio/7.0/toolchain/avr8/avr8-gnu-toolchain/bin/../lib/gcc/avr/5.4.0/avr5\libgcc.a(_dtors.o)
 .text.libgcc.fmul
                0x00000000        0x0 c:/program files (x86)/atmel/studio/7.0/toolchain/avr8/avr8-gnu-toolchain/bin/../lib/gcc/avr/5.4.0/avr5\libgcc.a(_dtors.o)
 .text.libgcc.fixed
                0x00000000        0x0 c:/program files (x86)/atmel/studio/7.0/toolchain/avr8/avr8-gnu-toolchain/bin/../lib/gcc/avr/5.4.0/avr5\libgcc.a(_dtors.o)
 .text          0x00000000        0x0 c:/program files (x86)/atmel/studio/7.0/toolchain/avr8/avr8-gnu-toolchain/bin/../lib/gcc/avr/5.4.0/avr5\libgcc.a(_ashrdi3.o)
 .data          0x00000000        0x0 c:/program files (x86)/atmel/studio/7.0/toolchain/avr8/avr8-gnu-toolchain/bin/../lib/gcc/avr/5.4.0/avr5\libgcc.a(_ashrdi3.o)
 .bss           0x00000000        0x0 c:/program files (x86)/atmel/studio/7.0/toolchain/avr8/avr8-gnu-toolchain/bin/../lib/gcc/avr/5.4.0/avr5\libgcc.a(_ashrdi3.o)
 .text.libgcc.mul
                0x00000000        0x0 c:/program files (x86)/atmel/studio/7.0/toolchain/avr8/avr8-gnu-toolchain/bin/../lib/gcc/avr/5.4.0/avr5\libgcc.a(_ashrdi3.o)
 .text.libgcc.div
                0x00000000        0x0 c:/program files (x86)/atmel/studio/7.0/toolchain/avr8/avr8-gnu-toolchain/bin/../lib/gcc/avr/5.4.0/avr5\libgcc.a(_ashrdi3.o)
 .text.libgcc   0x00000000        0x0 c:/program files (x86)/atmel/studio/7.0/toolchain/avr8/avr8-gnu-toolchain/bin/../lib/gcc/avr/5.4.0/avr5\libgcc.a(_ashrdi3.o)
 .text.libgcc.prologue
                0x00000000        0x0 c:/program files (x86)/atmel/studio/7.0/toolchain/avr8/avr8-gnu-toolchain/bin/../lib/gcc/avr/5.4.0/avr5\libgcc.a(_ashrdi3.o)
 .text.libgcc.builtins
                0x00000000       0x3c c:/program files (x86)/atmel/studio/7.0/toolchain/avr8/avr8-gnu-toolchain/bin/../lib/gcc/avr/5.4.0/avr5\libgcc.a(_ashrdi3.o)
 .text.libgcc.fmul
                0x00000000        0x0 c:/program files (x86)/atmel/studio/7.0/toolchain/avr8/avr8-gnu-toolchain/bin/../lib/gcc/avr/5.4.0/avr5\libgcc.a(_ashrdi3.o)
 .text.libgcc.fixed
                0x00000000        0x0 c:/program files (x86)/atmel/studio/7.0/toolchain/avr8/avr8-gnu-toolchain/bin/../lib/gcc/avr/5.4.0/avr5\libgcc.a(_ashrdi3.o)
 .text          0x00000000        0x0 c:/program files (x86)/atmel/studio/7.0/toolchain/avr8/avr8-gnu-toolchain/bin/../lib/gcc/avr/5.4.0/avr5\libgcc.a(_cmpdi2_s8.o)
 .data          0x00000000        0x0 c:/program files (x86)/atmel/studio/7.0/toolchain/avr8/avr8-gnu-toolchain/bin/../lib/gcc/avr/5.4.0/avr5\libgcc.a(_cmpdi2_s8.o)
 .bss           0x00000000        0x0 c:/program files (x86)/atmel/studio/7.0/toolchain/avr8/avr8-gnu-toolchain/bin/../lib/gcc/avr/5.4.0/avr5\libgcc.a(_cmpdi2_s8.o)
 .text.libgcc.mul
                0x00000000        0x0 c:/program files (x86)/atmel/studio/7.0/toolchain/avr8/avr8-gnu-toolchain/bin/../lib/gcc/avr/5.4.0/avr5\libgcc.a(_cmpdi2_s8.o)
 .text.libgcc.div
                0x00000000        0x0 c:/program files (x86)/atmel/studio/7.0/toolchain/avr8/avr8-gnu-toolchain/bin/../lib/gcc/avr/5.4.0/avr5\libgcc.a(_cmpdi2_s8.o)
 .text.libgcc   0x00000000       0x18 c:/program files (x86)/atmel/studio/7.0/toolchain/avr8/avr8-gnu-toolchain/bin/../lib/gcc/avr/5.4.0/avr5\libgcc.a(_cmpdi2_s8.o)
 .text.libgcc.prologue
                0x00000000        0x0 c:/program files (x86)/atmel/studio/7.0/toolchain/avr8/avr8-gnu-toolchain/bin/../lib/gcc/avr/5.4.0/avr5\libgcc.a(_cmpdi2_s8.o)
 .text.libgcc.builtins
                0x00000000        0x0 c:/program files (x86)/atmel/studio/7.0/toolchain/avr8/avr8-gnu-toolchain/bin/../lib/gcc/avr/5.4.0/avr5\libgcc.a(_cmpdi2_s8.o)
 .text.libgcc.fmul
                0x00000000        0x0 c:/program files (x86)/atmel/studio/7.0/toolchain/avr8/avr8-gnu-toolchain/bin/../lib/gcc/avr/5.4.0/avr5\libgcc.a(_cmpdi2_s8.o)
 .text.libgcc.fixed
                0x00000000        0x0 c:/program files (x86)/atmel/studio/7.0/toolchain/avr8/avr8-gnu-toolchain/bin/../lib/gcc/avr/5.4.0/avr5\libgcc.a(_cmpdi2_s8.o)
 .text          0x00000000        0x0 c:/program files (x86)/atmel/studio/7.0/toolchain/avr8/avr8-gnu-toolchain/bin/../lib/gcc/avr/5.4.0/avr5\libgcc.a(_tablejump2.o)
 .data          0x00000000        0x0 c:/program files (x86)/atmel/studio/7.0/toolchain/avr8/avr8-gnu-toolchain/bin/../lib/gcc/avr/5.4.0/avr5\libgcc.a(_tablejump2.o)
 .bss           0x00000000        0x0 c:/program files (x86)/atmel/studio/7.0/toolchain/avr8/avr8-gnu-toolchain/bin/../lib/gcc/avr/5.4.0/avr5\libgcc.a(_tablejump2.o)
 .text.libgcc.mul
                0x00000000        0x0 c:/program files (x86)/atmel/studio/7.0/toolchain/avr8/avr8-gnu-toolchain/bin/../lib/gcc/avr/5.4.0/avr5\libgcc.a(_tablejump2.o)
 .text.libgcc.div
                0x00000000        0x0 c:/program files (x86)/atmel/studio/7.0/toolchain/avr8/avr8-gnu-toolchain/bin/../lib/gcc/avr/5.4.0/avr5\libgcc.a(_tablejump2.o)
 .text.libgcc.prologue
                0x00000000        0x0 c:/program files (x86)/atmel/studio/7.0/toolchain/avr8/avr8-gnu-toolchain/bin/../lib/gcc/avr/5.4.0/avr5\libgcc.a(_tablejump2.o)
 .text.libgcc.builtins
                0x00000000        0x0 c:/program files (x86)/atmel/studio/7.0/toolchain/avr8/avr8-gnu-toolchain/bin/../lib/gcc/avr/5.4.0/avr5\libgcc.a(_tablejump2.o)
 .text.libgcc.fmul
                0x00000000        0x0 c:/program files (x86)/atmel/studio/7.0/toolchain/avr8/avr8-gnu-toolchain/bin/../lib/gcc/avr/5.4.0/avr5\libgcc.a(_tablejump2.o)
 .text.libgcc.fixed
                0x00000000        0x0 c:/program files (x86)/atmel/studio/7.0/toolchain/avr8/avr8-gnu-toolchain/bin/../lib/gcc/avr/5.4.0/avr5\libgcc.a(_tablejump2.o)

Memory Configuration

Name             Origin             Length             Attributes
text             0x00000000         0x00020000         xr
data             0x00800060         0x0000ffa0         rw !x
eeprom           0x00810000         0x00010000         rw !x
fuse             0x00820000         0x00000003         rw !x
lock             0x00830000         0x00000400         rw !x
signature        0x00840000         0x00000400         rw !x
user_signatures  0x00850000         0x00000400         rw !x
*default*        0x00000000         0xffffffff

Linker script and memory map

Address of section .data set to 0x800100
LOAD C:/Program Files (x86)/Atmel/Studio/7.0/Packs/atmel/ATmega_DFP/1.3.300/gcc/dev/atmega644pa/avr5/crtatmega644pa.o
LOAD cpu/interpreter/interpreter.o
LOAD drivers/io/port controller/portcontroller.o
LOAD drivers/io/shift register/shiftreg.o
LOAD drivers/memory/memory.o
LOAD drivers/serial/Serial.o
LOAD main.o
START GROUP
LOAD c:/program files (x86)/atmel/studio/7.0/toolchain/avr8/avr8-gnu-toolchain/bin/../lib/gcc/avr/5.4.0/../../../../avr/lib/avr5\libm.a
END GROUP
LOAD c:/program files (x86)/atmel/studio/7.0/toolchain/avr8/avr8-gnu-toolchain/bin/../lib/gcc/avr/5.4.0/avr5\libgcc.a
LOAD c:/program files (x86)/atmel/studio/7.0/toolchain/avr8/avr8-gnu-toolchain/bin/../lib/gcc/avr/5.4.0/../../../../avr/lib/avr5\libm.a
START GROUP
LOAD c:/program files (x86)/atmel/studio/7.0/toolchain/avr8/avr8-gnu-toolchain/bin/../lib/gcc/avr/5.4.0/avr5\libgcc.a
LOAD c:/program files (x86)/atmel/studio/7.0/toolchain/avr8/avr8-gnu-toolchain/bin/../lib/gcc/avr/5.4.0/../../../../avr/lib/avr5\libm.a
LOAD c:/program files (x86)/atmel/studio/7.0/toolchain/avr8/avr8-gnu-toolchain/bin/../lib/gcc/avr/5.4.0/../../../../avr/lib/avr5\libc.a
LOAD C:/Program Files (x86)/Atmel/Studio/7.0/Packs/atmel/ATmega_DFP/1.3.300/gcc/dev/atmega644pa/avr5\libatmega644pa.a
END GROUP
                0x00000000                __TEXT_REGION_ORIGIN__ = DEFINED (__TEXT_REGION_ORIGIN__)?__TEXT_REGION_ORIGIN__:0x0
                0x00800060                __DATA_REGION_ORIGIN__ = DEFINED (__DATA_REGION_ORIGIN__)?__DATA_REGION_ORIGIN__:0x800060
                0x00020000                __TEXT_REGION_LENGTH__ = DEFINED (__TEXT_REGION_LENGTH__)?__TEXT_REGION_LENGTH__:0x20000
                0x0000ffa0                __DATA_REGION_LENGTH__ = DEFINED (__DATA_REGION_LENGTH__)?__DATA_REGION_LENGTH__:0xffa0
                0x00010000                __EEPROM_REGION_LENGTH__ = DEFINED (__EEPROM_REGION_LENGTH__)?__EEPROM_REGION_LENGTH__:0x10000
                [0x00000003]                __FUSE_REGION_LENGTH__ = DEFINED (__FUSE_REGION_LENGTH__)?__FUSE_REGION_LENGTH__:0x400
                0x00000400                __LOCK_REGION_LENGTH__ = DEFINED (__LOCK_REGION_LENGTH__)?__LOCK_REGION_LENGTH__:0x400
                0x00000400                __SIGNATURE_REGION_LENGTH__ = DEFINED (__SIGNATURE_REGION_LENGTH__)?__SIGNATURE_REGION_LENGTH__:0x400
                0x00000400                __USER_SIGNATURE_REGION_LENGTH__ = DEFINED (__USER_SIGNATURE_REGION_LENGTH__)?__USER_SIGNATURE_REGION_LENGTH__:0x400

.hash
 *(.hash)

.dynsym
 *(.dynsym)

.dynstr
 *(.dynstr)

.gnu.version
 *(.gnu.version)

.gnu.version_d
 *(.gnu.version_d)

.gnu.version_r
 *(.gnu.version_r)

.rel.init
 *(.rel.init)

.rela.init
 *(.rela.init)

.rel.text
 *(.rel.text)
 *(.rel.text.*)
 *(.rel.gnu.linkonce.t*)

.rela.text
 *(.rela.text)
 *(.rela.text.*)
 *(.rela.gnu.linkonce.t*)

.rel.fini
 *(.rel.fini)

.rela.fini
 *(.rela.fini)

.rel.rodata
 *(.rel.rodata)
 *(.rel.rodata.*)
 *(.rel.gnu.linkonce.r*)

.rela.rodata
 *(.rela.rodata)
 *(.rela.rodata.*)
 *(.rela.gnu.linkonce.r*)

.rel.data
 *(.rel.data)
 *(.rel.data.*)
 *(.rel.gnu.linkonce.d*)

.rela.data
 *(.rela.data)
 *(.rela.data.*)
 *(.rela.gnu.linkonce.d*)

.rel.ctors
 *(.rel.ctors)

.rela.ctors
 *(.rela.ctors)

.rel.dtors
 *(.rel.dtors)

.rela.dtors
 *(.rela.dtors)

.rel.got
 *(.rel.got)

.rela.got
 *(.rela.got)

.rel.bss
 *(.rel.bss)

.rela.bss
 *(.rela.bss)

.rel.plt
 *(.rel.plt)

.rela.plt
 *(.rela.plt)

.text           0x00000000     0x208a
 *(.vectors)
 .vectors       0x00000000       0x7c C:/Program Files (x86)/Atmel/Studio/7.0/Packs/atmel/ATmega_DFP/1.3.300/gcc/dev/atmega644pa/avr5/crtatmega644pa.o
                0x00000000                __vector_default
                0x00000000                __vectors
 *(.vectors)
 *(.progmem.gcc*)
                0x0000007c                . = ALIGN (0x2)
                0x0000007c                __trampolines_start = .
 *(.trampolines)
 .trampolines   0x0000007c        0x0 linker stubs
 *(.trampolines*)
                0x0000007c                __trampolines_end = .
 *libprintf_flt.a:*(.progmem.data)
 *libc.a:*(.progmem.data)
 *(.progmem*)
                0x0000007c                . = ALIGN (0x2)
 *(.jumptables)
 *(.jumptables*)
 *(.lowtext)
 *(.lowtext*)
                0x0000007c                __ctors_start = .
 *(.ctors)
 .ctors         0x0000007c        0x2 main.o
                0x0000007e                __ctors_end = .
                0x0000007e                __dtors_start = .
 *(.dtors)
 .dtors         0x0000007e        0x2 main.o
                0x00000080                __dtors_end = .
 SORT(*)(.ctors)
 SORT(*)(.dtors)
 *(.init0)
 .init0         0x00000080        0x0 C:/Program Files (x86)/Atmel/Studio/7.0/Packs/atmel/ATmega_DFP/1.3.300/gcc/dev/atmega644pa/avr5/crtatmega644pa.o
                0x00000080                __init
 *(.init0)
 *(.init1)
 *(.init1)
 *(.init2)
 .init2         0x00000080        0xc C:/Program Files (x86)/Atmel/Studio/7.0/Packs/atmel/ATmega_DFP/1.3.300/gcc/dev/atmega644pa/avr5/crtatmega644pa.o
 *(.init2)
 *(.init3)
 *(.init3)
 *(.init4)
 .init4         0x0000008c       0x16 c:/program files (x86)/atmel/studio/7.0/toolchain/avr8/avr8-gnu-toolchain/bin/../lib/gcc/avr/5.4.0/avr5\libgcc.a(_copy_data.o)
                0x0000008c                __do_copy_data
 .init4         0x000000a2       0x10 c:/program files (x86)/atmel/studio/7.0/toolchain/avr8/avr8-gnu-toolchain/bin/../lib/gcc/avr/5.4.0/avr5\libgcc.a(_clear_bss.o)
                0x000000a2                __do_clear_bss
 *(.init4)
 *(.init5)
 *(.init5)
 *(.init6)
 .init6         0x000000b2       0x16 c:/program files (x86)/atmel/studio/7.0/toolchain/avr8/avr8-gnu-toolchain/bin/../lib/gcc/avr/5.4.0/avr5\libgcc.a(_ctors.o)
                0x000000b2                __do_global_ctors
 *(.init6)
 *(.init7)
 *(.init7)
 *(.init8)
 *(.init8)
 *(.init9)
 .init9         0x000000c8        0x8 C:/Program Files (x86)/Atmel/Studio/7.0/Packs/atmel/ATmega_DFP/1.3.300/gcc/dev/atmega644pa/avr5/crtatmega644pa.o
 *(.init9)
 *(.text)
 .text          0x000000d0        0x4 C:/Program Files (x86)/Atmel/Studio/7.0/Packs/atmel/ATmega_DFP/1.3.300/gcc/dev/atmega644pa/avr5/crtatmega644pa.o
                0x000000d0                __vector_22
                0x000000d0                __vector_28
                0x000000d0                __vector_1
                0x000000d0                __vector_24
                0x000000d0                __vector_12
                0x000000d0                __bad_interrupt
                0x000000d0                __vector_6
                0x000000d0                __vector_3
                0x000000d0                __vector_23
                0x000000d0                __vector_30
                0x000000d0                __vector_25
                0x000000d0                __vector_11
                0x000000d0                __vector_13
                0x000000d0                __vector_17
                0x000000d0                __vector_19
                0x000000d0                __vector_7
                0x000000d0                __vector_27
                0x000000d0                __vector_5
                0x000000d0                __vector_4
                0x000000d0                __vector_9
                0x000000d0                __vector_2
                0x000000d0                __vector_21
                0x000000d0                __vector_15
                0x000000d0                __vector_29
                0x000000d0                __vector_8
                0x000000d0                __vector_26
                0x000000d0                __vector_14
                0x000000d0                __vector_10
                0x000000d0                __vector_16
                0x000000d0                __vector_18
                0x000000d0                __vector_20
                0x000000d4                . = ALIGN (0x2)
 *(.text.*)
 .text._ZN11interpreterC2Ev
                0x000000d4       0x86 cpu/interpreter/interpreter.o
                0x000000d4                _ZN11interpreterC1Ev
                0x000000d4                _ZN11interpreterC2Ev
 .text._ZN11interpreter3incEm
                0x0000015a       0x3c cpu/interpreter/interpreter.o
                0x0000015a                _ZN11interpreter3incEm
 .text._ZN11interpreter3decEm
                0x00000196       0x3c cpu/interpreter/interpreter.o
                0x00000196                _ZN11interpreter3decEm
 .text._ZN11interpreter2ldEcm
                0x000001d2       0x2a cpu/interpreter/interpreter.o
                0x000001d2                _ZN11interpreter2ldEcm
 .text._ZN11interpreter3ldxEc
                0x000001fc       0x2a cpu/interpreter/interpreter.o
                0x000001fc                _ZN11interpreter3ldxEc
 .text._ZN11interpreter3ldyEc
                0x00000226       0x2a cpu/interpreter/interpreter.o
                0x00000226                _ZN11interpreter3ldyEc
 .text._ZN11interpreter3ldzEc
                0x00000250       0x2a cpu/interpreter/interpreter.o
                0x00000250                _ZN11interpreter3ldzEc
 .text._ZN11interpreter3stxEc
                0x0000027a       0x44 cpu/interpreter/interpreter.o
                0x0000027a                _ZN11interpreter3stxEc
 .text._ZN11interpreter3styEc
                0x000002be       0x44 cpu/interpreter/interpreter.o
                0x000002be                _ZN11interpreter3styEc
 .text._ZN11interpreter3stzEc
                0x00000302       0x44 cpu/interpreter/interpreter.o
                0x00000302                _ZN11interpreter3stzEc
 .text._ZN11interpreter3stdEmc
                0x00000346       0x10 cpu/interpreter/interpreter.o
                0x00000346                _ZN11interpreter3stdEmc
 .text._ZN11interpreter3svdEmc
                0x00000356       0x10 cpu/interpreter/interpreter.o
                0x00000356                _ZN11interpreter3svdEmc
 .text._ZN11interpreter3svxEc
                0x00000366       0x36 cpu/interpreter/interpreter.o
                0x00000366                _ZN11interpreter3svxEc
 .text._ZN11interpreter3svyEc
                0x0000039c       0x36 cpu/interpreter/interpreter.o
                0x0000039c                _ZN11interpreter3svyEc
 .text._ZN11interpreter3svzEc
                0x000003d2       0x36 cpu/interpreter/interpreter.o
                0x000003d2                _ZN11interpreter3svzEc
 .text._ZN11interpreter3txsEv
                0x00000408       0x32 cpu/interpreter/interpreter.o
                0x00000408                _ZN11interpreter3txsEv
 .text._ZN11interpreter3txyEv
                0x0000043a       0x3a cpu/interpreter/interpreter.o
                0x0000043a                _ZN11interpreter3txyEv
 .text._ZN11interpreter3txzEv
                0x00000474       0x3a cpu/interpreter/interpreter.o
                0x00000474                _ZN11interpreter3txzEv
 .text._ZN11interpreter3tysEv
                0x000004ae       0x32 cpu/interpreter/interpreter.o
                0x000004ae                _ZN11interpreter3tysEv
 .text._ZN11interpreter3tyxEv
                0x000004e0       0x3a cpu/interpreter/interpreter.o
                0x000004e0                _ZN11interpreter3tyxEv
 .text._ZN11interpreter3tyzEv
                0x0000051a       0x3a cpu/interpreter/interpreter.o
                0x0000051a                _ZN11interpreter3tyzEv
 .text._ZN11interpreter3tzsEv
                0x00000554       0x32 cpu/interpreter/interpreter.o
                0x00000554                _ZN11interpreter3tzsEv
 .text._ZN11interpreter3tzxEv
                0x00000586       0x3a cpu/interpreter/interpreter.o
                0x00000586                _ZN11interpreter3tzxEv
 .text._ZN11interpreter3tzyEv
                0x000005c0       0x3a cpu/interpreter/interpreter.o
                0x000005c0                _ZN11interpreter3tzyEv
 .text._ZN11interpreter3tsxEv
                0x000005fa       0x1e cpu/interpreter/interpreter.o
                0x000005fa                _ZN11interpreter3tsxEv
 .text._ZN11interpreter3tsyEv
                0x00000618       0x1e cpu/interpreter/interpreter.o
                0x00000618                _ZN11interpreter3tsyEv
 .text._ZN11interpreter3tszEv
                0x00000636       0x1e cpu/interpreter/interpreter.o
                0x00000636                _ZN11interpreter3tszEv
 .text._ZN11interpreter3cmpEcc
                0x00000654       0x34 cpu/interpreter/interpreter.o
                0x00000654                _ZN11interpreter3cmpEcc
 .text._ZN11interpreter3cpiEcc
                0x00000688       0x34 cpu/interpreter/interpreter.o
                0x00000688                _ZN11interpreter3cpiEcc
 .text._ZN11interpreter3cpmEcm
                0x000006bc       0x52 cpu/interpreter/interpreter.o
                0x000006bc                _ZN11interpreter3cpmEcm
 .text._ZN11interpreter3cpmEmm
                0x0000070e       0x82 cpu/interpreter/interpreter.o
                0x0000070e                _ZN11interpreter3cpmEmm
 .text._ZN11interpreter4breqEm
                0x00000790       0x18 cpu/interpreter/interpreter.o
                0x00000790                _ZN11interpreter4breqEm
 .text._ZN11interpreter7breqpcfEm
                0x000007a8       0x28 cpu/interpreter/interpreter.o
                0x000007a8                _ZN11interpreter7breqpcfEm
 .text._ZN11interpreter7breqpcbEm
                0x000007d0       0x28 cpu/interpreter/interpreter.o
                0x000007d0                _ZN11interpreter7breqpcbEm
 .text._ZN11interpreter4brneEm
                0x000007f8       0x42 cpu/interpreter/interpreter.o
                0x000007f8                _ZN11interpreter4brneEm
 .text._ZN11interpreter7brnepcfEm
                0x0000083a       0x52 cpu/interpreter/interpreter.o
                0x0000083a                _ZN11interpreter7brnepcfEm
 .text._ZN11interpreter7brnepcbEm
                0x0000088c       0x52 cpu/interpreter/interpreter.o
                0x0000088c                _ZN11interpreter7brnepcbEm
 .text._ZN11interpreter4brgeEm
                0x000008de       0x34 cpu/interpreter/interpreter.o
                0x000008de                _ZN11interpreter4brgeEm
 .text._ZN11interpreter7brgepcfEm
                0x00000912       0x44 cpu/interpreter/interpreter.o
                0x00000912                _ZN11interpreter7brgepcfEm
 .text._ZN11interpreter7brgepcbEm
                0x00000956       0x44 cpu/interpreter/interpreter.o
                0x00000956                _ZN11interpreter7brgepcbEm
 .text._ZN11interpreter4brleEm
                0x0000099a       0x38 cpu/interpreter/interpreter.o
                0x0000099a                _ZN11interpreter4brleEm
 .text._ZN11interpreter7brlepcfEm
                0x000009d2       0x48 cpu/interpreter/interpreter.o
                0x000009d2                _ZN11interpreter7brlepcfEm
 .text._ZN11interpreter7brlepcbEm
                0x00000a1a       0x48 cpu/interpreter/interpreter.o
                0x00000a1a                _ZN11interpreter7brlepcbEm
 .text._ZN11interpreter3brgEm
                0x00000a62       0x34 cpu/interpreter/interpreter.o
                0x00000a62                _ZN11interpreter3brgEm
 .text._ZN11interpreter6brgpcfEm
                0x00000a96       0x44 cpu/interpreter/interpreter.o
                0x00000a96                _ZN11interpreter6brgpcfEm
 .text._ZN11interpreter6brgpcbEm
                0x00000ada       0x44 cpu/interpreter/interpreter.o
                0x00000ada                _ZN11interpreter6brgpcbEm
 .text._ZN11interpreter3brlEm
                0x00000b1e       0x38 cpu/interpreter/interpreter.o
                0x00000b1e                _ZN11interpreter3brlEm
 .text._ZN11interpreter6brlpcfEm
                0x00000b56       0x48 cpu/interpreter/interpreter.o
                0x00000b56                _ZN11interpreter6brlpcfEm
 .text._ZN11interpreter6brlpcbEm
                0x00000b9e       0x48 cpu/interpreter/interpreter.o
                0x00000b9e                _ZN11interpreter6brlpcbEm
 .text._ZN11interpreter4pushEc
                0x00000be6       0x38 cpu/interpreter/interpreter.o
                0x00000be6                _ZN11interpreter4pushEc
 .text._ZN11interpreter4callEm
                0x00000c1e       0x38 cpu/interpreter/interpreter.o
                0x00000c1e                _ZN11interpreter4callEm
 .text._ZN11interpreter5pushiEh
                0x00000c56       0x32 cpu/interpreter/interpreter.o
                0x00000c56                _ZN11interpreter5pushiEh
 .text._ZN11interpreter3popEv
                0x00000c88       0x32 cpu/interpreter/interpreter.o
                0x00000c88                _ZN11interpreter3popEv
 .text._ZN11interpreter3popEc
                0x00000cba       0x1c cpu/interpreter/interpreter.o
                0x00000cba                _ZN11interpreter3popEc
 .text._ZN11interpreter4swapEc
                0x00000cd6        0xe cpu/interpreter/interpreter.o
                0x00000cd6                _ZN11interpreter4swapEc
 .text._ZN11interpreter7syscallEv
                0x00000ce4       0x84 cpu/interpreter/interpreter.o
                0x00000ce4                _ZN11interpreter7syscallEv
 .text._ZN11interpreter3retEv
                0x00000d68       0x56 cpu/interpreter/interpreter.o
                0x00000d68                _ZN11interpreter3retEv
 .text._ZN11interpreter3runEv
                0x00000dbe      0xf2c cpu/interpreter/interpreter.o
                0x00000dbe                _ZN11interpreter3runEv
 .text._ZN11interpreterD2Ev
                0x00001cea        0x2 cpu/interpreter/interpreter.o
                0x00001cea                _ZN11interpreterD2Ev
                0x00001cea                _ZN11interpreterD1Ev
 .text._ZN14portcontrollerC2Ev
                0x00001cec        0x2 drivers/io/port controller/portcontroller.o
                0x00001cec                _ZN14portcontrollerC1Ev
                0x00001cec                _ZN14portcontrollerC2Ev
 .text._ZN14portcontroller9readportdEv
                0x00001cee        0x4 drivers/io/port controller/portcontroller.o
                0x00001cee                _ZN14portcontroller9readportdEv
 .text._ZN14portcontroller10writeportcEc
                0x00001cf2        0x4 drivers/io/port controller/portcontroller.o
                0x00001cf2                _ZN14portcontroller10writeportcEc
 .text._ZN14portcontroller9writeddraEc
                0x00001cf6        0x4 drivers/io/port controller/portcontroller.o
                0x00001cf6                _ZN14portcontroller9writeddraEc
 .text._ZN14portcontroller9writeddrbEc
                0x00001cfa        0x4 drivers/io/port controller/portcontroller.o
                0x00001cfa                _ZN14portcontroller9writeddrbEc
 .text._ZN14portcontroller9writeddrcEc
                0x00001cfe        0x4 drivers/io/port controller/portcontroller.o
                0x00001cfe                _ZN14portcontroller9writeddrcEc
 .text._ZN14portcontroller9writeddrdEc
                0x00001d02        0x4 drivers/io/port controller/portcontroller.o
                0x00001d02                _ZN14portcontroller9writeddrdEc
 .text._ZN14portcontroller13digitalwriteaEhb
                0x00001d06       0x32 drivers/io/port controller/portcontroller.o
                0x00001d06                _ZN14portcontroller13digitalwriteaEhb
 .text._ZN14portcontroller12digitalwriteEhb
                0x00001d38       0x4a drivers/io/port controller/portcontroller.o
                0x00001d38                _ZN14portcontroller12digitalwriteEhb
 .text._ZN14portcontrollerD2Ev
                0x00001d82        0x2 drivers/io/port controller/portcontroller.o
                0x00001d82                _ZN14portcontrollerD1Ev
                0x00001d82                _ZN14portcontrollerD2Ev
 .text._ZN8shiftregC2EhhhP14portcontroller
                0x00001d84       0x26 drivers/io/shift register/shiftreg.o
                0x00001d84                _ZN8shiftregC1EhhhP14portcontroller
                0x00001d84                _ZN8shiftregC2EhhhP14portcontroller
 .text._ZN8shiftreg10shiftout32Em
                0x00001daa       0x98 drivers/io/shift register/shiftreg.o
                0x00001daa                _ZN8shiftreg10shiftout32Em
 .text._ZN8shiftregD2Ev
                0x00001e42        0x2 drivers/io/shift register/shiftreg.o
                0x00001e42                _ZN8shiftregD1Ev
                0x00001e42                _ZN8shiftregD2Ev
 .text._ZN6memory5writeEmh
                0x00001e44       0x30 drivers/memory/memory.o
                0x00001e44                _ZN6memory5writeEmh
 .text._ZN6memory4readEm
                0x00001e74       0x1c drivers/memory/memory.o
                0x00001e74                _ZN6memory4readEm
 .text._ZN6memory6read32Em
                0x00001e90       0xec drivers/memory/memory.o
                0x00001e90                _ZN6memory6read32Em
 .text._ZN6SerialC2EP8shiftregP14portcontrollerccc
                0x00001f7c       0x1a drivers/serial/Serial.o
                0x00001f7c                _ZN6SerialC1EP8shiftregP14portcontrollerccc
                0x00001f7c                _ZN6SerialC2EP8shiftregP14portcontrollerccc
 .text._ZN6SerialD2Ev
                0x00001f96        0x2 drivers/serial/Serial.o
                0x00001f96                _ZN6SerialD1Ev
                0x00001f96                _ZN6SerialD2Ev
 .text.main     0x00001f98       0x32 main.o
                0x00001f98                main
 .text._GLOBAL__sub_I_port
                0x00001fca       0x58 main.o
 .text._GLOBAL__sub_D_port
                0x00002022       0x2a main.o
 .text.libgcc.div
                0x0000204c       0x18 c:/program files (x86)/atmel/studio/7.0/toolchain/avr8/avr8-gnu-toolchain/bin/../lib/gcc/avr/5.4.0/avr5\libgcc.a(_udivmodqi4.o)
                0x0000204c                __udivmodqi4
 .text.libgcc   0x00002064        0xc c:/program files (x86)/atmel/studio/7.0/toolchain/avr8/avr8-gnu-toolchain/bin/../lib/gcc/avr/5.4.0/avr5\libgcc.a(_tablejump2.o)
                0x00002064                __tablejump2__
                0x00002070                . = ALIGN (0x2)
 *(.fini9)
 .fini9         0x00002070        0x0 c:/program files (x86)/atmel/studio/7.0/toolchain/avr8/avr8-gnu-toolchain/bin/../lib/gcc/avr/5.4.0/avr5\libgcc.a(_exit.o)
                0x00002070                _exit
                0x00002070                exit
 *(.fini9)
 *(.fini8)
 *(.fini8)
 *(.fini7)
 *(.fini7)
 *(.fini6)
 .fini6         0x00002070       0x16 c:/program files (x86)/atmel/studio/7.0/toolchain/avr8/avr8-gnu-toolchain/bin/../lib/gcc/avr/5.4.0/avr5\libgcc.a(_dtors.o)
                0x00002070                __do_global_dtors
 *(.fini6)
 *(.fini5)
 *(.fini5)
 *(.fini4)
 *(.fini4)
 *(.fini3)
 *(.fini3)
 *(.fini2)
 *(.fini2)
 *(.fini1)
 *(.fini1)
 *(.fini0)
 .fini0         0x00002086        0x4 c:/program files (x86)/atmel/studio/7.0/toolchain/avr8/avr8-gnu-toolchain/bin/../lib/gcc/avr/5.4.0/avr5\libgcc.a(_exit.o)
 *(.fini0)
                0x0000208a                _etext = .

.data           0x00800100        0x0 load address 0x0000208a
                0x00800100                PROVIDE (__data_start, .)
 *(.data)
 *(.data*)
 *(.gnu.linkonce.d*)
 *(.rodata)
 *(.rodata*)
 *(.gnu.linkonce.r*)
                0x00800100                . = ALIGN (0x2)
                0x00800100                _edata = .
                0x00800100                PROVIDE (__data_end, .)

.bss            0x00800100      0x13f
                0x00800100                PROVIDE (__bss_start, .)
 *(.bss)
 *(.bss*)
 .bss.interpreter_main
                0x00800100      0x11c main.o
                0x00800100                interpreter_main
 .bss.spi       0x0080021c        0x8 main.o
                0x0080021c                spi
 .bss.csreg     0x00800224        0xd main.o
                0x00800224                csreg
 .bss.addressreg
                0x00800231        0xd main.o
                0x00800231                addressreg
 .bss.port      0x0080023e        0x1 main.o
                0x0080023e                port
 *(COMMON)
                0x0080023f                PROVIDE (__bss_end, .)
                0x0000208a                __data_load_start = LOADADDR (.data)
                0x0000208a                __data_load_end = (__data_load_start + SIZEOF (.data))

.noinit         0x0080023f        0x0
                [!provide]                PROVIDE (__noinit_start, .)
 *(.noinit*)
                [!provide]                PROVIDE (__noinit_end, .)
                0x0080023f                _end = .
                [!provide]                PROVIDE (__heap_start, .)

.eeprom         0x00810000        0x0
 *(.eeprom*)
                0x00810000                __eeprom_end = .

.fuse
 *(.fuse)
 *(.lfuse)
 *(.hfuse)
 *(.efuse)

.lock
 *(.lock*)

.signature
 *(.signature*)

.user_signatures
 *(.user_signatures*)

.stab
 *(.stab)

.stabstr
 *(.stabstr)

.stab.excl
 *(.stab.excl)

.stab.exclstr
 *(.stab.exclstr)

.stab.index
 *(.stab.index)

.stab.indexstr
 *(.stab.indexstr)

.comment        0x00000000       0x30
 *(.comment)
 .comment       0x00000000       0x30 cpu/interpreter/interpreter.o
                                 0x31 (size before relaxing)
 .comment       0x00000030       0x31 drivers/io/port controller/portcontroller.o
 .comment       0x00000030       0x31 drivers/io/shift register/shiftreg.o
 .comment       0x00000030       0x31 drivers/memory/memory.o
 .comment       0x00000030       0x31 drivers/serial/Serial.o
 .comment       0x00000030       0x31 main.o

.note.gnu.avr.deviceinfo
                0x00000000       0x40
 .note.gnu.avr.deviceinfo
                0x00000000       0x40 C:/Program Files (x86)/Atmel/Studio/7.0/Packs/atmel/ATmega_DFP/1.3.300/gcc/dev/atmega644pa/avr5/crtatmega644pa.o

.note.gnu.build-id
 *(.note.gnu.build-id)

.debug
 *(.debug)

.line
 *(.line)

.debug_srcinfo
 *(.debug_srcinfo)

.debug_sfnames
 *(.debug_sfnames)

.debug_aranges  0x00000000      0x490
 *(.debug_aranges)
 .debug_aranges
                0x00000000      0x280 cpu/interpreter/interpreter.o
 .debug_aranges
                0x00000280       0xd0 drivers/io/port controller/portcontroller.o
 .debug_aranges
                0x00000350       0x58 drivers/io/shift register/shiftreg.o
 .debug_aranges
                0x000003a8       0x50 drivers/memory/memory.o
 .debug_aranges
                0x000003f8       0x68 drivers/serial/Serial.o
 .debug_aranges
                0x00000460       0x30 main.o

.debug_pubnames
 *(.debug_pubnames)

.debug_info     0x00000000     0x92ff
 *(.debug_info .gnu.linkonce.wi.*)
 .debug_info    0x00000000      0x6cc C:/Program Files (x86)/Atmel/Studio/7.0/Packs/atmel/ATmega_DFP/1.3.300/gcc/dev/atmega644pa/avr5/crtatmega644pa.o
 .debug_info    0x000006cc     0x4781 cpu/interpreter/interpreter.o
 .debug_info    0x00004e4d      0x962 drivers/io/port controller/portcontroller.o
 .debug_info    0x000057af      0xa28 drivers/io/shift register/shiftreg.o
 .debug_info    0x000061d7      0xab4 drivers/memory/memory.o
 .debug_info    0x00006c8b      0xcef drivers/serial/Serial.o
 .debug_info    0x0000797a     0x1985 main.o

.debug_abbrev   0x00000000     0x1638
 *(.debug_abbrev)
 .debug_abbrev  0x00000000      0x66e C:/Program Files (x86)/Atmel/Studio/7.0/Packs/atmel/ATmega_DFP/1.3.300/gcc/dev/atmega644pa/avr5/crtatmega644pa.o
 .debug_abbrev  0x0000066e      0x4d2 cpu/interpreter/interpreter.o
 .debug_abbrev  0x00000b40      0x1c1 drivers/io/port controller/portcontroller.o
 .debug_abbrev  0x00000d01      0x20b drivers/io/shift register/shiftreg.o
 .debug_abbrev  0x00000f0c      0x1d8 drivers/memory/memory.o
 .debug_abbrev  0x000010e4      0x243 drivers/serial/Serial.o
 .debug_abbrev  0x00001327      0x311 main.o

.debug_line     0x00000000     0x24c9
 *(.debug_line .debug_line.* .debug_line_end)
 .debug_line    0x00000000      0x151 C:/Program Files (x86)/Atmel/Studio/7.0/Packs/atmel/ATmega_DFP/1.3.300/gcc/dev/atmega644pa/avr5/crtatmega644pa.o
 .debug_line    0x00000151     0x15b8 cpu/interpreter/interpreter.o
 .debug_line    0x00001709      0x348 drivers/io/port controller/portcontroller.o
 .debug_line    0x00001a51      0x2d6 drivers/io/shift register/shiftreg.o
 .debug_line    0x00001d27      0x201 drivers/memory/memory.o
 .debug_line    0x00001f28      0x367 drivers/serial/Serial.o
 .debug_line    0x0000228f      0x23a main.o

.debug_frame    0x00000000      0xc44
 *(.debug_frame)
 .debug_frame   0x00000000      0x6b8 cpu/interpreter/interpreter.o
 .debug_frame   0x000006b8      0x184 drivers/io/port controller/portcontroller.o
 .debug_frame   0x0000083c      0x154 drivers/io/shift register/shiftreg.o
 .debug_frame   0x00000990       0xec drivers/memory/memory.o
 .debug_frame   0x00000a7c      0x174 drivers/serial/Serial.o
 .debug_frame   0x00000bf0       0x54 main.o

.debug_str      0x00000000     0x1ab0
 *(.debug_str)
 .debug_str     0x00000000      0x252 C:/Program Files (x86)/Atmel/Studio/7.0/Packs/atmel/ATmega_DFP/1.3.300/gcc/dev/atmega644pa/avr5/crtatmega644pa.o
 .debug_str     0x00000252     0x141f cpu/interpreter/interpreter.o
                               0x14a5 (size before relaxing)
 .debug_str     0x00001671       0x61 drivers/io/port controller/portcontroller.o
                                0x621 (size before relaxing)
 .debug_str     0x000016d2       0x8c drivers/io/shift register/shiftreg.o
                                0x7ad (size before relaxing)
 .debug_str     0x0000175e       0x83 drivers/memory/memory.o
                                0x8b8 (size before relaxing)
 .debug_str     0x000017e1      0x228 drivers/serial/Serial.o
                                0x948 (size before relaxing)
 .debug_str     0x00001a09       0xa7 main.o
                               0x150d (size before relaxing)

.debug_loc      0x00000000     0x48ee
 *(.debug_loc)
 .debug_loc     0x00000000     0x34cf cpu/interpreter/interpreter.o
 .debug_loc     0x000034cf      0x3cf drivers/io/port controller/portcontroller.o
 .debug_loc     0x0000389e      0x5ab drivers/io/shift register/shiftreg.o
 .debug_loc     0x00003e49      0x318 drivers/memory/memory.o
 .debug_loc     0x00004161      0x6eb drivers/serial/Serial.o
 .debug_loc     0x0000484c       0xa2 main.o

.debug_macinfo
 *(.debug_macinfo)

.debug_weaknames
 *(.debug_weaknames)

.debug_funcnames
 *(.debug_funcnames)

.debug_typenames
 *(.debug_typenames)

.debug_varnames
 *(.debug_varnames)

.debug_pubtypes
 *(.debug_pubtypes)

.debug_ranges   0x00000000      0x580
 *(.debug_ranges)
 .debug_ranges  0x00000000      0x3a8 cpu/interpreter/interpreter.o
 .debug_ranges  0x000003a8       0xc0 drivers/io/port controller/portcontroller.o
 .debug_ranges  0x00000468       0x48 drivers/io/shift register/shiftreg.o
 .debug_ranges  0x000004b0       0x40 drivers/memory/memory.o
 .debug_ranges  0x000004f0       0x70 drivers/serial/Serial.o
 .debug_ranges  0x00000560       0x20 main.o

.debug_macro
 *(.debug_macro)
OUTPUT(os.elf elf32-avr)
LOAD linker stubs
