Archive member included to satisfy reference by file (symbol)

c:/program files (x86)/atmel/studio/7.0/toolchain/avr8/avr8-gnu-toolchain/bin/../lib/gcc/avr/5.4.0/avr5\libgcc.a(_udivmodqi4.o)
                              cpu/interpreter/interpreter.o (__udivmodqi4)
c:/program files (x86)/atmel/studio/7.0/toolchain/avr8/avr8-gnu-toolchain/bin/../lib/gcc/avr/5.4.0/avr5\libgcc.a(_exit.o)
                              C:/Program Files (x86)/Atmel/Studio/7.0/Packs/atmel/ATmega_DFP/1.3.300/gcc/dev/atmega644pa/avr5/crtatmega644pa.o (exit)
c:/program files (x86)/atmel/studio/7.0/toolchain/avr8/avr8-gnu-toolchain/bin/../lib/gcc/avr/5.4.0/avr5\libgcc.a(_copy_data.o)
                              main.o (__do_copy_data)
c:/program files (x86)/atmel/studio/7.0/toolchain/avr8/avr8-gnu-toolchain/bin/../lib/gcc/avr/5.4.0/avr5\libgcc.a(_clear_bss.o)
                              main.o (__do_clear_bss)
c:/program files (x86)/atmel/studio/7.0/toolchain/avr8/avr8-gnu-toolchain/bin/../lib/gcc/avr/5.4.0/avr5\libgcc.a(_ctors.o)
                              main.o (__do_global_ctors)
c:/program files (x86)/atmel/studio/7.0/toolchain/avr8/avr8-gnu-toolchain/bin/../lib/gcc/avr/5.4.0/avr5\libgcc.a(_dtors.o)
                              main.o (__do_global_dtors)
c:/program files (x86)/atmel/studio/7.0/toolchain/avr8/avr8-gnu-toolchain/bin/../lib/gcc/avr/5.4.0/avr5\libgcc.a(_ashrdi3.o)
                              drivers/io/shift register/shiftreg.o (__lshrdi3)
c:/program files (x86)/atmel/studio/7.0/toolchain/avr8/avr8-gnu-toolchain/bin/../lib/gcc/avr/5.4.0/avr5\libgcc.a(_cmpdi2_s8.o)
                              drivers/io/shift register/shiftreg.o (__cmpdi2_s8)
c:/program files (x86)/atmel/studio/7.0/toolchain/avr8/avr8-gnu-toolchain/bin/../lib/gcc/avr/5.4.0/avr5\libgcc.a(_tablejump2.o)
                              c:/program files (x86)/atmel/studio/7.0/toolchain/avr8/avr8-gnu-toolchain/bin/../lib/gcc/avr/5.4.0/avr5\libgcc.a(_ctors.o) (__tablejump2__)
c:/program files (x86)/atmel/studio/7.0/toolchain/avr8/avr8-gnu-toolchain/bin/../lib/gcc/avr/5.4.0/../../../../avr/lib/avr5\libc.a(malloc.o)
                              main.o (free)
c:/program files (x86)/atmel/studio/7.0/toolchain/avr8/avr8-gnu-toolchain/bin/../lib/gcc/avr/5.4.0/../../../../avr/lib/avr5\libc.a(strcasecmp_P.o)
                              main.o (strcasecmp_P)

Allocating common symbols
Common symbol       size              file

__brkval            0x2               c:/program files (x86)/atmel/studio/7.0/toolchain/avr8/avr8-gnu-toolchain/bin/../lib/gcc/avr/5.4.0/../../../../avr/lib/avr5\libc.a(malloc.o)
__flp               0x2               c:/program files (x86)/atmel/studio/7.0/toolchain/avr8/avr8-gnu-toolchain/bin/../lib/gcc/avr/5.4.0/../../../../avr/lib/avr5\libc.a(malloc.o)

Discarded input sections

 .data          0x00000000        0x0 C:/Program Files (x86)/Atmel/Studio/7.0/Packs/atmel/ATmega_DFP/1.3.300/gcc/dev/atmega644pa/avr5/crtatmega644pa.o
 .bss           0x00000000        0x0 C:/Program Files (x86)/Atmel/Studio/7.0/Packs/atmel/ATmega_DFP/1.3.300/gcc/dev/atmega644pa/avr5/crtatmega644pa.o
 .text          0x00000000        0x0 cpu/communication/Serial.o
 .data          0x00000000        0x0 cpu/communication/Serial.o
 .bss           0x00000000        0x0 cpu/communication/Serial.o
 .text._ZN6SerialC2Ev
                0x00000000        0x2 cpu/communication/Serial.o
 .text._ZN6SerialC2EP8shiftreg
                0x00000000        0x8 cpu/communication/Serial.o
 .text._ZN6SerialC2EP8shiftregP14portcontroller
                0x00000000        0xc cpu/communication/Serial.o
 .text._ZN6Serial4sendEPci
                0x00000000       0xa6 cpu/communication/Serial.o
 .text._ZN6Serial18sendandrecive1byteEc
                0x00000000       0x7e cpu/communication/Serial.o
 .text._ZN6Serial6reciveEPci
                0x00000000       0x14 cpu/communication/Serial.o
 .text          0x00000000        0x0 cpu/interpreter/interpreter.o
 .data          0x00000000        0x0 cpu/interpreter/interpreter.o
 .bss           0x00000000        0x0 cpu/interpreter/interpreter.o
 .text._ZN11interpreter3incEc
                0x00000000        0xe cpu/interpreter/interpreter.o
 .text._ZN11interpreter3decEc
                0x00000000        0xe cpu/interpreter/interpreter.o
 .text._ZN11interpreter3movEcc
                0x00000000       0x12 cpu/interpreter/interpreter.o
 .text._ZN11interpreter3ldiEcc
                0x00000000        0xa cpu/interpreter/interpreter.o
 .text._ZN11interpreter3rorEc
                0x00000000       0x12 cpu/interpreter/interpreter.o
 .text._ZN11interpreter3rolEc
                0x00000000        0xe cpu/interpreter/interpreter.o
 .text._ZN11interpreter3clrEc
                0x00000000        0xa cpu/interpreter/interpreter.o
 .text._ZN11interpreter3nopEv
                0x00000000        0x4 cpu/interpreter/interpreter.o
 .text._ZN11interpreter3jmpEj
                0x00000000        0xc cpu/interpreter/interpreter.o
 .text._ZN11interpreter6jmppcfEj
                0x00000000       0x14 cpu/interpreter/interpreter.o
 .text._ZN11interpreter6jmppcbEj
                0x00000000       0x14 cpu/interpreter/interpreter.o
 .text._ZN11interpreter3clfEc
                0x00000000        0xa cpu/interpreter/interpreter.o
 .text._ZN11interpreter3retEv
                0x00000000        0x2 cpu/interpreter/interpreter.o
 .text          0x00000000        0x0 cpu/interrupts/interrupts.o
 .data          0x00000000        0x0 cpu/interrupts/interrupts.o
 .bss           0x00000000        0x0 cpu/interrupts/interrupts.o
 .text._ZN10interrupts15handleinterruptEv
                0x00000000        0x2 cpu/interrupts/interrupts.o
 .text          0x00000000        0x0 drivers/io/GPU/GPU.o
 .data          0x00000000        0x0 drivers/io/GPU/GPU.o
 .bss           0x00000000        0x0 drivers/io/GPU/GPU.o
 .text._ZN3GPUC2Ev
                0x00000000        0x2 drivers/io/GPU/GPU.o
 .text._ZN3GPUD2Ev
                0x00000000        0x2 drivers/io/GPU/GPU.o
 .debug_info    0x00000000      0x1b2 drivers/io/GPU/GPU.o
 .debug_abbrev  0x00000000      0x111 drivers/io/GPU/GPU.o
 .debug_aranges
                0x00000000       0x28 drivers/io/GPU/GPU.o
 .debug_ranges  0x00000000       0x18 drivers/io/GPU/GPU.o
 .debug_line    0x00000000       0x60 drivers/io/GPU/GPU.o
 .debug_str     0x00000000      0x20b drivers/io/GPU/GPU.o
 .comment       0x00000000       0x31 drivers/io/GPU/GPU.o
 .debug_frame   0x00000000       0x34 drivers/io/GPU/GPU.o
 .text          0x00000000        0x0 drivers/io/keyboard/keyboard.o
 .data          0x00000000        0x0 drivers/io/keyboard/keyboard.o
 .bss           0x00000000        0x0 drivers/io/keyboard/keyboard.o
 .text          0x00000000        0x0 drivers/io/lcd/lcd.o
 .data          0x00000000        0x0 drivers/io/lcd/lcd.o
 .bss           0x00000000        0x0 drivers/io/lcd/lcd.o
 .text._ZN3lcdC2Ev
                0x00000000        0x2 drivers/io/lcd/lcd.o
 .text._ZN3lcdC2EP14portcontroller
                0x00000000        0x2 drivers/io/lcd/lcd.o
 .text._ZN3lcdD2Ev
                0x00000000        0x2 drivers/io/lcd/lcd.o
 .debug_info    0x00000000      0x5bc drivers/io/lcd/lcd.o
 .debug_abbrev  0x00000000      0x175 drivers/io/lcd/lcd.o
 .debug_aranges
                0x00000000       0x30 drivers/io/lcd/lcd.o
 .debug_ranges  0x00000000       0x20 drivers/io/lcd/lcd.o
 .debug_line    0x00000000      0x10b drivers/io/lcd/lcd.o
 .debug_str     0x00000000      0x69e drivers/io/lcd/lcd.o
 .comment       0x00000000       0x31 drivers/io/lcd/lcd.o
 .debug_frame   0x00000000       0x44 drivers/io/lcd/lcd.o
 .text          0x00000000        0x0 drivers/io/port controller/portcontroller.o
 .data          0x00000000        0x0 drivers/io/port controller/portcontroller.o
 .bss           0x00000000        0x0 drivers/io/port controller/portcontroller.o
 .text._ZN14portcontroller9readportaEv
                0x00000000        0x4 drivers/io/port controller/portcontroller.o
 .text._ZN14portcontroller9readportbEv
                0x00000000        0x4 drivers/io/port controller/portcontroller.o
 .text._ZN14portcontroller9readportcEv
                0x00000000        0x4 drivers/io/port controller/portcontroller.o
 .text._ZN14portcontroller8readddraEv
                0x00000000        0x4 drivers/io/port controller/portcontroller.o
 .text._ZN14portcontroller8readddrbEv
                0x00000000        0x4 drivers/io/port controller/portcontroller.o
 .text._ZN14portcontroller8readddrcEv
                0x00000000        0x4 drivers/io/port controller/portcontroller.o
 .text._ZN14portcontroller8readddrdEv
                0x00000000        0x4 drivers/io/port controller/portcontroller.o
 .text._ZN14portcontroller10writeportaEc
                0x00000000        0x4 drivers/io/port controller/portcontroller.o
 .text._ZN14portcontroller10writeportbEc
                0x00000000        0x4 drivers/io/port controller/portcontroller.o
 .text._ZN14portcontroller10writeportdEc
                0x00000000        0x4 drivers/io/port controller/portcontroller.o
 .text._ZN14portcontroller13digitalwritebEhb
                0x00000000       0x80 drivers/io/port controller/portcontroller.o
 .text._ZN14portcontroller13digitalwritecEhb
                0x00000000       0x80 drivers/io/port controller/portcontroller.o
 .text._ZN14portcontroller13digitalwritedEhb
                0x00000000       0x80 drivers/io/port controller/portcontroller.o
 .text          0x00000000        0x0 drivers/io/shift register/shiftreg.o
 .data          0x00000000        0x0 drivers/io/shift register/shiftreg.o
 .bss           0x00000000        0x0 drivers/io/shift register/shiftreg.o
 .text._ZN8shiftregC2Ev
                0x00000000        0x2 drivers/io/shift register/shiftreg.o
 .text._ZN8shiftreg8shiftoutEv
                0x00000000        0xc drivers/io/shift register/shiftreg.o
 .text._ZN8shiftreg10shiftout32Em
                0x00000000       0x98 drivers/io/shift register/shiftreg.o
 .text._ZN8shiftreg10shiftout64Ey
                0x00000000       0xbe drivers/io/shift register/shiftreg.o
 .text          0x00000000        0x0 drivers/mem/eeprom.o
 .data          0x00000000        0x0 drivers/mem/eeprom.o
 .bss           0x00000000        0x0 drivers/mem/eeprom.o
 .text._ZN6eepromC2Ev
                0x00000000        0x6 drivers/mem/eeprom.o
 .text._ZN6eeprom5writeEc
                0x00000000        0x2 drivers/mem/eeprom.o
 .text._ZN6eeprom5writeEcj
                0x00000000        0x2 drivers/mem/eeprom.o
 .text          0x00000000        0x0 drivers/mem/rom.o
 .data          0x00000000        0x0 drivers/mem/rom.o
 .bss           0x00000000        0x0 drivers/mem/rom.o
 .text._ZN3rom4readEv
                0x00000000       0x20 drivers/mem/rom.o
 .text._ZN3rom4readEi
                0x00000000       0x1c drivers/mem/rom.o
 .text._ZN3rom10setaddressEj
                0x00000000        0x8 drivers/mem/rom.o
 .text._ZN3rom7getaddrEv
                0x00000000        0x8 drivers/mem/rom.o
 .text          0x00000000        0x0 drivers/mem/volatile/ram.o
 .data          0x00000000        0x0 drivers/mem/volatile/ram.o
 .bss           0x00000000        0x0 drivers/mem/volatile/ram.o
 .text._ZN3ram5writeEhc
                0x00000000       0x64 drivers/mem/volatile/ram.o
 .text._ZN3ram5writeEyc
                0x00000000       0x5e drivers/mem/volatile/ram.o
 .text          0x00000000        0x0 drivers/mem/volatile/Vram.o
 .data          0x00000000        0x0 drivers/mem/volatile/Vram.o
 .bss           0x00000000        0x0 drivers/mem/volatile/Vram.o
 .text._ZN4Vram9writeDataEjc
                0x00000000       0x3e drivers/mem/volatile/Vram.o
 .text._ZN4Vram9writeDataEjPcj
                0x00000000       0x6a drivers/mem/volatile/Vram.o
 .text._ZN4Vram9cleardataEv
                0x00000000        0x2 drivers/mem/volatile/Vram.o
 .text._ZN4Vram16writeInstructionEv
                0x00000000        0x2 drivers/mem/volatile/Vram.o
 .text._ZN4Vram15writecustomcharEPh
                0x00000000       0x3a drivers/mem/volatile/Vram.o
 .text          0x00000000        0x0 main.o
 .data          0x00000000        0x0 main.o
 .bss           0x00000000        0x0 main.o
 .text._Z10runprogramv
                0x00000000        0xa main.o
 .text._Z11storememoryyc
                0x00000000      0x1a0 main.o
 .text._Z22loadmainprogramfromromcb
                0x00000000       0x94 main.o
 .text._Z12readKeyboardPci
                0x00000000        0x2 main.o
 .text          0x00000000        0x0 c:/program files (x86)/atmel/studio/7.0/toolchain/avr8/avr8-gnu-toolchain/bin/../lib/gcc/avr/5.4.0/avr5\libgcc.a(_udivmodqi4.o)
 .data          0x00000000        0x0 c:/program files (x86)/atmel/studio/7.0/toolchain/avr8/avr8-gnu-toolchain/bin/../lib/gcc/avr/5.4.0/avr5\libgcc.a(_udivmodqi4.o)
 .bss           0x00000000        0x0 c:/program files (x86)/atmel/studio/7.0/toolchain/avr8/avr8-gnu-toolchain/bin/../lib/gcc/avr/5.4.0/avr5\libgcc.a(_udivmodqi4.o)
 .text.libgcc.mul
                0x00000000        0x0 c:/program files (x86)/atmel/studio/7.0/toolchain/avr8/avr8-gnu-toolchain/bin/../lib/gcc/avr/5.4.0/avr5\libgcc.a(_udivmodqi4.o)
 .text.libgcc   0x00000000        0x0 c:/program files (x86)/atmel/studio/7.0/toolchain/avr8/avr8-gnu-toolchain/bin/../lib/gcc/avr/5.4.0/avr5\libgcc.a(_udivmodqi4.o)
 .text.libgcc.prologue
                0x00000000        0x0 c:/program files (x86)/atmel/studio/7.0/toolchain/avr8/avr8-gnu-toolchain/bin/../lib/gcc/avr/5.4.0/avr5\libgcc.a(_udivmodqi4.o)
 .text.libgcc.builtins
                0x00000000        0x0 c:/program files (x86)/atmel/studio/7.0/toolchain/avr8/avr8-gnu-toolchain/bin/../lib/gcc/avr/5.4.0/avr5\libgcc.a(_udivmodqi4.o)
 .text.libgcc.fmul
                0x00000000        0x0 c:/program files (x86)/atmel/studio/7.0/toolchain/avr8/avr8-gnu-toolchain/bin/../lib/gcc/avr/5.4.0/avr5\libgcc.a(_udivmodqi4.o)
 .text.libgcc.fixed
                0x00000000        0x0 c:/program files (x86)/atmel/studio/7.0/toolchain/avr8/avr8-gnu-toolchain/bin/../lib/gcc/avr/5.4.0/avr5\libgcc.a(_udivmodqi4.o)
 .text          0x00000000        0x0 c:/program files (x86)/atmel/studio/7.0/toolchain/avr8/avr8-gnu-toolchain/bin/../lib/gcc/avr/5.4.0/avr5\libgcc.a(_exit.o)
 .data          0x00000000        0x0 c:/program files (x86)/atmel/studio/7.0/toolchain/avr8/avr8-gnu-toolchain/bin/../lib/gcc/avr/5.4.0/avr5\libgcc.a(_exit.o)
 .bss           0x00000000        0x0 c:/program files (x86)/atmel/studio/7.0/toolchain/avr8/avr8-gnu-toolchain/bin/../lib/gcc/avr/5.4.0/avr5\libgcc.a(_exit.o)
 .text.libgcc.mul
                0x00000000        0x0 c:/program files (x86)/atmel/studio/7.0/toolchain/avr8/avr8-gnu-toolchain/bin/../lib/gcc/avr/5.4.0/avr5\libgcc.a(_exit.o)
 .text.libgcc.div
                0x00000000        0x0 c:/program files (x86)/atmel/studio/7.0/toolchain/avr8/avr8-gnu-toolchain/bin/../lib/gcc/avr/5.4.0/avr5\libgcc.a(_exit.o)
 .text.libgcc   0x00000000        0x0 c:/program files (x86)/atmel/studio/7.0/toolchain/avr8/avr8-gnu-toolchain/bin/../lib/gcc/avr/5.4.0/avr5\libgcc.a(_exit.o)
 .text.libgcc.prologue
                0x00000000        0x0 c:/program files (x86)/atmel/studio/7.0/toolchain/avr8/avr8-gnu-toolchain/bin/../lib/gcc/avr/5.4.0/avr5\libgcc.a(_exit.o)
 .text.libgcc.builtins
                0x00000000        0x0 c:/program files (x86)/atmel/studio/7.0/toolchain/avr8/avr8-gnu-toolchain/bin/../lib/gcc/avr/5.4.0/avr5\libgcc.a(_exit.o)
 .text.libgcc.fmul
                0x00000000        0x0 c:/program files (x86)/atmel/studio/7.0/toolchain/avr8/avr8-gnu-toolchain/bin/../lib/gcc/avr/5.4.0/avr5\libgcc.a(_exit.o)
 .text.libgcc.fixed
                0x00000000        0x0 c:/program files (x86)/atmel/studio/7.0/toolchain/avr8/avr8-gnu-toolchain/bin/../lib/gcc/avr/5.4.0/avr5\libgcc.a(_exit.o)
 .text          0x00000000        0x0 c:/program files (x86)/atmel/studio/7.0/toolchain/avr8/avr8-gnu-toolchain/bin/../lib/gcc/avr/5.4.0/avr5\libgcc.a(_copy_data.o)
 .data          0x00000000        0x0 c:/program files (x86)/atmel/studio/7.0/toolchain/avr8/avr8-gnu-toolchain/bin/../lib/gcc/avr/5.4.0/avr5\libgcc.a(_copy_data.o)
 .bss           0x00000000        0x0 c:/program files (x86)/atmel/studio/7.0/toolchain/avr8/avr8-gnu-toolchain/bin/../lib/gcc/avr/5.4.0/avr5\libgcc.a(_copy_data.o)
 .text.libgcc.mul
                0x00000000        0x0 c:/program files (x86)/atmel/studio/7.0/toolchain/avr8/avr8-gnu-toolchain/bin/../lib/gcc/avr/5.4.0/avr5\libgcc.a(_copy_data.o)
 .text.libgcc.div
                0x00000000        0x0 c:/program files (x86)/atmel/studio/7.0/toolchain/avr8/avr8-gnu-toolchain/bin/../lib/gcc/avr/5.4.0/avr5\libgcc.a(_copy_data.o)
 .text.libgcc   0x00000000        0x0 c:/program files (x86)/atmel/studio/7.0/toolchain/avr8/avr8-gnu-toolchain/bin/../lib/gcc/avr/5.4.0/avr5\libgcc.a(_copy_data.o)
 .text.libgcc.prologue
                0x00000000        0x0 c:/program files (x86)/atmel/studio/7.0/toolchain/avr8/avr8-gnu-toolchain/bin/../lib/gcc/avr/5.4.0/avr5\libgcc.a(_copy_data.o)
 .text.libgcc.builtins
                0x00000000        0x0 c:/program files (x86)/atmel/studio/7.0/toolchain/avr8/avr8-gnu-toolchain/bin/../lib/gcc/avr/5.4.0/avr5\libgcc.a(_copy_data.o)
 .text.libgcc.fmul
                0x00000000        0x0 c:/program files (x86)/atmel/studio/7.0/toolchain/avr8/avr8-gnu-toolchain/bin/../lib/gcc/avr/5.4.0/avr5\libgcc.a(_copy_data.o)
 .text.libgcc.fixed
                0x00000000        0x0 c:/program files (x86)/atmel/studio/7.0/toolchain/avr8/avr8-gnu-toolchain/bin/../lib/gcc/avr/5.4.0/avr5\libgcc.a(_copy_data.o)
 .text          0x00000000        0x0 c:/program files (x86)/atmel/studio/7.0/toolchain/avr8/avr8-gnu-toolchain/bin/../lib/gcc/avr/5.4.0/avr5\libgcc.a(_clear_bss.o)
 .data          0x00000000        0x0 c:/program files (x86)/atmel/studio/7.0/toolchain/avr8/avr8-gnu-toolchain/bin/../lib/gcc/avr/5.4.0/avr5\libgcc.a(_clear_bss.o)
 .bss           0x00000000        0x0 c:/program files (x86)/atmel/studio/7.0/toolchain/avr8/avr8-gnu-toolchain/bin/../lib/gcc/avr/5.4.0/avr5\libgcc.a(_clear_bss.o)
 .text.libgcc.mul
                0x00000000        0x0 c:/program files (x86)/atmel/studio/7.0/toolchain/avr8/avr8-gnu-toolchain/bin/../lib/gcc/avr/5.4.0/avr5\libgcc.a(_clear_bss.o)
 .text.libgcc.div
                0x00000000        0x0 c:/program files (x86)/atmel/studio/7.0/toolchain/avr8/avr8-gnu-toolchain/bin/../lib/gcc/avr/5.4.0/avr5\libgcc.a(_clear_bss.o)
 .text.libgcc   0x00000000        0x0 c:/program files (x86)/atmel/studio/7.0/toolchain/avr8/avr8-gnu-toolchain/bin/../lib/gcc/avr/5.4.0/avr5\libgcc.a(_clear_bss.o)
 .text.libgcc.prologue
                0x00000000        0x0 c:/program files (x86)/atmel/studio/7.0/toolchain/avr8/avr8-gnu-toolchain/bin/../lib/gcc/avr/5.4.0/avr5\libgcc.a(_clear_bss.o)
 .text.libgcc.builtins
                0x00000000        0x0 c:/program files (x86)/atmel/studio/7.0/toolchain/avr8/avr8-gnu-toolchain/bin/../lib/gcc/avr/5.4.0/avr5\libgcc.a(_clear_bss.o)
 .text.libgcc.fmul
                0x00000000        0x0 c:/program files (x86)/atmel/studio/7.0/toolchain/avr8/avr8-gnu-toolchain/bin/../lib/gcc/avr/5.4.0/avr5\libgcc.a(_clear_bss.o)
 .text.libgcc.fixed
                0x00000000        0x0 c:/program files (x86)/atmel/studio/7.0/toolchain/avr8/avr8-gnu-toolchain/bin/../lib/gcc/avr/5.4.0/avr5\libgcc.a(_clear_bss.o)
 .text          0x00000000        0x0 c:/program files (x86)/atmel/studio/7.0/toolchain/avr8/avr8-gnu-toolchain/bin/../lib/gcc/avr/5.4.0/avr5\libgcc.a(_ctors.o)
 .data          0x00000000        0x0 c:/program files (x86)/atmel/studio/7.0/toolchain/avr8/avr8-gnu-toolchain/bin/../lib/gcc/avr/5.4.0/avr5\libgcc.a(_ctors.o)
 .bss           0x00000000        0x0 c:/program files (x86)/atmel/studio/7.0/toolchain/avr8/avr8-gnu-toolchain/bin/../lib/gcc/avr/5.4.0/avr5\libgcc.a(_ctors.o)
 .text.libgcc.mul
                0x00000000        0x0 c:/program files (x86)/atmel/studio/7.0/toolchain/avr8/avr8-gnu-toolchain/bin/../lib/gcc/avr/5.4.0/avr5\libgcc.a(_ctors.o)
 .text.libgcc.div
                0x00000000        0x0 c:/program files (x86)/atmel/studio/7.0/toolchain/avr8/avr8-gnu-toolchain/bin/../lib/gcc/avr/5.4.0/avr5\libgcc.a(_ctors.o)
 .text.libgcc   0x00000000        0x0 c:/program files (x86)/atmel/studio/7.0/toolchain/avr8/avr8-gnu-toolchain/bin/../lib/gcc/avr/5.4.0/avr5\libgcc.a(_ctors.o)
 .text.libgcc.prologue
                0x00000000        0x0 c:/program files (x86)/atmel/studio/7.0/toolchain/avr8/avr8-gnu-toolchain/bin/../lib/gcc/avr/5.4.0/avr5\libgcc.a(_ctors.o)
 .text.libgcc.builtins
                0x00000000        0x0 c:/program files (x86)/atmel/studio/7.0/toolchain/avr8/avr8-gnu-toolchain/bin/../lib/gcc/avr/5.4.0/avr5\libgcc.a(_ctors.o)
 .text.libgcc.fmul
                0x00000000        0x0 c:/program files (x86)/atmel/studio/7.0/toolchain/avr8/avr8-gnu-toolchain/bin/../lib/gcc/avr/5.4.0/avr5\libgcc.a(_ctors.o)
 .text.libgcc.fixed
                0x00000000        0x0 c:/program files (x86)/atmel/studio/7.0/toolchain/avr8/avr8-gnu-toolchain/bin/../lib/gcc/avr/5.4.0/avr5\libgcc.a(_ctors.o)
 .text          0x00000000        0x0 c:/program files (x86)/atmel/studio/7.0/toolchain/avr8/avr8-gnu-toolchain/bin/../lib/gcc/avr/5.4.0/avr5\libgcc.a(_dtors.o)
 .data          0x00000000        0x0 c:/program files (x86)/atmel/studio/7.0/toolchain/avr8/avr8-gnu-toolchain/bin/../lib/gcc/avr/5.4.0/avr5\libgcc.a(_dtors.o)
 .bss           0x00000000        0x0 c:/program files (x86)/atmel/studio/7.0/toolchain/avr8/avr8-gnu-toolchain/bin/../lib/gcc/avr/5.4.0/avr5\libgcc.a(_dtors.o)
 .text.libgcc.mul
                0x00000000        0x0 c:/program files (x86)/atmel/studio/7.0/toolchain/avr8/avr8-gnu-toolchain/bin/../lib/gcc/avr/5.4.0/avr5\libgcc.a(_dtors.o)
 .text.libgcc.div
                0x00000000        0x0 c:/program files (x86)/atmel/studio/7.0/toolchain/avr8/avr8-gnu-toolchain/bin/../lib/gcc/avr/5.4.0/avr5\libgcc.a(_dtors.o)
 .text.libgcc   0x00000000        0x0 c:/program files (x86)/atmel/studio/7.0/toolchain/avr8/avr8-gnu-toolchain/bin/../lib/gcc/avr/5.4.0/avr5\libgcc.a(_dtors.o)
 .text.libgcc.prologue
                0x00000000        0x0 c:/program files (x86)/atmel/studio/7.0/toolchain/avr8/avr8-gnu-toolchain/bin/../lib/gcc/avr/5.4.0/avr5\libgcc.a(_dtors.o)
 .text.libgcc.builtins
                0x00000000        0x0 c:/program files (x86)/atmel/studio/7.0/toolchain/avr8/avr8-gnu-toolchain/bin/../lib/gcc/avr/5.4.0/avr5\libgcc.a(_dtors.o)
 .text.libgcc.fmul
                0x00000000        0x0 c:/program files (x86)/atmel/studio/7.0/toolchain/avr8/avr8-gnu-toolchain/bin/../lib/gcc/avr/5.4.0/avr5\libgcc.a(_dtors.o)
 .text.libgcc.fixed
                0x00000000        0x0 c:/program files (x86)/atmel/studio/7.0/toolchain/avr8/avr8-gnu-toolchain/bin/../lib/gcc/avr/5.4.0/avr5\libgcc.a(_dtors.o)
 .text          0x00000000        0x0 c:/program files (x86)/atmel/studio/7.0/toolchain/avr8/avr8-gnu-toolchain/bin/../lib/gcc/avr/5.4.0/avr5\libgcc.a(_ashrdi3.o)
 .data          0x00000000        0x0 c:/program files (x86)/atmel/studio/7.0/toolchain/avr8/avr8-gnu-toolchain/bin/../lib/gcc/avr/5.4.0/avr5\libgcc.a(_ashrdi3.o)
 .bss           0x00000000        0x0 c:/program files (x86)/atmel/studio/7.0/toolchain/avr8/avr8-gnu-toolchain/bin/../lib/gcc/avr/5.4.0/avr5\libgcc.a(_ashrdi3.o)
 .text.libgcc.mul
                0x00000000        0x0 c:/program files (x86)/atmel/studio/7.0/toolchain/avr8/avr8-gnu-toolchain/bin/../lib/gcc/avr/5.4.0/avr5\libgcc.a(_ashrdi3.o)
 .text.libgcc.div
                0x00000000        0x0 c:/program files (x86)/atmel/studio/7.0/toolchain/avr8/avr8-gnu-toolchain/bin/../lib/gcc/avr/5.4.0/avr5\libgcc.a(_ashrdi3.o)
 .text.libgcc   0x00000000        0x0 c:/program files (x86)/atmel/studio/7.0/toolchain/avr8/avr8-gnu-toolchain/bin/../lib/gcc/avr/5.4.0/avr5\libgcc.a(_ashrdi3.o)
 .text.libgcc.prologue
                0x00000000        0x0 c:/program files (x86)/atmel/studio/7.0/toolchain/avr8/avr8-gnu-toolchain/bin/../lib/gcc/avr/5.4.0/avr5\libgcc.a(_ashrdi3.o)
 .text.libgcc.builtins
                0x00000000       0x3c c:/program files (x86)/atmel/studio/7.0/toolchain/avr8/avr8-gnu-toolchain/bin/../lib/gcc/avr/5.4.0/avr5\libgcc.a(_ashrdi3.o)
 .text.libgcc.fmul
                0x00000000        0x0 c:/program files (x86)/atmel/studio/7.0/toolchain/avr8/avr8-gnu-toolchain/bin/../lib/gcc/avr/5.4.0/avr5\libgcc.a(_ashrdi3.o)
 .text.libgcc.fixed
                0x00000000        0x0 c:/program files (x86)/atmel/studio/7.0/toolchain/avr8/avr8-gnu-toolchain/bin/../lib/gcc/avr/5.4.0/avr5\libgcc.a(_ashrdi3.o)
 .text          0x00000000        0x0 c:/program files (x86)/atmel/studio/7.0/toolchain/avr8/avr8-gnu-toolchain/bin/../lib/gcc/avr/5.4.0/avr5\libgcc.a(_cmpdi2_s8.o)
 .data          0x00000000        0x0 c:/program files (x86)/atmel/studio/7.0/toolchain/avr8/avr8-gnu-toolchain/bin/../lib/gcc/avr/5.4.0/avr5\libgcc.a(_cmpdi2_s8.o)
 .bss           0x00000000        0x0 c:/program files (x86)/atmel/studio/7.0/toolchain/avr8/avr8-gnu-toolchain/bin/../lib/gcc/avr/5.4.0/avr5\libgcc.a(_cmpdi2_s8.o)
 .text.libgcc.mul
                0x00000000        0x0 c:/program files (x86)/atmel/studio/7.0/toolchain/avr8/avr8-gnu-toolchain/bin/../lib/gcc/avr/5.4.0/avr5\libgcc.a(_cmpdi2_s8.o)
 .text.libgcc.div
                0x00000000        0x0 c:/program files (x86)/atmel/studio/7.0/toolchain/avr8/avr8-gnu-toolchain/bin/../lib/gcc/avr/5.4.0/avr5\libgcc.a(_cmpdi2_s8.o)
 .text.libgcc   0x00000000       0x18 c:/program files (x86)/atmel/studio/7.0/toolchain/avr8/avr8-gnu-toolchain/bin/../lib/gcc/avr/5.4.0/avr5\libgcc.a(_cmpdi2_s8.o)
 .text.libgcc.prologue
                0x00000000        0x0 c:/program files (x86)/atmel/studio/7.0/toolchain/avr8/avr8-gnu-toolchain/bin/../lib/gcc/avr/5.4.0/avr5\libgcc.a(_cmpdi2_s8.o)
 .text.libgcc.builtins
                0x00000000        0x0 c:/program files (x86)/atmel/studio/7.0/toolchain/avr8/avr8-gnu-toolchain/bin/../lib/gcc/avr/5.4.0/avr5\libgcc.a(_cmpdi2_s8.o)
 .text.libgcc.fmul
                0x00000000        0x0 c:/program files (x86)/atmel/studio/7.0/toolchain/avr8/avr8-gnu-toolchain/bin/../lib/gcc/avr/5.4.0/avr5\libgcc.a(_cmpdi2_s8.o)
 .text.libgcc.fixed
                0x00000000        0x0 c:/program files (x86)/atmel/studio/7.0/toolchain/avr8/avr8-gnu-toolchain/bin/../lib/gcc/avr/5.4.0/avr5\libgcc.a(_cmpdi2_s8.o)
 .text          0x00000000        0x0 c:/program files (x86)/atmel/studio/7.0/toolchain/avr8/avr8-gnu-toolchain/bin/../lib/gcc/avr/5.4.0/avr5\libgcc.a(_tablejump2.o)
 .data          0x00000000        0x0 c:/program files (x86)/atmel/studio/7.0/toolchain/avr8/avr8-gnu-toolchain/bin/../lib/gcc/avr/5.4.0/avr5\libgcc.a(_tablejump2.o)
 .bss           0x00000000        0x0 c:/program files (x86)/atmel/studio/7.0/toolchain/avr8/avr8-gnu-toolchain/bin/../lib/gcc/avr/5.4.0/avr5\libgcc.a(_tablejump2.o)
 .text.libgcc.mul
                0x00000000        0x0 c:/program files (x86)/atmel/studio/7.0/toolchain/avr8/avr8-gnu-toolchain/bin/../lib/gcc/avr/5.4.0/avr5\libgcc.a(_tablejump2.o)
 .text.libgcc.div
                0x00000000        0x0 c:/program files (x86)/atmel/studio/7.0/toolchain/avr8/avr8-gnu-toolchain/bin/../lib/gcc/avr/5.4.0/avr5\libgcc.a(_tablejump2.o)
 .text.libgcc.prologue
                0x00000000        0x0 c:/program files (x86)/atmel/studio/7.0/toolchain/avr8/avr8-gnu-toolchain/bin/../lib/gcc/avr/5.4.0/avr5\libgcc.a(_tablejump2.o)
 .text.libgcc.builtins
                0x00000000        0x0 c:/program files (x86)/atmel/studio/7.0/toolchain/avr8/avr8-gnu-toolchain/bin/../lib/gcc/avr/5.4.0/avr5\libgcc.a(_tablejump2.o)
 .text.libgcc.fmul
                0x00000000        0x0 c:/program files (x86)/atmel/studio/7.0/toolchain/avr8/avr8-gnu-toolchain/bin/../lib/gcc/avr/5.4.0/avr5\libgcc.a(_tablejump2.o)
 .text.libgcc.fixed
                0x00000000        0x0 c:/program files (x86)/atmel/studio/7.0/toolchain/avr8/avr8-gnu-toolchain/bin/../lib/gcc/avr/5.4.0/avr5\libgcc.a(_tablejump2.o)
 .text          0x00000000        0x0 c:/program files (x86)/atmel/studio/7.0/toolchain/avr8/avr8-gnu-toolchain/bin/../lib/gcc/avr/5.4.0/../../../../avr/lib/avr5\libc.a(malloc.o)
 .bss           0x00000000        0x0 c:/program files (x86)/atmel/studio/7.0/toolchain/avr8/avr8-gnu-toolchain/bin/../lib/gcc/avr/5.4.0/../../../../avr/lib/avr5\libc.a(malloc.o)
 .text          0x00000000        0x0 c:/program files (x86)/atmel/studio/7.0/toolchain/avr8/avr8-gnu-toolchain/bin/../lib/gcc/avr/5.4.0/../../../../avr/lib/avr5\libc.a(strcasecmp_P.o)
 .data          0x00000000        0x0 c:/program files (x86)/atmel/studio/7.0/toolchain/avr8/avr8-gnu-toolchain/bin/../lib/gcc/avr/5.4.0/../../../../avr/lib/avr5\libc.a(strcasecmp_P.o)
 .bss           0x00000000        0x0 c:/program files (x86)/atmel/studio/7.0/toolchain/avr8/avr8-gnu-toolchain/bin/../lib/gcc/avr/5.4.0/../../../../avr/lib/avr5\libc.a(strcasecmp_P.o)

Memory Configuration

Name             Origin             Length             Attributes
text             0x00000000         0x00020000         xr
data             0x00800060         0x0000ffa0         rw !x
eeprom           0x00810000         0x00010000         rw !x
fuse             0x00820000         0x00000003         rw !x
lock             0x00830000         0x00000400         rw !x
signature        0x00840000         0x00000400         rw !x
user_signatures  0x00850000         0x00000400         rw !x
*default*        0x00000000         0xffffffff

Linker script and memory map

Address of section .data set to 0x800100
LOAD C:/Program Files (x86)/Atmel/Studio/7.0/Packs/atmel/ATmega_DFP/1.3.300/gcc/dev/atmega644pa/avr5/crtatmega644pa.o
LOAD cpu/communication/Serial.o
LOAD cpu/interpreter/interpreter.o
LOAD cpu/interrupts/interrupts.o
LOAD drivers/io/GPU/GPU.o
LOAD drivers/io/keyboard/keyboard.o
LOAD drivers/io/lcd/lcd.o
LOAD drivers/io/port controller/portcontroller.o
LOAD drivers/io/shift register/shiftreg.o
LOAD drivers/mem/eeprom.o
LOAD drivers/mem/rom.o
LOAD drivers/mem/volatile/ram.o
LOAD drivers/mem/volatile/Vram.o
LOAD main.o
START GROUP
LOAD c:/program files (x86)/atmel/studio/7.0/toolchain/avr8/avr8-gnu-toolchain/bin/../lib/gcc/avr/5.4.0/../../../../avr/lib/avr5\libm.a
END GROUP
LOAD c:/program files (x86)/atmel/studio/7.0/toolchain/avr8/avr8-gnu-toolchain/bin/../lib/gcc/avr/5.4.0/avr5\libgcc.a
LOAD c:/program files (x86)/atmel/studio/7.0/toolchain/avr8/avr8-gnu-toolchain/bin/../lib/gcc/avr/5.4.0/../../../../avr/lib/avr5\libm.a
START GROUP
LOAD c:/program files (x86)/atmel/studio/7.0/toolchain/avr8/avr8-gnu-toolchain/bin/../lib/gcc/avr/5.4.0/avr5\libgcc.a
LOAD c:/program files (x86)/atmel/studio/7.0/toolchain/avr8/avr8-gnu-toolchain/bin/../lib/gcc/avr/5.4.0/../../../../avr/lib/avr5\libm.a
LOAD c:/program files (x86)/atmel/studio/7.0/toolchain/avr8/avr8-gnu-toolchain/bin/../lib/gcc/avr/5.4.0/../../../../avr/lib/avr5\libc.a
LOAD C:/Program Files (x86)/Atmel/Studio/7.0/Packs/atmel/ATmega_DFP/1.3.300/gcc/dev/atmega644pa/avr5\libatmega644pa.a
END GROUP
                0x00000000                __TEXT_REGION_ORIGIN__ = DEFINED (__TEXT_REGION_ORIGIN__)?__TEXT_REGION_ORIGIN__:0x0
                0x00800060                __DATA_REGION_ORIGIN__ = DEFINED (__DATA_REGION_ORIGIN__)?__DATA_REGION_ORIGIN__:0x800060
                0x00020000                __TEXT_REGION_LENGTH__ = DEFINED (__TEXT_REGION_LENGTH__)?__TEXT_REGION_LENGTH__:0x20000
                0x0000ffa0                __DATA_REGION_LENGTH__ = DEFINED (__DATA_REGION_LENGTH__)?__DATA_REGION_LENGTH__:0xffa0
                0x00010000                __EEPROM_REGION_LENGTH__ = DEFINED (__EEPROM_REGION_LENGTH__)?__EEPROM_REGION_LENGTH__:0x10000
                [0x00000003]                __FUSE_REGION_LENGTH__ = DEFINED (__FUSE_REGION_LENGTH__)?__FUSE_REGION_LENGTH__:0x400
                0x00000400                __LOCK_REGION_LENGTH__ = DEFINED (__LOCK_REGION_LENGTH__)?__LOCK_REGION_LENGTH__:0x400
                0x00000400                __SIGNATURE_REGION_LENGTH__ = DEFINED (__SIGNATURE_REGION_LENGTH__)?__SIGNATURE_REGION_LENGTH__:0x400
                0x00000400                __USER_SIGNATURE_REGION_LENGTH__ = DEFINED (__USER_SIGNATURE_REGION_LENGTH__)?__USER_SIGNATURE_REGION_LENGTH__:0x400

.hash
 *(.hash)

.dynsym
 *(.dynsym)

.dynstr
 *(.dynstr)

.gnu.version
 *(.gnu.version)

.gnu.version_d
 *(.gnu.version_d)

.gnu.version_r
 *(.gnu.version_r)

.rel.init
 *(.rel.init)

.rela.init
 *(.rela.init)

.rel.text
 *(.rel.text)
 *(.rel.text.*)
 *(.rel.gnu.linkonce.t*)

.rela.text
 *(.rela.text)
 *(.rela.text.*)
 *(.rela.gnu.linkonce.t*)

.rel.fini
 *(.rel.fini)

.rela.fini
 *(.rela.fini)

.rel.rodata
 *(.rel.rodata)
 *(.rel.rodata.*)
 *(.rel.gnu.linkonce.r*)

.rela.rodata
 *(.rela.rodata)
 *(.rela.rodata.*)
 *(.rela.gnu.linkonce.r*)

.rel.data
 *(.rel.data)
 *(.rel.data.*)
 *(.rel.gnu.linkonce.d*)

.rela.data
 *(.rela.data)
 *(.rela.data.*)
 *(.rela.gnu.linkonce.d*)

.rel.ctors
 *(.rel.ctors)

.rela.ctors
 *(.rela.ctors)

.rel.dtors
 *(.rel.dtors)

.rela.dtors
 *(.rela.dtors)

.rel.got
 *(.rel.got)

.rela.got
 *(.rela.got)

.rel.bss
 *(.rel.bss)

.rela.bss
 *(.rela.bss)

.rel.plt
 *(.rel.plt)

.rela.plt
 *(.rela.plt)

.text           0x00000000     0x22a8
 *(.vectors)
 .vectors       0x00000000       0x7c C:/Program Files (x86)/Atmel/Studio/7.0/Packs/atmel/ATmega_DFP/1.3.300/gcc/dev/atmega644pa/avr5/crtatmega644pa.o
                0x00000000                __vector_default
                0x00000000                __vectors
 *(.vectors)
 *(.progmem.gcc*)
                0x0000007c                . = ALIGN (0x2)
                0x0000007c                __trampolines_start = .
 *(.trampolines)
 .trampolines   0x0000007c        0x0 linker stubs
 *(.trampolines*)
                0x0000007c                __trampolines_end = .
 *libprintf_flt.a:*(.progmem.data)
 *libc.a:*(.progmem.data)
 *(.progmem*)
                0x0000007c                . = ALIGN (0x2)
 *(.jumptables)
 *(.jumptables*)
 *(.lowtext)
 *(.lowtext*)
                0x0000007c                __ctors_start = .
 *(.ctors)
 .ctors         0x0000007c        0x2 main.o
                0x0000007e                __ctors_end = .
                0x0000007e                __dtors_start = .
 *(.dtors)
 .dtors         0x0000007e        0x2 main.o
                0x00000080                __dtors_end = .
 SORT(*)(.ctors)
 SORT(*)(.dtors)
 *(.init0)
 .init0         0x00000080        0x0 C:/Program Files (x86)/Atmel/Studio/7.0/Packs/atmel/ATmega_DFP/1.3.300/gcc/dev/atmega644pa/avr5/crtatmega644pa.o
                0x00000080                __init
 *(.init0)
 *(.init1)
 *(.init1)
 *(.init2)
 .init2         0x00000080        0xc C:/Program Files (x86)/Atmel/Studio/7.0/Packs/atmel/ATmega_DFP/1.3.300/gcc/dev/atmega644pa/avr5/crtatmega644pa.o
 *(.init2)
 *(.init3)
 *(.init3)
 *(.init4)
 .init4         0x0000008c       0x16 c:/program files (x86)/atmel/studio/7.0/toolchain/avr8/avr8-gnu-toolchain/bin/../lib/gcc/avr/5.4.0/avr5\libgcc.a(_copy_data.o)
                0x0000008c                __do_copy_data
 .init4         0x000000a2       0x10 c:/program files (x86)/atmel/studio/7.0/toolchain/avr8/avr8-gnu-toolchain/bin/../lib/gcc/avr/5.4.0/avr5\libgcc.a(_clear_bss.o)
                0x000000a2                __do_clear_bss
 *(.init4)
 *(.init5)
 *(.init5)
 *(.init6)
 .init6         0x000000b2       0x16 c:/program files (x86)/atmel/studio/7.0/toolchain/avr8/avr8-gnu-toolchain/bin/../lib/gcc/avr/5.4.0/avr5\libgcc.a(_ctors.o)
                0x000000b2                __do_global_ctors
 *(.init6)
 *(.init7)
 *(.init7)
 *(.init8)
 *(.init8)
 *(.init9)
 .init9         0x000000c8        0x8 C:/Program Files (x86)/Atmel/Studio/7.0/Packs/atmel/ATmega_DFP/1.3.300/gcc/dev/atmega644pa/avr5/crtatmega644pa.o
 *(.init9)
 *(.text)
 .text          0x000000d0        0x4 C:/Program Files (x86)/Atmel/Studio/7.0/Packs/atmel/ATmega_DFP/1.3.300/gcc/dev/atmega644pa/avr5/crtatmega644pa.o
                0x000000d0                __vector_22
                0x000000d0                __vector_28
                0x000000d0                __vector_1
                0x000000d0                __vector_24
                0x000000d0                __vector_12
                0x000000d0                __bad_interrupt
                0x000000d0                __vector_6
                0x000000d0                __vector_3
                0x000000d0                __vector_23
                0x000000d0                __vector_30
                0x000000d0                __vector_25
                0x000000d0                __vector_11
                0x000000d0                __vector_13
                0x000000d0                __vector_17
                0x000000d0                __vector_19
                0x000000d0                __vector_7
                0x000000d0                __vector_27
                0x000000d0                __vector_5
                0x000000d0                __vector_4
                0x000000d0                __vector_9
                0x000000d0                __vector_2
                0x000000d0                __vector_21
                0x000000d0                __vector_15
                0x000000d0                __vector_29
                0x000000d0                __vector_8
                0x000000d0                __vector_26
                0x000000d0                __vector_14
                0x000000d0                __vector_10
                0x000000d0                __vector_16
                0x000000d0                __vector_18
                0x000000d0                __vector_20
                0x000000d4                . = ALIGN (0x2)
 *(.text.*)
 .text._ZN6SerialC2EP8shiftregP14portcontrollerccc
                0x000000d4       0x1a cpu/communication/Serial.o
                0x000000d4                _ZN6SerialC1EP8shiftregP14portcontrollerccc
                0x000000d4                _ZN6SerialC2EP8shiftregP14portcontrollerccc
 .text._ZN6SerialD2Ev
                0x000000ee        0x2 cpu/communication/Serial.o
                0x000000ee                _ZN6SerialD1Ev
                0x000000ee                _ZN6SerialD2Ev
 .text._ZN11interpreterC2Ev
                0x000000f0       0x8c cpu/interpreter/interpreter.o
                0x000000f0                _ZN11interpreterC1Ev
                0x000000f0                _ZN11interpreterC2Ev
 .text._ZN11interpreter3incEj
                0x0000017c       0x2c cpu/interpreter/interpreter.o
                0x0000017c                _ZN11interpreter3incEj
 .text._ZN11interpreter3decEj
                0x000001a8       0x2c cpu/interpreter/interpreter.o
                0x000001a8                _ZN11interpreter3decEj
 .text._ZN11interpreter2ldEcj
                0x000001d4       0x22 cpu/interpreter/interpreter.o
                0x000001d4                _ZN11interpreter2ldEcj
 .text._ZN11interpreter3ldxEc
                0x000001f6       0x22 cpu/interpreter/interpreter.o
                0x000001f6                _ZN11interpreter3ldxEc
 .text._ZN11interpreter3ldyEc
                0x00000218       0x22 cpu/interpreter/interpreter.o
                0x00000218                _ZN11interpreter3ldyEc
 .text._ZN11interpreter3ldzEc
                0x0000023a       0x22 cpu/interpreter/interpreter.o
                0x0000023a                _ZN11interpreter3ldzEc
 .text._ZN11interpreter3stxEc
                0x0000025c       0x38 cpu/interpreter/interpreter.o
                0x0000025c                _ZN11interpreter3stxEc
 .text._ZN11interpreter3styEc
                0x00000294       0x38 cpu/interpreter/interpreter.o
                0x00000294                _ZN11interpreter3styEc
 .text._ZN11interpreter3stzEc
                0x000002cc       0x38 cpu/interpreter/interpreter.o
                0x000002cc                _ZN11interpreter3stzEc
 .text._ZN11interpreter3stdEjc
                0x00000304        0xc cpu/interpreter/interpreter.o
                0x00000304                _ZN11interpreter3stdEjc
 .text._ZN11interpreter3svdEjc
                0x00000310        0xc cpu/interpreter/interpreter.o
                0x00000310                _ZN11interpreter3svdEjc
 .text._ZN11interpreter3svxEc
                0x0000031c       0x2c cpu/interpreter/interpreter.o
                0x0000031c                _ZN11interpreter3svxEc
 .text._ZN11interpreter3svyEc
                0x00000348       0x2c cpu/interpreter/interpreter.o
                0x00000348                _ZN11interpreter3svyEc
 .text._ZN11interpreter3svzEc
                0x00000374       0x2c cpu/interpreter/interpreter.o
                0x00000374                _ZN11interpreter3svzEc
 .text._ZN11interpreter3txsEv
                0x000003a0       0x32 cpu/interpreter/interpreter.o
                0x000003a0                _ZN11interpreter3txsEv
 .text._ZN11interpreter3txyEv
                0x000003d2       0x32 cpu/interpreter/interpreter.o
                0x000003d2                _ZN11interpreter3txyEv
 .text._ZN11interpreter3txzEv
                0x00000404       0x32 cpu/interpreter/interpreter.o
                0x00000404                _ZN11interpreter3txzEv
 .text._ZN11interpreter3tysEv
                0x00000436       0x32 cpu/interpreter/interpreter.o
                0x00000436                _ZN11interpreter3tysEv
 .text._ZN11interpreter3tyxEv
                0x00000468       0x32 cpu/interpreter/interpreter.o
                0x00000468                _ZN11interpreter3tyxEv
 .text._ZN11interpreter3tyzEv
                0x0000049a       0x32 cpu/interpreter/interpreter.o
                0x0000049a                _ZN11interpreter3tyzEv
 .text._ZN11interpreter3tzsEv
                0x000004cc       0x32 cpu/interpreter/interpreter.o
                0x000004cc                _ZN11interpreter3tzsEv
 .text._ZN11interpreter3tzxEv
                0x000004fe       0x32 cpu/interpreter/interpreter.o
                0x000004fe                _ZN11interpreter3tzxEv
 .text._ZN11interpreter3tzyEv
                0x00000530       0x32 cpu/interpreter/interpreter.o
                0x00000530                _ZN11interpreter3tzyEv
 .text._ZN11interpreter3tsxEv
                0x00000562       0x1c cpu/interpreter/interpreter.o
                0x00000562                _ZN11interpreter3tsxEv
 .text._ZN11interpreter3tsyEv
                0x0000057e       0x1c cpu/interpreter/interpreter.o
                0x0000057e                _ZN11interpreter3tsyEv
 .text._ZN11interpreter3tszEv
                0x0000059a       0x1c cpu/interpreter/interpreter.o
                0x0000059a                _ZN11interpreter3tszEv
 .text._ZN11interpreter3cmpEcc
                0x000005b6       0x34 cpu/interpreter/interpreter.o
                0x000005b6                _ZN11interpreter3cmpEcc
 .text._ZN11interpreter3cpiEcc
                0x000005ea       0x34 cpu/interpreter/interpreter.o
                0x000005ea                _ZN11interpreter3cpiEcc
 .text._ZN11interpreter4breqEj
                0x0000061e       0x14 cpu/interpreter/interpreter.o
                0x0000061e                _ZN11interpreter4breqEj
 .text._ZN11interpreter7breqpcfEj
                0x00000632       0x1c cpu/interpreter/interpreter.o
                0x00000632                _ZN11interpreter7breqpcfEj
 .text._ZN11interpreter7breqpcbEj
                0x0000064e       0x1c cpu/interpreter/interpreter.o
                0x0000064e                _ZN11interpreter7breqpcbEj
 .text._ZN11interpreter4brneEj
                0x0000066a       0x3e cpu/interpreter/interpreter.o
                0x0000066a                _ZN11interpreter4brneEj
 .text._ZN11interpreter7brnepcfEj
                0x000006a8       0x46 cpu/interpreter/interpreter.o
                0x000006a8                _ZN11interpreter7brnepcfEj
 .text._ZN11interpreter7brnepcbEj
                0x000006ee       0x46 cpu/interpreter/interpreter.o
                0x000006ee                _ZN11interpreter7brnepcbEj
 .text._ZN11interpreter4brgeEj
                0x00000734       0x2c cpu/interpreter/interpreter.o
                0x00000734                _ZN11interpreter4brgeEj
 .text._ZN11interpreter7brgepcfEj
                0x00000760       0x34 cpu/interpreter/interpreter.o
                0x00000760                _ZN11interpreter7brgepcfEj
 .text._ZN11interpreter7brgepcbEj
                0x00000794       0x34 cpu/interpreter/interpreter.o
                0x00000794                _ZN11interpreter7brgepcbEj
 .text._ZN11interpreter4brleEj
                0x000007c8       0x30 cpu/interpreter/interpreter.o
                0x000007c8                _ZN11interpreter4brleEj
 .text._ZN11interpreter7brlepcfEj
                0x000007f8       0x38 cpu/interpreter/interpreter.o
                0x000007f8                _ZN11interpreter7brlepcfEj
 .text._ZN11interpreter7brlepcbEj
                0x00000830       0x38 cpu/interpreter/interpreter.o
                0x00000830                _ZN11interpreter7brlepcbEj
 .text._ZN11interpreter3brgEj
                0x00000868       0x2c cpu/interpreter/interpreter.o
                0x00000868                _ZN11interpreter3brgEj
 .text._ZN11interpreter6brgpcfEj
                0x00000894       0x34 cpu/interpreter/interpreter.o
                0x00000894                _ZN11interpreter6brgpcfEj
 .text._ZN11interpreter6brgpcbEj
                0x000008c8       0x34 cpu/interpreter/interpreter.o
                0x000008c8                _ZN11interpreter6brgpcbEj
 .text._ZN11interpreter3brlEj
                0x000008fc       0x30 cpu/interpreter/interpreter.o
                0x000008fc                _ZN11interpreter3brlEj
 .text._ZN11interpreter6brlpcfEj
                0x0000092c       0x38 cpu/interpreter/interpreter.o
                0x0000092c                _ZN11interpreter6brlpcfEj
 .text._ZN11interpreter6brlpcbEj
                0x00000964       0x38 cpu/interpreter/interpreter.o
                0x00000964                _ZN11interpreter6brlpcbEj
 .text._ZN11interpreter4pushEc
                0x0000099c       0x30 cpu/interpreter/interpreter.o
                0x0000099c                _ZN11interpreter4pushEc
 .text._ZN11interpreter5pushiEh
                0x000009cc       0x2a cpu/interpreter/interpreter.o
                0x000009cc                _ZN11interpreter5pushiEh
 .text._ZN11interpreter3popEv
                0x000009f6       0x2a cpu/interpreter/interpreter.o
                0x000009f6                _ZN11interpreter3popEv
 .text._ZN11interpreter4callEj
                0x00000a20       0x58 cpu/interpreter/interpreter.o
                0x00000a20                _ZN11interpreter4callEj
 .text._ZN11interpreter3popEc
                0x00000a78       0x40 cpu/interpreter/interpreter.o
                0x00000a78                _ZN11interpreter3popEc
 .text._ZN11interpreter4swapEc
                0x00000ab8        0xe cpu/interpreter/interpreter.o
                0x00000ab8                _ZN11interpreter4swapEc
 .text._ZN11interpreter7syscallEv
                0x00000ac6       0x74 cpu/interpreter/interpreter.o
                0x00000ac6                _ZN11interpreter7syscallEv
 .text._ZN11interpreter3runEv
                0x00000b3a      0xc54 cpu/interpreter/interpreter.o
                0x00000b3a                _ZN11interpreter3runEv
 .text._ZN11interpreterD2Ev
                0x0000178e        0x2 cpu/interpreter/interpreter.o
                0x0000178e                _ZN11interpreterD2Ev
                0x0000178e                _ZN11interpreterD1Ev
 .text._ZN10interruptsC2Ev
                0x00001790        0x2 cpu/interrupts/interrupts.o
                0x00001790                _ZN10interruptsC2Ev
                0x00001790                _ZN10interruptsC1Ev
 .text._ZN10interruptsD2Ev
                0x00001792        0x2 cpu/interrupts/interrupts.o
                0x00001792                _ZN10interruptsD2Ev
                0x00001792                _ZN10interruptsD1Ev
 .text._ZN8keyboardC2Ev
                0x00001794        0xc drivers/io/keyboard/keyboard.o
                0x00001794                _ZN8keyboardC1Ev
                0x00001794                _ZN8keyboardC2Ev
 .text._ZN8keyboardD2Ev
                0x000017a0        0x2 drivers/io/keyboard/keyboard.o
                0x000017a0                _ZN8keyboardD1Ev
                0x000017a0                _ZN8keyboardD2Ev
 .text._ZN14portcontrollerC2Ev
                0x000017a2        0x2 drivers/io/port controller/portcontroller.o
                0x000017a2                _ZN14portcontrollerC1Ev
                0x000017a2                _ZN14portcontrollerC2Ev
 .text._ZN14portcontroller9readportdEv
                0x000017a4        0x4 drivers/io/port controller/portcontroller.o
                0x000017a4                _ZN14portcontroller9readportdEv
 .text._ZN14portcontroller10writeportcEc
                0x000017a8        0x4 drivers/io/port controller/portcontroller.o
                0x000017a8                _ZN14portcontroller10writeportcEc
 .text._ZN14portcontroller9writeddraEc
                0x000017ac        0x4 drivers/io/port controller/portcontroller.o
                0x000017ac                _ZN14portcontroller9writeddraEc
 .text._ZN14portcontroller9writeddrbEc
                0x000017b0        0x4 drivers/io/port controller/portcontroller.o
                0x000017b0                _ZN14portcontroller9writeddrbEc
 .text._ZN14portcontroller9writeddrcEc
                0x000017b4        0x4 drivers/io/port controller/portcontroller.o
                0x000017b4                _ZN14portcontroller9writeddrcEc
 .text._ZN14portcontroller9writeddrdEc
                0x000017b8        0x4 drivers/io/port controller/portcontroller.o
                0x000017b8                _ZN14portcontroller9writeddrdEc
 .text._ZN14portcontroller13digitalwriteaEhb
                0x000017bc       0x80 drivers/io/port controller/portcontroller.o
                0x000017bc                _ZN14portcontroller13digitalwriteaEhb
 .text._ZN14portcontroller12digitalwriteEhb
                0x0000183c       0x4a drivers/io/port controller/portcontroller.o
                0x0000183c                _ZN14portcontroller12digitalwriteEhb
 .text._ZN14portcontrollerD2Ev
                0x00001886        0x2 drivers/io/port controller/portcontroller.o
                0x00001886                _ZN14portcontrollerD1Ev
                0x00001886                _ZN14portcontrollerD2Ev
 .text._ZN8shiftregC2EhhhP14portcontroller
                0x00001888       0x26 drivers/io/shift register/shiftreg.o
                0x00001888                _ZN8shiftregC1EhhhP14portcontroller
                0x00001888                _ZN8shiftregC2EhhhP14portcontroller
 .text._ZN8shiftreg9shiftout8Eh
                0x000018ae       0x86 drivers/io/shift register/shiftreg.o
                0x000018ae                _ZN8shiftreg9shiftout8Eh
 .text._ZN8shiftreg10shiftout16Ej
                0x00001934       0xe0 drivers/io/shift register/shiftreg.o
                0x00001934                _ZN8shiftreg10shiftout16Ej
 .text._ZN8shiftregD2Ev
                0x00001a14        0x2 drivers/io/shift register/shiftreg.o
                0x00001a14                _ZN8shiftregD1Ev
                0x00001a14                _ZN8shiftregD2Ev
 .text._ZN6eepromC2EP14portcontrollerP8shiftreghy
                0x00001a16       0x4e drivers/mem/eeprom.o
                0x00001a16                _ZN6eepromC2EP14portcontrollerP8shiftreghy
                0x00001a16                _ZN6eepromC1EP14portcontrollerP8shiftreghy
 .text._ZN6eepromD2Ev
                0x00001a64        0x6 drivers/mem/eeprom.o
                0x00001a64                _ZN6eepromD1Ev
                0x00001a64                _ZN6eepromD2Ev
 .text._ZN3romC2Ev
                0x00001a6a        0x2 drivers/mem/rom.o
                0x00001a6a                _ZN3romC2Ev
                0x00001a6a                _ZN3romC1Ev
 .text._ZN3romC2EP14portcontrollerP8shiftregy
                0x00001a6c       0x1c drivers/mem/rom.o
                0x00001a6c                _ZN3romC1EP14portcontrollerP8shiftregy
                0x00001a6c                _ZN3romC2EP14portcontrollerP8shiftregy
 .text._ZN3romD2Ev
                0x00001a88        0x2 drivers/mem/rom.o
                0x00001a88                _ZN3romD2Ev
                0x00001a88                _ZN3romD1Ev
 .text._ZN3ramC2EP14portcontrollerP8shiftreghm
                0x00001a8a       0x32 drivers/mem/volatile/ram.o
                0x00001a8a                _ZN3ramC2EP14portcontrollerP8shiftreghm
                0x00001a8a                _ZN3ramC1EP14portcontrollerP8shiftreghm
 .text._ZN3ram4readEi
                0x00001abc       0x1c drivers/mem/volatile/ram.o
                0x00001abc                _ZN3ram4readEi
 .text._ZN3ram5writeEjc
                0x00001ad8       0x58 drivers/mem/volatile/ram.o
                0x00001ad8                _ZN3ram5writeEjc
 .text._ZN3ramD2Ev
                0x00001b30        0x2 drivers/mem/volatile/ram.o
                0x00001b30                _ZN3ramD1Ev
                0x00001b30                _ZN3ramD2Ev
 .text._ZN4VramC2EP14portcontrollerP8shiftreghhy
                0x00001b32       0x4e drivers/mem/volatile/Vram.o
                0x00001b32                _ZN4VramC2EP14portcontrollerP8shiftreghhy
                0x00001b32                _ZN4VramC1EP14portcontrollerP8shiftreghhy
 .text._ZN4VramD2Ev
                0x00001b80        0x6 drivers/mem/volatile/Vram.o
                0x00001b80                _ZN4VramD1Ev
                0x00001b80                _ZN4VramD2Ev
 .text.main     0x00001b86       0x56 main.o
                0x00001b86                main
 .text._GLOBAL__sub_I__Z10runprogramv
                0x00001bdc      0x320 main.o
 .text._GLOBAL__sub_D__Z10runprogramv
                0x00001efc      0x106 main.o
 .text.libgcc.div
                0x00002002       0x18 c:/program files (x86)/atmel/studio/7.0/toolchain/avr8/avr8-gnu-toolchain/bin/../lib/gcc/avr/5.4.0/avr5\libgcc.a(_udivmodqi4.o)
                0x00002002                __udivmodqi4
 .text.libgcc   0x0000201a        0xc c:/program files (x86)/atmel/studio/7.0/toolchain/avr8/avr8-gnu-toolchain/bin/../lib/gcc/avr/5.4.0/avr5\libgcc.a(_tablejump2.o)
                0x0000201a                __tablejump2__
 .text.avr-libc
                0x00002026      0x242 c:/program files (x86)/atmel/studio/7.0/toolchain/avr8/avr8-gnu-toolchain/bin/../lib/gcc/avr/5.4.0/../../../../avr/lib/avr5\libc.a(malloc.o)
                0x00002026                malloc
                0x00002156                free
 .text.avr-libc
                0x00002268       0x26 c:/program files (x86)/atmel/studio/7.0/toolchain/avr8/avr8-gnu-toolchain/bin/../lib/gcc/avr/5.4.0/../../../../avr/lib/avr5\libc.a(strcasecmp_P.o)
                0x00002268                strcasecmp_P
                0x0000228e                . = ALIGN (0x2)
 *(.fini9)
 .fini9         0x0000228e        0x0 c:/program files (x86)/atmel/studio/7.0/toolchain/avr8/avr8-gnu-toolchain/bin/../lib/gcc/avr/5.4.0/avr5\libgcc.a(_exit.o)
                0x0000228e                _exit
                0x0000228e                exit
 *(.fini9)
 *(.fini8)
 *(.fini8)
 *(.fini7)
 *(.fini7)
 *(.fini6)
 .fini6         0x0000228e       0x16 c:/program files (x86)/atmel/studio/7.0/toolchain/avr8/avr8-gnu-toolchain/bin/../lib/gcc/avr/5.4.0/avr5\libgcc.a(_dtors.o)
                0x0000228e                __do_global_dtors
 *(.fini6)
 *(.fini5)
 *(.fini5)
 *(.fini4)
 *(.fini4)
 *(.fini3)
 *(.fini3)
 *(.fini2)
 *(.fini2)
 *(.fini1)
 *(.fini1)
 *(.fini0)
 .fini0         0x000022a4        0x4 c:/program files (x86)/atmel/studio/7.0/toolchain/avr8/avr8-gnu-toolchain/bin/../lib/gcc/avr/5.4.0/avr5\libgcc.a(_exit.o)
 *(.fini0)
                0x000022a8                _etext = .

.data           0x00800100        0xe load address 0x000022a8
                0x00800100                PROVIDE (__data_start, .)
 *(.data)
 .data          0x00800100        0x6 c:/program files (x86)/atmel/studio/7.0/toolchain/avr8/avr8-gnu-toolchain/bin/../lib/gcc/avr/5.4.0/../../../../avr/lib/avr5\libc.a(malloc.o)
                0x00800100                __malloc_heap_end
                0x00800102                __malloc_heap_start
                0x00800104                __malloc_margin
 *(.data*)
 *(.gnu.linkonce.d*)
 *(.rodata)
 *(.rodata*)
 .rodata.str1.1
                0x00800106        0x4 main.o
 .rodata._ZL3run
                0x0080010a        0x4 main.o
 *(.gnu.linkonce.r*)
                0x0080010e                . = ALIGN (0x2)
                0x0080010e                _edata = .
                0x0080010e                PROVIDE (__data_end, .)

.bss            0x0080010e      0x28e
                0x0080010e                PROVIDE (__bss_start, .)
 *(.bss)
 *(.bss*)
 .bss._ZL2kb    0x0080010e        0x4 main.o
 .bss._ZL9interpret
                0x00800112      0x122 main.o
 .bss._ZL10irqhandler
                0x00800234        0x2 main.o
 .bss._ZL12vrambanklist
                0x00800236       0x30 main.o
 .bss._ZL11rambanklist
                0x00800266       0x3c main.o
 .bss._ZL6vbank2
                0x008002a2       0x10 main.o
 .bss._ZL6vbank1
                0x008002b2       0x10 main.o
 .bss._ZL6vbank0
                0x008002c2       0x10 main.o
 .bss._ZL8storage3
                0x008002d2        0xb main.o
 .bss._ZL8storage2
                0x008002dd        0xb main.o
 .bss._ZL8storage1
                0x008002e8        0xb main.o
 .bss._ZL8storage0
                0x008002f3        0xb main.o
 .bss._ZL8fattable
                0x008002fe        0xb main.o
 .bss._ZL8program3
                0x00800309        0x8 main.o
 .bss._ZL8program2
                0x00800311        0x8 main.o
 .bss._ZL8program1
                0x00800319        0x8 main.o
 .bss._ZL8program0
                0x00800321        0x8 main.o
 .bss._ZL8settings
                0x00800329        0x8 main.o
 .bss._ZL4bios  0x00800331        0x8 main.o
 .bss._ZL5bank4
                0x00800339        0xc main.o
 .bss._ZL5bank3
                0x00800345        0xc main.o
 .bss._ZL5bank2
                0x00800351        0xc main.o
 .bss._ZL5bank1
                0x0080035d        0xc main.o
 .bss._ZL5bank0
                0x00800369        0xc main.o
 .bss._ZL6serial
                0x00800375        0x8 main.o
 .bss._ZL5csreg
                0x0080037d        0xd main.o
 .bss._ZL6addreg
                0x0080038a        0xd main.o
 .bss._ZL4port  0x00800397        0x1 main.o
 *(COMMON)
 COMMON         0x00800398        0x4 c:/program files (x86)/atmel/studio/7.0/toolchain/avr8/avr8-gnu-toolchain/bin/../lib/gcc/avr/5.4.0/../../../../avr/lib/avr5\libc.a(malloc.o)
                0x00800398                __brkval
                0x0080039a                __flp
                0x0080039c                PROVIDE (__bss_end, .)
                0x000022a8                __data_load_start = LOADADDR (.data)
                0x000022b6                __data_load_end = (__data_load_start + SIZEOF (.data))

.noinit         0x0080039c        0x0
                [!provide]                PROVIDE (__noinit_start, .)
 *(.noinit*)
                [!provide]                PROVIDE (__noinit_end, .)
                0x0080039c                _end = .
                0x0080039c                PROVIDE (__heap_start, .)

.eeprom         0x00810000        0x0
 *(.eeprom*)
                0x00810000                __eeprom_end = .

.fuse
 *(.fuse)
 *(.lfuse)
 *(.hfuse)
 *(.efuse)

.lock
 *(.lock*)

.signature
 *(.signature*)

.user_signatures
 *(.user_signatures*)

.stab
 *(.stab)

.stabstr
 *(.stabstr)

.stab.excl
 *(.stab.excl)

.stab.exclstr
 *(.stab.exclstr)

.stab.index
 *(.stab.index)

.stab.indexstr
 *(.stab.indexstr)

.comment        0x00000000       0x30
 *(.comment)
 .comment       0x00000000       0x30 cpu/communication/Serial.o
                                 0x31 (size before relaxing)
 .comment       0x00000030       0x31 cpu/interpreter/interpreter.o
 .comment       0x00000030       0x31 cpu/interrupts/interrupts.o
 .comment       0x00000030       0x31 drivers/io/keyboard/keyboard.o
 .comment       0x00000030       0x31 drivers/io/port controller/portcontroller.o
 .comment       0x00000030       0x31 drivers/io/shift register/shiftreg.o
 .comment       0x00000030       0x31 drivers/mem/eeprom.o
 .comment       0x00000030       0x31 drivers/mem/rom.o
 .comment       0x00000030       0x31 drivers/mem/volatile/ram.o
 .comment       0x00000030       0x31 drivers/mem/volatile/Vram.o
 .comment       0x00000030       0x31 main.o
 .comment       0x00000030       0x31 c:/program files (x86)/atmel/studio/7.0/toolchain/avr8/avr8-gnu-toolchain/bin/../lib/gcc/avr/5.4.0/../../../../avr/lib/avr5\libc.a(malloc.o)

.note.gnu.avr.deviceinfo
                0x00000000       0x40
 .note.gnu.avr.deviceinfo
                0x00000000       0x40 C:/Program Files (x86)/Atmel/Studio/7.0/Packs/atmel/ATmega_DFP/1.3.300/gcc/dev/atmega644pa/avr5/crtatmega644pa.o

.note.gnu.build-id
 *(.note.gnu.build-id)

.debug
 *(.debug)

.line
 *(.line)

.debug_srcinfo
 *(.debug_srcinfo)

.debug_sfnames
 *(.debug_sfnames)

.debug_aranges  0x00000000      0x590
 *(.debug_aranges)
 .debug_aranges
                0x00000000       0x58 cpu/communication/Serial.o
 .debug_aranges
                0x00000058      0x240 cpu/interpreter/interpreter.o
 .debug_aranges
                0x00000298       0x30 cpu/interrupts/interrupts.o
 .debug_aranges
                0x000002c8       0x28 drivers/io/keyboard/keyboard.o
 .debug_aranges
                0x000002f0       0xd0 drivers/io/port controller/portcontroller.o
 .debug_aranges
                0x000003c0       0x58 drivers/io/shift register/shiftreg.o
 .debug_aranges
                0x00000418       0x40 drivers/mem/eeprom.o
 .debug_aranges
                0x00000458       0x50 drivers/mem/rom.o
 .debug_aranges
                0x000004a8       0x48 drivers/mem/volatile/ram.o
 .debug_aranges
                0x000004f0       0x50 drivers/mem/volatile/Vram.o
 .debug_aranges
                0x00000540       0x50 main.o

.debug_pubnames
 *(.debug_pubnames)

.debug_info     0x00000000     0xc06e
 *(.debug_info .gnu.linkonce.wi.*)
 .debug_info    0x00000000      0x6cc C:/Program Files (x86)/Atmel/Studio/7.0/Packs/atmel/ATmega_DFP/1.3.300/gcc/dev/atmega644pa/avr5/crtatmega644pa.o
 .debug_info    0x000006cc      0xb01 cpu/communication/Serial.o
 .debug_info    0x000011cd     0x420f cpu/interpreter/interpreter.o
 .debug_info    0x000053dc      0x1ed cpu/interrupts/interrupts.o
 .debug_info    0x000055c9      0x193 drivers/io/keyboard/keyboard.o
 .debug_info    0x0000575c      0x949 drivers/io/port controller/portcontroller.o
 .debug_info    0x000060a5      0xa5a drivers/io/shift register/shiftreg.o
 .debug_info    0x00006aff      0xa59 drivers/mem/eeprom.o
 .debug_info    0x00007558      0x8f5 drivers/mem/rom.o
 .debug_info    0x00007e4d      0xbf4 drivers/mem/volatile/ram.o
 .debug_info    0x00008a41      0xc6d drivers/mem/volatile/Vram.o
 .debug_info    0x000096ae     0x29c0 main.o

.debug_abbrev   0x00000000     0x210a
 *(.debug_abbrev)
 .debug_abbrev  0x00000000      0x66e C:/Program Files (x86)/Atmel/Studio/7.0/Packs/atmel/ATmega_DFP/1.3.300/gcc/dev/atmega644pa/avr5/crtatmega644pa.o
 .debug_abbrev  0x0000066e      0x21a cpu/communication/Serial.o
 .debug_abbrev  0x00000888      0x533 cpu/interpreter/interpreter.o
 .debug_abbrev  0x00000dbb      0x135 cpu/interrupts/interrupts.o
 .debug_abbrev  0x00000ef0       0xf2 drivers/io/keyboard/keyboard.o
 .debug_abbrev  0x00000fe2      0x1c1 drivers/io/port controller/portcontroller.o
 .debug_abbrev  0x000011a3      0x214 drivers/io/shift register/shiftreg.o
 .debug_abbrev  0x000013b7      0x21b drivers/mem/eeprom.o
 .debug_abbrev  0x000015d2      0x246 drivers/mem/rom.o
 .debug_abbrev  0x00001818      0x275 drivers/mem/volatile/ram.o
 .debug_abbrev  0x00001a8d      0x28e drivers/mem/volatile/Vram.o
 .debug_abbrev  0x00001d1b      0x3ef main.o

.debug_line     0x00000000     0x2e38
 *(.debug_line .debug_line.* .debug_line_end)
 .debug_line    0x00000000      0x151 C:/Program Files (x86)/Atmel/Studio/7.0/Packs/atmel/ATmega_DFP/1.3.300/gcc/dev/atmega644pa/avr5/crtatmega644pa.o
 .debug_line    0x00000151      0x2a5 cpu/communication/Serial.o
 .debug_line    0x000003f6     0x1281 cpu/interpreter/interpreter.o
 .debug_line    0x00001677       0x7e cpu/interrupts/interrupts.o
 .debug_line    0x000016f5       0xd7 drivers/io/keyboard/keyboard.o
 .debug_line    0x000017cc      0x600 drivers/io/port controller/portcontroller.o
 .debug_line    0x00001dcc      0x2d6 drivers/io/shift register/shiftreg.o
 .debug_line    0x000020a2      0x1a5 drivers/mem/eeprom.o
 .debug_line    0x00002247      0x1ce drivers/mem/rom.o
 .debug_line    0x00002415      0x2d2 drivers/mem/volatile/ram.o
 .debug_line    0x000026e7      0x228 drivers/mem/volatile/Vram.o
 .debug_line    0x0000290f      0x529 main.o

.debug_frame    0x00000000      0xe08
 *(.debug_frame)
 .debug_frame   0x00000000       0xf4 cpu/communication/Serial.o
 .debug_frame   0x000000f4      0x554 cpu/interpreter/interpreter.o
 .debug_frame   0x00000648       0x44 cpu/interrupts/interrupts.o
 .debug_frame   0x0000068c       0x34 drivers/io/keyboard/keyboard.o
 .debug_frame   0x000006c0      0x184 drivers/io/port controller/portcontroller.o
 .debug_frame   0x00000844      0x154 drivers/io/shift register/shiftreg.o
 .debug_frame   0x00000998       0x94 drivers/mem/eeprom.o
 .debug_frame   0x00000a2c       0xa8 drivers/mem/rom.o
 .debug_frame   0x00000ad4       0xd0 drivers/mem/volatile/ram.o
 .debug_frame   0x00000ba4      0x138 drivers/mem/volatile/Vram.o
 .debug_frame   0x00000cdc      0x12c main.o

.debug_str      0x00000000     0x205b
 *(.debug_str)
 .debug_str     0x00000000      0x252 C:/Program Files (x86)/Atmel/Studio/7.0/Packs/atmel/ATmega_DFP/1.3.300/gcc/dev/atmega644pa/avr5/crtatmega644pa.o
 .debug_str     0x00000252      0x8ac cpu/communication/Serial.o
                                0x909 (size before relaxing)
 .debug_str     0x00000afe      0xdaf cpu/interpreter/interpreter.o
                               0x1527 (size before relaxing)
 .debug_str     0x000018ad       0xf3 cpu/interrupts/interrupts.o
                                0x230 (size before relaxing)
 .debug_str     0x000019a0       0x83 drivers/io/keyboard/keyboard.o
                                0x231 (size before relaxing)
 .debug_str     0x00001a23       0x61 drivers/io/port controller/portcontroller.o
                                0x5f2 (size before relaxing)
 .debug_str     0x00001a84       0xbc drivers/io/shift register/shiftreg.o
                                0x7b0 (size before relaxing)
 .debug_str     0x00001b40      0x1de drivers/mem/eeprom.o
                                0x94b (size before relaxing)
 .debug_str     0x00001d1e       0x56 drivers/mem/rom.o
                                0x861 (size before relaxing)
 .debug_str     0x00001d74       0x7a drivers/mem/volatile/ram.o
                                0x930 (size before relaxing)
 .debug_str     0x00001dee       0x58 drivers/mem/volatile/Vram.o
                                0xa5b (size before relaxing)
 .debug_str     0x00001e46      0x215 main.o
                               0x19dd (size before relaxing)

.debug_loc      0x00000000     0x431b
 *(.debug_loc)
 .debug_loc     0x00000000      0x358 cpu/communication/Serial.o
 .debug_loc     0x00000358     0x25aa cpu/interpreter/interpreter.o
 .debug_loc     0x00002902      0x2bf drivers/io/port controller/portcontroller.o
 .debug_loc     0x00002bc1      0x5ab drivers/io/shift register/shiftreg.o
 .debug_loc     0x0000316c      0x1de drivers/mem/eeprom.o
 .debug_loc     0x0000334a      0x181 drivers/mem/rom.o
 .debug_loc     0x000034cb      0x4fb drivers/mem/volatile/ram.o
 .debug_loc     0x000039c6      0x59b drivers/mem/volatile/Vram.o
 .debug_loc     0x00003f61      0x3ba main.o

.debug_macinfo
 *(.debug_macinfo)

.debug_weaknames
 *(.debug_weaknames)

.debug_funcnames
 *(.debug_funcnames)

.debug_typenames
 *(.debug_typenames)

.debug_varnames
 *(.debug_varnames)

.debug_pubtypes
 *(.debug_pubtypes)

.debug_ranges   0x00000000      0x618
 *(.debug_ranges)
 .debug_ranges  0x00000000       0x48 cpu/communication/Serial.o
 .debug_ranges  0x00000048      0x350 cpu/interpreter/interpreter.o
 .debug_ranges  0x00000398       0x20 cpu/interrupts/interrupts.o
 .debug_ranges  0x000003b8       0x18 drivers/io/keyboard/keyboard.o
 .debug_ranges  0x000003d0       0xc0 drivers/io/port controller/portcontroller.o
 .debug_ranges  0x00000490       0x48 drivers/io/shift register/shiftreg.o
 .debug_ranges  0x000004d8       0x30 drivers/mem/eeprom.o
 .debug_ranges  0x00000508       0x40 drivers/mem/rom.o
 .debug_ranges  0x00000548       0x38 drivers/mem/volatile/ram.o
 .debug_ranges  0x00000580       0x40 drivers/mem/volatile/Vram.o
 .debug_ranges  0x000005c0       0x58 main.o

.debug_macro
 *(.debug_macro)
OUTPUT(os.elf elf32-avr)
LOAD linker stubs
