Archive member included to satisfy reference by file (symbol)

d:/atmel/studio/7.0/toolchain/avr8/avr8-gnu-toolchain/bin/../lib/gcc/avr/5.4.0/avr5\libgcc.a(_udivmodqi4.o)
                              cpu/interpreter/interpreter.o (__udivmodqi4)
d:/atmel/studio/7.0/toolchain/avr8/avr8-gnu-toolchain/bin/../lib/gcc/avr/5.4.0/avr5\libgcc.a(_exit.o)
                              D:/Atmel/Studio/7.0/Packs/atmel/ATmega_DFP/1.3.300/gcc/dev/atmega644pa/avr5/crtatmega644pa.o (exit)
d:/atmel/studio/7.0/toolchain/avr8/avr8-gnu-toolchain/bin/../lib/gcc/avr/5.4.0/avr5\libgcc.a(_clear_bss.o)
                              main.o (__do_clear_bss)
d:/atmel/studio/7.0/toolchain/avr8/avr8-gnu-toolchain/bin/../lib/gcc/avr/5.4.0/avr5\libgcc.a(_ctors.o)
                              main.o (__do_global_ctors)
d:/atmel/studio/7.0/toolchain/avr8/avr8-gnu-toolchain/bin/../lib/gcc/avr/5.4.0/avr5\libgcc.a(_dtors.o)
                              main.o (__do_global_dtors)
d:/atmel/studio/7.0/toolchain/avr8/avr8-gnu-toolchain/bin/../lib/gcc/avr/5.4.0/avr5\libgcc.a(_ashrdi3.o)
                              drivers/io/shift register/shiftreg.o (__lshrdi3)
d:/atmel/studio/7.0/toolchain/avr8/avr8-gnu-toolchain/bin/../lib/gcc/avr/5.4.0/avr5\libgcc.a(_cmpdi2_s8.o)
                              drivers/io/shift register/shiftreg.o (__cmpdi2_s8)
d:/atmel/studio/7.0/toolchain/avr8/avr8-gnu-toolchain/bin/../lib/gcc/avr/5.4.0/avr5\libgcc.a(_tablejump2.o)
                              d:/atmel/studio/7.0/toolchain/avr8/avr8-gnu-toolchain/bin/../lib/gcc/avr/5.4.0/avr5\libgcc.a(_ctors.o) (__tablejump2__)

Discarded input sections

 .data          0x00000000        0x0 D:/Atmel/Studio/7.0/Packs/atmel/ATmega_DFP/1.3.300/gcc/dev/atmega644pa/avr5/crtatmega644pa.o
 .bss           0x00000000        0x0 D:/Atmel/Studio/7.0/Packs/atmel/ATmega_DFP/1.3.300/gcc/dev/atmega644pa/avr5/crtatmega644pa.o
 .text          0x00000000        0x0 cpu/interpreter/interpreter.o
 .data          0x00000000        0x0 cpu/interpreter/interpreter.o
 .bss           0x00000000        0x0 cpu/interpreter/interpreter.o
 .text._ZN11interpreterC2EP6memoryS1_
                0x00000000       0x92 cpu/interpreter/interpreter.o
 .text._ZN11interpreterC2EP6memoryS1_j
                0x00000000       0x8e cpu/interpreter/interpreter.o
 .text._ZN11interpreterC2EP6memoryS1_m
                0x00000000       0x9a cpu/interpreter/interpreter.o
 .text._ZN11interpreterC2EP6memoryS1_mj
                0x00000000       0x9e cpu/interpreter/interpreter.o
 .text._ZN11interpreter3incEc
                0x00000000        0xe cpu/interpreter/interpreter.o
 .text._ZN11interpreter3decEc
                0x00000000        0xe cpu/interpreter/interpreter.o
 .text._ZN11interpreter3movEcc
                0x00000000       0x12 cpu/interpreter/interpreter.o
 .text._ZN11interpreter3ldiEcc
                0x00000000        0xa cpu/interpreter/interpreter.o
 .text._ZN11interpreter3rorEc
                0x00000000       0x12 cpu/interpreter/interpreter.o
 .text._ZN11interpreter3rolEc
                0x00000000        0xe cpu/interpreter/interpreter.o
 .text._ZN11interpreter3clrEc
                0x00000000        0xa cpu/interpreter/interpreter.o
 .text._ZN11interpreter3nopEv
                0x00000000        0x4 cpu/interpreter/interpreter.o
 .text._ZN11interpreter3jmpEm
                0x00000000       0x10 cpu/interpreter/interpreter.o
 .text._ZN11interpreter6jmppcfEm
                0x00000000       0x20 cpu/interpreter/interpreter.o
 .text._ZN11interpreter6jmppcbEm
                0x00000000       0x2c cpu/interpreter/interpreter.o
 .text._ZN11interpreter5pushaEm
                0x00000000       0x32 cpu/interpreter/interpreter.o
 .text._ZN11interpreter3clfEv
                0x00000000        0xa cpu/interpreter/interpreter.o
 .text._ZN11interpreter8clearregEv
                0x00000000       0x10 cpu/interpreter/interpreter.o
 .text          0x00000000        0x0 drivers/io/keyboard/keyboard.o
 .data          0x00000000        0x0 drivers/io/keyboard/keyboard.o
 .bss           0x00000000        0x0 drivers/io/keyboard/keyboard.o
 .text._ZN8keyboardC2Ev
                0x00000000        0xc drivers/io/keyboard/keyboard.o
 .text._ZN8keyboardC2Em
                0x00000000        0xc drivers/io/keyboard/keyboard.o
 .text._ZN8keyboard4readEPc
                0x00000000       0x32 drivers/io/keyboard/keyboard.o
 .text._ZN8keyboard4readEPcm
                0x00000000       0x82 drivers/io/keyboard/keyboard.o
 .text._ZN8keyboard7getsizeEv
                0x00000000       0x1e drivers/io/keyboard/keyboard.o
 .text._ZN8keyboardD2Ev
                0x00000000        0x2 drivers/io/keyboard/keyboard.o
 .debug_info    0x00000000      0x837 drivers/io/keyboard/keyboard.o
 .debug_abbrev  0x00000000      0x1bc drivers/io/keyboard/keyboard.o
 .debug_loc     0x00000000      0x266 drivers/io/keyboard/keyboard.o
 .debug_aranges
                0x00000000       0x48 drivers/io/keyboard/keyboard.o
 .debug_ranges  0x00000000       0x38 drivers/io/keyboard/keyboard.o
 .debug_line    0x00000000      0x1c0 drivers/io/keyboard/keyboard.o
 .debug_str     0x00000000      0x81f drivers/io/keyboard/keyboard.o
 .comment       0x00000000       0x31 drivers/io/keyboard/keyboard.o
 .debug_frame   0x00000000       0xc4 drivers/io/keyboard/keyboard.o
 .text          0x00000000        0x0 drivers/io/port controller/portcontroller.o
 .data          0x00000000        0x0 drivers/io/port controller/portcontroller.o
 .bss           0x00000000        0x0 drivers/io/port controller/portcontroller.o
 .text._ZN14portcontroller9readportaEv
                0x00000000        0x4 drivers/io/port controller/portcontroller.o
 .text._ZN14portcontroller9readportbEv
                0x00000000        0x4 drivers/io/port controller/portcontroller.o
 .text._ZN14portcontroller9readportcEv
                0x00000000        0x4 drivers/io/port controller/portcontroller.o
 .text._ZN14portcontroller8readddraEv
                0x00000000        0x4 drivers/io/port controller/portcontroller.o
 .text._ZN14portcontroller8readddrbEv
                0x00000000        0x4 drivers/io/port controller/portcontroller.o
 .text._ZN14portcontroller8readddrcEv
                0x00000000        0x4 drivers/io/port controller/portcontroller.o
 .text._ZN14portcontroller8readddrdEv
                0x00000000        0x4 drivers/io/port controller/portcontroller.o
 .text._ZN14portcontroller10writeportaEc
                0x00000000        0x4 drivers/io/port controller/portcontroller.o
 .text._ZN14portcontroller10writeportbEc
                0x00000000        0x4 drivers/io/port controller/portcontroller.o
 .text._ZN14portcontroller10writeportdEc
                0x00000000        0x4 drivers/io/port controller/portcontroller.o
 .text._ZN14portcontroller13digitalwritebEhb
                0x00000000       0x32 drivers/io/port controller/portcontroller.o
 .text._ZN14portcontroller13digitalwritecEhb
                0x00000000       0x32 drivers/io/port controller/portcontroller.o
 .text._ZN14portcontroller13digitalwritedEhb
                0x00000000       0x32 drivers/io/port controller/portcontroller.o
 .text          0x00000000        0x0 drivers/io/shift register/shiftreg.o
 .data          0x00000000        0x0 drivers/io/shift register/shiftreg.o
 .bss           0x00000000        0x0 drivers/io/shift register/shiftreg.o
 .text._ZN8shiftregC2Ev
                0x00000000        0x2 drivers/io/shift register/shiftreg.o
 .text._ZN8shiftreg9shiftout8Eh
                0x00000000       0x86 drivers/io/shift register/shiftreg.o
 .text._ZN8shiftreg10shiftout16Ej
                0x00000000       0xe0 drivers/io/shift register/shiftreg.o
 .text._ZN8shiftreg8shiftoutEv
                0x00000000        0xc drivers/io/shift register/shiftreg.o
 .text._ZN8shiftreg10shiftout64Ey
                0x00000000       0xbe drivers/io/shift register/shiftreg.o
 .text          0x00000000        0x0 drivers/memory/memory.o
 .data          0x00000000        0x0 drivers/memory/memory.o
 .bss           0x00000000        0x0 drivers/memory/memory.o
 .text._ZN6memoryC2EP14portcontroller
                0x00000000        0x8 drivers/memory/memory.o
 .text._ZN6memoryC2EP14portcontrollerP8shiftreg
                0x00000000        0xc drivers/memory/memory.o
 .text          0x00000000        0x0 drivers/memory/video_mem.o
 .data          0x00000000        0x0 drivers/memory/video_mem.o
 .bss           0x00000000        0x0 drivers/memory/video_mem.o
 .text          0x00000000        0x0 drivers/serial/Serial.o
 .data          0x00000000        0x0 drivers/serial/Serial.o
 .bss           0x00000000        0x0 drivers/serial/Serial.o
 .text._ZN6SerialC2Ev
                0x00000000        0x2 drivers/serial/Serial.o
 .text._ZN6SerialC2EP8shiftreg
                0x00000000        0x2 drivers/serial/Serial.o
 .text._ZN6SerialC2EP8shiftregP14portcontroller
                0x00000000        0x2 drivers/serial/Serial.o
 .text._ZN6Serial4sendEPcii
                0x00000000        0x2 drivers/serial/Serial.o
 .text._ZN6Serial4sendEci
                0x00000000        0x2 drivers/serial/Serial.o
 .text._ZN6Serial6reciveEPcii
                0x00000000        0x2 drivers/serial/Serial.o
 .text._ZN6Serial6reciveEi
                0x00000000        0x2 drivers/serial/Serial.o
 .text._ZN6Serial10recivebuffEv
                0x00000000        0x2 drivers/serial/Serial.o
 .text._ZN6Serial15checkfordevicesEv
                0x00000000        0x2 drivers/serial/Serial.o
 .text._ZN6Serial8iddeviceEi
                0x00000000        0x2 drivers/serial/Serial.o
 .text          0x00000000        0x0 main.o
 .data          0x00000000        0x0 main.o
 .bss           0x00000000        0x0 main.o
 .text._Z13handlesyscallP11interpreter
                0x00000000        0x2 main.o
 .text          0x00000000        0x0 d:/atmel/studio/7.0/toolchain/avr8/avr8-gnu-toolchain/bin/../lib/gcc/avr/5.4.0/avr5\libgcc.a(_udivmodqi4.o)
 .data          0x00000000        0x0 d:/atmel/studio/7.0/toolchain/avr8/avr8-gnu-toolchain/bin/../lib/gcc/avr/5.4.0/avr5\libgcc.a(_udivmodqi4.o)
 .bss           0x00000000        0x0 d:/atmel/studio/7.0/toolchain/avr8/avr8-gnu-toolchain/bin/../lib/gcc/avr/5.4.0/avr5\libgcc.a(_udivmodqi4.o)
 .text.libgcc.mul
                0x00000000        0x0 d:/atmel/studio/7.0/toolchain/avr8/avr8-gnu-toolchain/bin/../lib/gcc/avr/5.4.0/avr5\libgcc.a(_udivmodqi4.o)
 .text.libgcc   0x00000000        0x0 d:/atmel/studio/7.0/toolchain/avr8/avr8-gnu-toolchain/bin/../lib/gcc/avr/5.4.0/avr5\libgcc.a(_udivmodqi4.o)
 .text.libgcc.prologue
                0x00000000        0x0 d:/atmel/studio/7.0/toolchain/avr8/avr8-gnu-toolchain/bin/../lib/gcc/avr/5.4.0/avr5\libgcc.a(_udivmodqi4.o)
 .text.libgcc.builtins
                0x00000000        0x0 d:/atmel/studio/7.0/toolchain/avr8/avr8-gnu-toolchain/bin/../lib/gcc/avr/5.4.0/avr5\libgcc.a(_udivmodqi4.o)
 .text.libgcc.fmul
                0x00000000        0x0 d:/atmel/studio/7.0/toolchain/avr8/avr8-gnu-toolchain/bin/../lib/gcc/avr/5.4.0/avr5\libgcc.a(_udivmodqi4.o)
 .text.libgcc.fixed
                0x00000000        0x0 d:/atmel/studio/7.0/toolchain/avr8/avr8-gnu-toolchain/bin/../lib/gcc/avr/5.4.0/avr5\libgcc.a(_udivmodqi4.o)
 .text          0x00000000        0x0 d:/atmel/studio/7.0/toolchain/avr8/avr8-gnu-toolchain/bin/../lib/gcc/avr/5.4.0/avr5\libgcc.a(_exit.o)
 .data          0x00000000        0x0 d:/atmel/studio/7.0/toolchain/avr8/avr8-gnu-toolchain/bin/../lib/gcc/avr/5.4.0/avr5\libgcc.a(_exit.o)
 .bss           0x00000000        0x0 d:/atmel/studio/7.0/toolchain/avr8/avr8-gnu-toolchain/bin/../lib/gcc/avr/5.4.0/avr5\libgcc.a(_exit.o)
 .text.libgcc.mul
                0x00000000        0x0 d:/atmel/studio/7.0/toolchain/avr8/avr8-gnu-toolchain/bin/../lib/gcc/avr/5.4.0/avr5\libgcc.a(_exit.o)
 .text.libgcc.div
                0x00000000        0x0 d:/atmel/studio/7.0/toolchain/avr8/avr8-gnu-toolchain/bin/../lib/gcc/avr/5.4.0/avr5\libgcc.a(_exit.o)
 .text.libgcc   0x00000000        0x0 d:/atmel/studio/7.0/toolchain/avr8/avr8-gnu-toolchain/bin/../lib/gcc/avr/5.4.0/avr5\libgcc.a(_exit.o)
 .text.libgcc.prologue
                0x00000000        0x0 d:/atmel/studio/7.0/toolchain/avr8/avr8-gnu-toolchain/bin/../lib/gcc/avr/5.4.0/avr5\libgcc.a(_exit.o)
 .text.libgcc.builtins
                0x00000000        0x0 d:/atmel/studio/7.0/toolchain/avr8/avr8-gnu-toolchain/bin/../lib/gcc/avr/5.4.0/avr5\libgcc.a(_exit.o)
 .text.libgcc.fmul
                0x00000000        0x0 d:/atmel/studio/7.0/toolchain/avr8/avr8-gnu-toolchain/bin/../lib/gcc/avr/5.4.0/avr5\libgcc.a(_exit.o)
 .text.libgcc.fixed
                0x00000000        0x0 d:/atmel/studio/7.0/toolchain/avr8/avr8-gnu-toolchain/bin/../lib/gcc/avr/5.4.0/avr5\libgcc.a(_exit.o)
 .text          0x00000000        0x0 d:/atmel/studio/7.0/toolchain/avr8/avr8-gnu-toolchain/bin/../lib/gcc/avr/5.4.0/avr5\libgcc.a(_clear_bss.o)
 .data          0x00000000        0x0 d:/atmel/studio/7.0/toolchain/avr8/avr8-gnu-toolchain/bin/../lib/gcc/avr/5.4.0/avr5\libgcc.a(_clear_bss.o)
 .bss           0x00000000        0x0 d:/atmel/studio/7.0/toolchain/avr8/avr8-gnu-toolchain/bin/../lib/gcc/avr/5.4.0/avr5\libgcc.a(_clear_bss.o)
 .text.libgcc.mul
                0x00000000        0x0 d:/atmel/studio/7.0/toolchain/avr8/avr8-gnu-toolchain/bin/../lib/gcc/avr/5.4.0/avr5\libgcc.a(_clear_bss.o)
 .text.libgcc.div
                0x00000000        0x0 d:/atmel/studio/7.0/toolchain/avr8/avr8-gnu-toolchain/bin/../lib/gcc/avr/5.4.0/avr5\libgcc.a(_clear_bss.o)
 .text.libgcc   0x00000000        0x0 d:/atmel/studio/7.0/toolchain/avr8/avr8-gnu-toolchain/bin/../lib/gcc/avr/5.4.0/avr5\libgcc.a(_clear_bss.o)
 .text.libgcc.prologue
                0x00000000        0x0 d:/atmel/studio/7.0/toolchain/avr8/avr8-gnu-toolchain/bin/../lib/gcc/avr/5.4.0/avr5\libgcc.a(_clear_bss.o)
 .text.libgcc.builtins
                0x00000000        0x0 d:/atmel/studio/7.0/toolchain/avr8/avr8-gnu-toolchain/bin/../lib/gcc/avr/5.4.0/avr5\libgcc.a(_clear_bss.o)
 .text.libgcc.fmul
                0x00000000        0x0 d:/atmel/studio/7.0/toolchain/avr8/avr8-gnu-toolchain/bin/../lib/gcc/avr/5.4.0/avr5\libgcc.a(_clear_bss.o)
 .text.libgcc.fixed
                0x00000000        0x0 d:/atmel/studio/7.0/toolchain/avr8/avr8-gnu-toolchain/bin/../lib/gcc/avr/5.4.0/avr5\libgcc.a(_clear_bss.o)
 .text          0x00000000        0x0 d:/atmel/studio/7.0/toolchain/avr8/avr8-gnu-toolchain/bin/../lib/gcc/avr/5.4.0/avr5\libgcc.a(_ctors.o)
 .data          0x00000000        0x0 d:/atmel/studio/7.0/toolchain/avr8/avr8-gnu-toolchain/bin/../lib/gcc/avr/5.4.0/avr5\libgcc.a(_ctors.o)
 .bss           0x00000000        0x0 d:/atmel/studio/7.0/toolchain/avr8/avr8-gnu-toolchain/bin/../lib/gcc/avr/5.4.0/avr5\libgcc.a(_ctors.o)
 .text.libgcc.mul
                0x00000000        0x0 d:/atmel/studio/7.0/toolchain/avr8/avr8-gnu-toolchain/bin/../lib/gcc/avr/5.4.0/avr5\libgcc.a(_ctors.o)
 .text.libgcc.div
                0x00000000        0x0 d:/atmel/studio/7.0/toolchain/avr8/avr8-gnu-toolchain/bin/../lib/gcc/avr/5.4.0/avr5\libgcc.a(_ctors.o)
 .text.libgcc   0x00000000        0x0 d:/atmel/studio/7.0/toolchain/avr8/avr8-gnu-toolchain/bin/../lib/gcc/avr/5.4.0/avr5\libgcc.a(_ctors.o)
 .text.libgcc.prologue
                0x00000000        0x0 d:/atmel/studio/7.0/toolchain/avr8/avr8-gnu-toolchain/bin/../lib/gcc/avr/5.4.0/avr5\libgcc.a(_ctors.o)
 .text.libgcc.builtins
                0x00000000        0x0 d:/atmel/studio/7.0/toolchain/avr8/avr8-gnu-toolchain/bin/../lib/gcc/avr/5.4.0/avr5\libgcc.a(_ctors.o)
 .text.libgcc.fmul
                0x00000000        0x0 d:/atmel/studio/7.0/toolchain/avr8/avr8-gnu-toolchain/bin/../lib/gcc/avr/5.4.0/avr5\libgcc.a(_ctors.o)
 .text.libgcc.fixed
                0x00000000        0x0 d:/atmel/studio/7.0/toolchain/avr8/avr8-gnu-toolchain/bin/../lib/gcc/avr/5.4.0/avr5\libgcc.a(_ctors.o)
 .text          0x00000000        0x0 d:/atmel/studio/7.0/toolchain/avr8/avr8-gnu-toolchain/bin/../lib/gcc/avr/5.4.0/avr5\libgcc.a(_dtors.o)
 .data          0x00000000        0x0 d:/atmel/studio/7.0/toolchain/avr8/avr8-gnu-toolchain/bin/../lib/gcc/avr/5.4.0/avr5\libgcc.a(_dtors.o)
 .bss           0x00000000        0x0 d:/atmel/studio/7.0/toolchain/avr8/avr8-gnu-toolchain/bin/../lib/gcc/avr/5.4.0/avr5\libgcc.a(_dtors.o)
 .text.libgcc.mul
                0x00000000        0x0 d:/atmel/studio/7.0/toolchain/avr8/avr8-gnu-toolchain/bin/../lib/gcc/avr/5.4.0/avr5\libgcc.a(_dtors.o)
 .text.libgcc.div
                0x00000000        0x0 d:/atmel/studio/7.0/toolchain/avr8/avr8-gnu-toolchain/bin/../lib/gcc/avr/5.4.0/avr5\libgcc.a(_dtors.o)
 .text.libgcc   0x00000000        0x0 d:/atmel/studio/7.0/toolchain/avr8/avr8-gnu-toolchain/bin/../lib/gcc/avr/5.4.0/avr5\libgcc.a(_dtors.o)
 .text.libgcc.prologue
                0x00000000        0x0 d:/atmel/studio/7.0/toolchain/avr8/avr8-gnu-toolchain/bin/../lib/gcc/avr/5.4.0/avr5\libgcc.a(_dtors.o)
 .text.libgcc.builtins
                0x00000000        0x0 d:/atmel/studio/7.0/toolchain/avr8/avr8-gnu-toolchain/bin/../lib/gcc/avr/5.4.0/avr5\libgcc.a(_dtors.o)
 .text.libgcc.fmul
                0x00000000        0x0 d:/atmel/studio/7.0/toolchain/avr8/avr8-gnu-toolchain/bin/../lib/gcc/avr/5.4.0/avr5\libgcc.a(_dtors.o)
 .text.libgcc.fixed
                0x00000000        0x0 d:/atmel/studio/7.0/toolchain/avr8/avr8-gnu-toolchain/bin/../lib/gcc/avr/5.4.0/avr5\libgcc.a(_dtors.o)
 .text          0x00000000        0x0 d:/atmel/studio/7.0/toolchain/avr8/avr8-gnu-toolchain/bin/../lib/gcc/avr/5.4.0/avr5\libgcc.a(_ashrdi3.o)
 .data          0x00000000        0x0 d:/atmel/studio/7.0/toolchain/avr8/avr8-gnu-toolchain/bin/../lib/gcc/avr/5.4.0/avr5\libgcc.a(_ashrdi3.o)
 .bss           0x00000000        0x0 d:/atmel/studio/7.0/toolchain/avr8/avr8-gnu-toolchain/bin/../lib/gcc/avr/5.4.0/avr5\libgcc.a(_ashrdi3.o)
 .text.libgcc.mul
                0x00000000        0x0 d:/atmel/studio/7.0/toolchain/avr8/avr8-gnu-toolchain/bin/../lib/gcc/avr/5.4.0/avr5\libgcc.a(_ashrdi3.o)
 .text.libgcc.div
                0x00000000        0x0 d:/atmel/studio/7.0/toolchain/avr8/avr8-gnu-toolchain/bin/../lib/gcc/avr/5.4.0/avr5\libgcc.a(_ashrdi3.o)
 .text.libgcc   0x00000000        0x0 d:/atmel/studio/7.0/toolchain/avr8/avr8-gnu-toolchain/bin/../lib/gcc/avr/5.4.0/avr5\libgcc.a(_ashrdi3.o)
 .text.libgcc.prologue
                0x00000000        0x0 d:/atmel/studio/7.0/toolchain/avr8/avr8-gnu-toolchain/bin/../lib/gcc/avr/5.4.0/avr5\libgcc.a(_ashrdi3.o)
 .text.libgcc.builtins
                0x00000000       0x3c d:/atmel/studio/7.0/toolchain/avr8/avr8-gnu-toolchain/bin/../lib/gcc/avr/5.4.0/avr5\libgcc.a(_ashrdi3.o)
 .text.libgcc.fmul
                0x00000000        0x0 d:/atmel/studio/7.0/toolchain/avr8/avr8-gnu-toolchain/bin/../lib/gcc/avr/5.4.0/avr5\libgcc.a(_ashrdi3.o)
 .text.libgcc.fixed
                0x00000000        0x0 d:/atmel/studio/7.0/toolchain/avr8/avr8-gnu-toolchain/bin/../lib/gcc/avr/5.4.0/avr5\libgcc.a(_ashrdi3.o)
 .text          0x00000000        0x0 d:/atmel/studio/7.0/toolchain/avr8/avr8-gnu-toolchain/bin/../lib/gcc/avr/5.4.0/avr5\libgcc.a(_cmpdi2_s8.o)
 .data          0x00000000        0x0 d:/atmel/studio/7.0/toolchain/avr8/avr8-gnu-toolchain/bin/../lib/gcc/avr/5.4.0/avr5\libgcc.a(_cmpdi2_s8.o)
 .bss           0x00000000        0x0 d:/atmel/studio/7.0/toolchain/avr8/avr8-gnu-toolchain/bin/../lib/gcc/avr/5.4.0/avr5\libgcc.a(_cmpdi2_s8.o)
 .text.libgcc.mul
                0x00000000        0x0 d:/atmel/studio/7.0/toolchain/avr8/avr8-gnu-toolchain/bin/../lib/gcc/avr/5.4.0/avr5\libgcc.a(_cmpdi2_s8.o)
 .text.libgcc.div
                0x00000000        0x0 d:/atmel/studio/7.0/toolchain/avr8/avr8-gnu-toolchain/bin/../lib/gcc/avr/5.4.0/avr5\libgcc.a(_cmpdi2_s8.o)
 .text.libgcc   0x00000000       0x18 d:/atmel/studio/7.0/toolchain/avr8/avr8-gnu-toolchain/bin/../lib/gcc/avr/5.4.0/avr5\libgcc.a(_cmpdi2_s8.o)
 .text.libgcc.prologue
                0x00000000        0x0 d:/atmel/studio/7.0/toolchain/avr8/avr8-gnu-toolchain/bin/../lib/gcc/avr/5.4.0/avr5\libgcc.a(_cmpdi2_s8.o)
 .text.libgcc.builtins
                0x00000000        0x0 d:/atmel/studio/7.0/toolchain/avr8/avr8-gnu-toolchain/bin/../lib/gcc/avr/5.4.0/avr5\libgcc.a(_cmpdi2_s8.o)
 .text.libgcc.fmul
                0x00000000        0x0 d:/atmel/studio/7.0/toolchain/avr8/avr8-gnu-toolchain/bin/../lib/gcc/avr/5.4.0/avr5\libgcc.a(_cmpdi2_s8.o)
 .text.libgcc.fixed
                0x00000000        0x0 d:/atmel/studio/7.0/toolchain/avr8/avr8-gnu-toolchain/bin/../lib/gcc/avr/5.4.0/avr5\libgcc.a(_cmpdi2_s8.o)
 .text          0x00000000        0x0 d:/atmel/studio/7.0/toolchain/avr8/avr8-gnu-toolchain/bin/../lib/gcc/avr/5.4.0/avr5\libgcc.a(_tablejump2.o)
 .data          0x00000000        0x0 d:/atmel/studio/7.0/toolchain/avr8/avr8-gnu-toolchain/bin/../lib/gcc/avr/5.4.0/avr5\libgcc.a(_tablejump2.o)
 .bss           0x00000000        0x0 d:/atmel/studio/7.0/toolchain/avr8/avr8-gnu-toolchain/bin/../lib/gcc/avr/5.4.0/avr5\libgcc.a(_tablejump2.o)
 .text.libgcc.mul
                0x00000000        0x0 d:/atmel/studio/7.0/toolchain/avr8/avr8-gnu-toolchain/bin/../lib/gcc/avr/5.4.0/avr5\libgcc.a(_tablejump2.o)
 .text.libgcc.div
                0x00000000        0x0 d:/atmel/studio/7.0/toolchain/avr8/avr8-gnu-toolchain/bin/../lib/gcc/avr/5.4.0/avr5\libgcc.a(_tablejump2.o)
 .text.libgcc.prologue
                0x00000000        0x0 d:/atmel/studio/7.0/toolchain/avr8/avr8-gnu-toolchain/bin/../lib/gcc/avr/5.4.0/avr5\libgcc.a(_tablejump2.o)
 .text.libgcc.builtins
                0x00000000        0x0 d:/atmel/studio/7.0/toolchain/avr8/avr8-gnu-toolchain/bin/../lib/gcc/avr/5.4.0/avr5\libgcc.a(_tablejump2.o)
 .text.libgcc.fmul
                0x00000000        0x0 d:/atmel/studio/7.0/toolchain/avr8/avr8-gnu-toolchain/bin/../lib/gcc/avr/5.4.0/avr5\libgcc.a(_tablejump2.o)
 .text.libgcc.fixed
                0x00000000        0x0 d:/atmel/studio/7.0/toolchain/avr8/avr8-gnu-toolchain/bin/../lib/gcc/avr/5.4.0/avr5\libgcc.a(_tablejump2.o)

Memory Configuration

Name             Origin             Length             Attributes
text             0x00000000         0x00020000         xr
data             0x00800060         0x0000ffa0         rw !x
eeprom           0x00810000         0x00010000         rw !x
fuse             0x00820000         0x00000003         rw !x
lock             0x00830000         0x00000400         rw !x
signature        0x00840000         0x00000400         rw !x
user_signatures  0x00850000         0x00000400         rw !x
*default*        0x00000000         0xffffffff

Linker script and memory map

Address of section .data set to 0x800100
LOAD D:/Atmel/Studio/7.0/Packs/atmel/ATmega_DFP/1.3.300/gcc/dev/atmega644pa/avr5/crtatmega644pa.o
LOAD cpu/interpreter/interpreter.o
LOAD drivers/io/keyboard/keyboard.o
LOAD drivers/io/port controller/portcontroller.o
LOAD drivers/io/shift register/shiftreg.o
LOAD drivers/memory/memory.o
LOAD drivers/memory/video_mem.o
LOAD drivers/serial/Serial.o
LOAD main.o
START GROUP
LOAD d:/atmel/studio/7.0/toolchain/avr8/avr8-gnu-toolchain/bin/../lib/gcc/avr/5.4.0/../../../../avr/lib/avr5\libm.a
END GROUP
LOAD d:/atmel/studio/7.0/toolchain/avr8/avr8-gnu-toolchain/bin/../lib/gcc/avr/5.4.0/avr5\libgcc.a
LOAD d:/atmel/studio/7.0/toolchain/avr8/avr8-gnu-toolchain/bin/../lib/gcc/avr/5.4.0/../../../../avr/lib/avr5\libm.a
START GROUP
LOAD d:/atmel/studio/7.0/toolchain/avr8/avr8-gnu-toolchain/bin/../lib/gcc/avr/5.4.0/avr5\libgcc.a
LOAD d:/atmel/studio/7.0/toolchain/avr8/avr8-gnu-toolchain/bin/../lib/gcc/avr/5.4.0/../../../../avr/lib/avr5\libm.a
LOAD d:/atmel/studio/7.0/toolchain/avr8/avr8-gnu-toolchain/bin/../lib/gcc/avr/5.4.0/../../../../avr/lib/avr5\libc.a
LOAD D:/Atmel/Studio/7.0/Packs/atmel/ATmega_DFP/1.3.300/gcc/dev/atmega644pa/avr5\libatmega644pa.a
END GROUP
                0x00000000                __TEXT_REGION_ORIGIN__ = DEFINED (__TEXT_REGION_ORIGIN__)?__TEXT_REGION_ORIGIN__:0x0
                0x00800060                __DATA_REGION_ORIGIN__ = DEFINED (__DATA_REGION_ORIGIN__)?__DATA_REGION_ORIGIN__:0x800060
                0x00020000                __TEXT_REGION_LENGTH__ = DEFINED (__TEXT_REGION_LENGTH__)?__TEXT_REGION_LENGTH__:0x20000
                0x0000ffa0                __DATA_REGION_LENGTH__ = DEFINED (__DATA_REGION_LENGTH__)?__DATA_REGION_LENGTH__:0xffa0
                0x00010000                __EEPROM_REGION_LENGTH__ = DEFINED (__EEPROM_REGION_LENGTH__)?__EEPROM_REGION_LENGTH__:0x10000
                [0x00000003]                __FUSE_REGION_LENGTH__ = DEFINED (__FUSE_REGION_LENGTH__)?__FUSE_REGION_LENGTH__:0x400
                0x00000400                __LOCK_REGION_LENGTH__ = DEFINED (__LOCK_REGION_LENGTH__)?__LOCK_REGION_LENGTH__:0x400
                0x00000400                __SIGNATURE_REGION_LENGTH__ = DEFINED (__SIGNATURE_REGION_LENGTH__)?__SIGNATURE_REGION_LENGTH__:0x400
                0x00000400                __USER_SIGNATURE_REGION_LENGTH__ = DEFINED (__USER_SIGNATURE_REGION_LENGTH__)?__USER_SIGNATURE_REGION_LENGTH__:0x400

.hash
 *(.hash)

.dynsym
 *(.dynsym)

.dynstr
 *(.dynstr)

.gnu.version
 *(.gnu.version)

.gnu.version_d
 *(.gnu.version_d)

.gnu.version_r
 *(.gnu.version_r)

.rel.init
 *(.rel.init)

.rela.init
 *(.rela.init)

.rel.text
 *(.rel.text)
 *(.rel.text.*)
 *(.rel.gnu.linkonce.t*)

.rela.text
 *(.rela.text)
 *(.rela.text.*)
 *(.rela.gnu.linkonce.t*)

.rel.fini
 *(.rel.fini)

.rela.fini
 *(.rela.fini)

.rel.rodata
 *(.rel.rodata)
 *(.rel.rodata.*)
 *(.rel.gnu.linkonce.r*)

.rela.rodata
 *(.rela.rodata)
 *(.rela.rodata.*)
 *(.rela.gnu.linkonce.r*)

.rel.data
 *(.rel.data)
 *(.rel.data.*)
 *(.rel.gnu.linkonce.d*)

.rela.data
 *(.rela.data)
 *(.rela.data.*)
 *(.rela.gnu.linkonce.d*)

.rel.ctors
 *(.rel.ctors)

.rela.ctors
 *(.rela.ctors)

.rel.dtors
 *(.rel.dtors)

.rela.dtors
 *(.rela.dtors)

.rel.got
 *(.rel.got)

.rela.got
 *(.rela.got)

.rel.bss
 *(.rel.bss)

.rela.bss
 *(.rela.bss)

.rel.plt
 *(.rel.plt)

.rela.plt
 *(.rela.plt)

.text           0x00000000     0x2090
 *(.vectors)
 .vectors       0x00000000       0x7c D:/Atmel/Studio/7.0/Packs/atmel/ATmega_DFP/1.3.300/gcc/dev/atmega644pa/avr5/crtatmega644pa.o
                0x00000000                __vector_default
                0x00000000                __vectors
 *(.vectors)
 *(.progmem.gcc*)
                0x0000007c                . = ALIGN (0x2)
                0x0000007c                __trampolines_start = .
 *(.trampolines)
 .trampolines   0x0000007c        0x0 linker stubs
 *(.trampolines*)
                0x0000007c                __trampolines_end = .
 *libprintf_flt.a:*(.progmem.data)
 *libc.a:*(.progmem.data)
 *(.progmem*)
                0x0000007c                . = ALIGN (0x2)
 *(.jumptables)
 *(.jumptables*)
 *(.lowtext)
 *(.lowtext*)
                0x0000007c                __ctors_start = .
 *(.ctors)
 .ctors         0x0000007c        0x2 main.o
                0x0000007e                __ctors_end = .
                0x0000007e                __dtors_start = .
 *(.dtors)
 .dtors         0x0000007e        0x2 main.o
                0x00000080                __dtors_end = .
 SORT(*)(.ctors)
 SORT(*)(.dtors)
 *(.init0)
 .init0         0x00000080        0x0 D:/Atmel/Studio/7.0/Packs/atmel/ATmega_DFP/1.3.300/gcc/dev/atmega644pa/avr5/crtatmega644pa.o
                0x00000080                __init
 *(.init0)
 *(.init1)
 *(.init1)
 *(.init2)
 .init2         0x00000080        0xc D:/Atmel/Studio/7.0/Packs/atmel/ATmega_DFP/1.3.300/gcc/dev/atmega644pa/avr5/crtatmega644pa.o
 *(.init2)
 *(.init3)
 *(.init3)
 *(.init4)
 .init4         0x0000008c       0x10 d:/atmel/studio/7.0/toolchain/avr8/avr8-gnu-toolchain/bin/../lib/gcc/avr/5.4.0/avr5\libgcc.a(_clear_bss.o)
                0x0000008c                __do_clear_bss
 *(.init4)
 *(.init5)
 *(.init5)
 *(.init6)
 .init6         0x0000009c       0x16 d:/atmel/studio/7.0/toolchain/avr8/avr8-gnu-toolchain/bin/../lib/gcc/avr/5.4.0/avr5\libgcc.a(_ctors.o)
                0x0000009c                __do_global_ctors
 *(.init6)
 *(.init7)
 *(.init7)
 *(.init8)
 *(.init8)
 *(.init9)
 .init9         0x000000b2        0x8 D:/Atmel/Studio/7.0/Packs/atmel/ATmega_DFP/1.3.300/gcc/dev/atmega644pa/avr5/crtatmega644pa.o
 *(.init9)
 *(.text)
 .text          0x000000ba        0x4 D:/Atmel/Studio/7.0/Packs/atmel/ATmega_DFP/1.3.300/gcc/dev/atmega644pa/avr5/crtatmega644pa.o
                0x000000ba                __vector_22
                0x000000ba                __vector_28
                0x000000ba                __vector_1
                0x000000ba                __vector_24
                0x000000ba                __vector_12
                0x000000ba                __bad_interrupt
                0x000000ba                __vector_6
                0x000000ba                __vector_3
                0x000000ba                __vector_23
                0x000000ba                __vector_30
                0x000000ba                __vector_25
                0x000000ba                __vector_11
                0x000000ba                __vector_13
                0x000000ba                __vector_17
                0x000000ba                __vector_19
                0x000000ba                __vector_7
                0x000000ba                __vector_27
                0x000000ba                __vector_5
                0x000000ba                __vector_4
                0x000000ba                __vector_9
                0x000000ba                __vector_2
                0x000000ba                __vector_21
                0x000000ba                __vector_15
                0x000000ba                __vector_29
                0x000000ba                __vector_8
                0x000000ba                __vector_26
                0x000000ba                __vector_14
                0x000000ba                __vector_10
                0x000000ba                __vector_16
                0x000000ba                __vector_18
                0x000000ba                __vector_20
                0x000000be                . = ALIGN (0x2)
 *(.text.*)
 .text._ZN11interpreterC2Ev
                0x000000be       0x86 cpu/interpreter/interpreter.o
                0x000000be                _ZN11interpreterC1Ev
                0x000000be                _ZN11interpreterC2Ev
 .text._ZN11interpreter3incEm
                0x00000144       0x3c cpu/interpreter/interpreter.o
                0x00000144                _ZN11interpreter3incEm
 .text._ZN11interpreter3decEm
                0x00000180       0x3c cpu/interpreter/interpreter.o
                0x00000180                _ZN11interpreter3decEm
 .text._ZN11interpreter2ldEcm
                0x000001bc       0x2a cpu/interpreter/interpreter.o
                0x000001bc                _ZN11interpreter2ldEcm
 .text._ZN11interpreter3ldxEc
                0x000001e6       0x2a cpu/interpreter/interpreter.o
                0x000001e6                _ZN11interpreter3ldxEc
 .text._ZN11interpreter3ldyEc
                0x00000210       0x2a cpu/interpreter/interpreter.o
                0x00000210                _ZN11interpreter3ldyEc
 .text._ZN11interpreter3ldzEc
                0x0000023a       0x2a cpu/interpreter/interpreter.o
                0x0000023a                _ZN11interpreter3ldzEc
 .text._ZN11interpreter3stxEc
                0x00000264       0x44 cpu/interpreter/interpreter.o
                0x00000264                _ZN11interpreter3stxEc
 .text._ZN11interpreter3styEc
                0x000002a8       0x44 cpu/interpreter/interpreter.o
                0x000002a8                _ZN11interpreter3styEc
 .text._ZN11interpreter3stzEc
                0x000002ec       0x44 cpu/interpreter/interpreter.o
                0x000002ec                _ZN11interpreter3stzEc
 .text._ZN11interpreter3stdEmc
                0x00000330       0x10 cpu/interpreter/interpreter.o
                0x00000330                _ZN11interpreter3stdEmc
 .text._ZN11interpreter3svdEmc
                0x00000340       0x10 cpu/interpreter/interpreter.o
                0x00000340                _ZN11interpreter3svdEmc
 .text._ZN11interpreter3svxEc
                0x00000350       0x36 cpu/interpreter/interpreter.o
                0x00000350                _ZN11interpreter3svxEc
 .text._ZN11interpreter3svyEc
                0x00000386       0x36 cpu/interpreter/interpreter.o
                0x00000386                _ZN11interpreter3svyEc
 .text._ZN11interpreter3svzEc
                0x000003bc       0x36 cpu/interpreter/interpreter.o
                0x000003bc                _ZN11interpreter3svzEc
 .text._ZN11interpreter3txsEv
                0x000003f2       0x32 cpu/interpreter/interpreter.o
                0x000003f2                _ZN11interpreter3txsEv
 .text._ZN11interpreter3txyEv
                0x00000424       0x3a cpu/interpreter/interpreter.o
                0x00000424                _ZN11interpreter3txyEv
 .text._ZN11interpreter3txzEv
                0x0000045e       0x3a cpu/interpreter/interpreter.o
                0x0000045e                _ZN11interpreter3txzEv
 .text._ZN11interpreter3tysEv
                0x00000498       0x32 cpu/interpreter/interpreter.o
                0x00000498                _ZN11interpreter3tysEv
 .text._ZN11interpreter3tyxEv
                0x000004ca       0x3a cpu/interpreter/interpreter.o
                0x000004ca                _ZN11interpreter3tyxEv
 .text._ZN11interpreter3tyzEv
                0x00000504       0x3a cpu/interpreter/interpreter.o
                0x00000504                _ZN11interpreter3tyzEv
 .text._ZN11interpreter3tzsEv
                0x0000053e       0x32 cpu/interpreter/interpreter.o
                0x0000053e                _ZN11interpreter3tzsEv
 .text._ZN11interpreter3tzxEv
                0x00000570       0x3a cpu/interpreter/interpreter.o
                0x00000570                _ZN11interpreter3tzxEv
 .text._ZN11interpreter3tzyEv
                0x000005aa       0x3a cpu/interpreter/interpreter.o
                0x000005aa                _ZN11interpreter3tzyEv
 .text._ZN11interpreter3tsxEv
                0x000005e4       0x1e cpu/interpreter/interpreter.o
                0x000005e4                _ZN11interpreter3tsxEv
 .text._ZN11interpreter3tsyEv
                0x00000602       0x1e cpu/interpreter/interpreter.o
                0x00000602                _ZN11interpreter3tsyEv
 .text._ZN11interpreter3tszEv
                0x00000620       0x1e cpu/interpreter/interpreter.o
                0x00000620                _ZN11interpreter3tszEv
 .text._ZN11interpreter3cmpEcc
                0x0000063e       0x34 cpu/interpreter/interpreter.o
                0x0000063e                _ZN11interpreter3cmpEcc
 .text._ZN11interpreter3cpiEcc
                0x00000672       0x34 cpu/interpreter/interpreter.o
                0x00000672                _ZN11interpreter3cpiEcc
 .text._ZN11interpreter3cpmEcm
                0x000006a6       0x52 cpu/interpreter/interpreter.o
                0x000006a6                _ZN11interpreter3cpmEcm
 .text._ZN11interpreter3cpmEmm
                0x000006f8       0x82 cpu/interpreter/interpreter.o
                0x000006f8                _ZN11interpreter3cpmEmm
 .text._ZN11interpreter4breqEm
                0x0000077a       0x18 cpu/interpreter/interpreter.o
                0x0000077a                _ZN11interpreter4breqEm
 .text._ZN11interpreter7breqpcfEm
                0x00000792       0x28 cpu/interpreter/interpreter.o
                0x00000792                _ZN11interpreter7breqpcfEm
 .text._ZN11interpreter7breqpcbEm
                0x000007ba       0x28 cpu/interpreter/interpreter.o
                0x000007ba                _ZN11interpreter7breqpcbEm
 .text._ZN11interpreter4brneEm
                0x000007e2       0x42 cpu/interpreter/interpreter.o
                0x000007e2                _ZN11interpreter4brneEm
 .text._ZN11interpreter7brnepcfEm
                0x00000824       0x52 cpu/interpreter/interpreter.o
                0x00000824                _ZN11interpreter7brnepcfEm
 .text._ZN11interpreter7brnepcbEm
                0x00000876       0x52 cpu/interpreter/interpreter.o
                0x00000876                _ZN11interpreter7brnepcbEm
 .text._ZN11interpreter4brgeEm
                0x000008c8       0x34 cpu/interpreter/interpreter.o
                0x000008c8                _ZN11interpreter4brgeEm
 .text._ZN11interpreter7brgepcfEm
                0x000008fc       0x44 cpu/interpreter/interpreter.o
                0x000008fc                _ZN11interpreter7brgepcfEm
 .text._ZN11interpreter7brgepcbEm
                0x00000940       0x44 cpu/interpreter/interpreter.o
                0x00000940                _ZN11interpreter7brgepcbEm
 .text._ZN11interpreter4brleEm
                0x00000984       0x38 cpu/interpreter/interpreter.o
                0x00000984                _ZN11interpreter4brleEm
 .text._ZN11interpreter7brlepcfEm
                0x000009bc       0x48 cpu/interpreter/interpreter.o
                0x000009bc                _ZN11interpreter7brlepcfEm
 .text._ZN11interpreter7brlepcbEm
                0x00000a04       0x48 cpu/interpreter/interpreter.o
                0x00000a04                _ZN11interpreter7brlepcbEm
 .text._ZN11interpreter3brgEm
                0x00000a4c       0x34 cpu/interpreter/interpreter.o
                0x00000a4c                _ZN11interpreter3brgEm
 .text._ZN11interpreter6brgpcfEm
                0x00000a80       0x44 cpu/interpreter/interpreter.o
                0x00000a80                _ZN11interpreter6brgpcfEm
 .text._ZN11interpreter6brgpcbEm
                0x00000ac4       0x44 cpu/interpreter/interpreter.o
                0x00000ac4                _ZN11interpreter6brgpcbEm
 .text._ZN11interpreter3brlEm
                0x00000b08       0x38 cpu/interpreter/interpreter.o
                0x00000b08                _ZN11interpreter3brlEm
 .text._ZN11interpreter6brlpcfEm
                0x00000b40       0x48 cpu/interpreter/interpreter.o
                0x00000b40                _ZN11interpreter6brlpcfEm
 .text._ZN11interpreter6brlpcbEm
                0x00000b88       0x48 cpu/interpreter/interpreter.o
                0x00000b88                _ZN11interpreter6brlpcbEm
 .text._ZN11interpreter4pushEc
                0x00000bd0       0x38 cpu/interpreter/interpreter.o
                0x00000bd0                _ZN11interpreter4pushEc
 .text._ZN11interpreter4callEm
                0x00000c08       0x38 cpu/interpreter/interpreter.o
                0x00000c08                _ZN11interpreter4callEm
 .text._ZN11interpreter5pushiEh
                0x00000c40       0x32 cpu/interpreter/interpreter.o
                0x00000c40                _ZN11interpreter5pushiEh
 .text._ZN11interpreter3popEv
                0x00000c72       0x32 cpu/interpreter/interpreter.o
                0x00000c72                _ZN11interpreter3popEv
 .text._ZN11interpreter3popEc
                0x00000ca4       0x1c cpu/interpreter/interpreter.o
                0x00000ca4                _ZN11interpreter3popEc
 .text._ZN11interpreter4swapEc
                0x00000cc0        0xe cpu/interpreter/interpreter.o
                0x00000cc0                _ZN11interpreter4swapEc
 .text._ZN11interpreter7syscallEv
                0x00000cce       0x84 cpu/interpreter/interpreter.o
                0x00000cce                _ZN11interpreter7syscallEv
 .text._ZN11interpreter3retEv
                0x00000d52       0x56 cpu/interpreter/interpreter.o
                0x00000d52                _ZN11interpreter3retEv
 .text._ZN11interpreter3runEv
                0x00000da8      0xf2c cpu/interpreter/interpreter.o
                0x00000da8                _ZN11interpreter3runEv
 .text._ZN11interpreterD2Ev
                0x00001cd4        0x2 cpu/interpreter/interpreter.o
                0x00001cd4                _ZN11interpreterD2Ev
                0x00001cd4                _ZN11interpreterD1Ev
 .text._ZN14portcontrollerC2Ev
                0x00001cd6        0x2 drivers/io/port controller/portcontroller.o
                0x00001cd6                _ZN14portcontrollerC1Ev
                0x00001cd6                _ZN14portcontrollerC2Ev
 .text._ZN14portcontroller9readportdEv
                0x00001cd8        0x4 drivers/io/port controller/portcontroller.o
                0x00001cd8                _ZN14portcontroller9readportdEv
 .text._ZN14portcontroller10writeportcEc
                0x00001cdc        0x4 drivers/io/port controller/portcontroller.o
                0x00001cdc                _ZN14portcontroller10writeportcEc
 .text._ZN14portcontroller9writeddraEc
                0x00001ce0        0x4 drivers/io/port controller/portcontroller.o
                0x00001ce0                _ZN14portcontroller9writeddraEc
 .text._ZN14portcontroller9writeddrbEc
                0x00001ce4        0x4 drivers/io/port controller/portcontroller.o
                0x00001ce4                _ZN14portcontroller9writeddrbEc
 .text._ZN14portcontroller9writeddrcEc
                0x00001ce8        0x4 drivers/io/port controller/portcontroller.o
                0x00001ce8                _ZN14portcontroller9writeddrcEc
 .text._ZN14portcontroller9writeddrdEc
                0x00001cec        0x4 drivers/io/port controller/portcontroller.o
                0x00001cec                _ZN14portcontroller9writeddrdEc
 .text._ZN14portcontroller13digitalwriteaEhb
                0x00001cf0       0x32 drivers/io/port controller/portcontroller.o
                0x00001cf0                _ZN14portcontroller13digitalwriteaEhb
 .text._ZN14portcontroller12digitalwriteEhb
                0x00001d22       0x4a drivers/io/port controller/portcontroller.o
                0x00001d22                _ZN14portcontroller12digitalwriteEhb
 .text._ZN14portcontrollerD2Ev
                0x00001d6c        0x2 drivers/io/port controller/portcontroller.o
                0x00001d6c                _ZN14portcontrollerD1Ev
                0x00001d6c                _ZN14portcontrollerD2Ev
 .text._ZN8shiftregC2EhhhP14portcontroller
                0x00001d6e       0x26 drivers/io/shift register/shiftreg.o
                0x00001d6e                _ZN8shiftregC1EhhhP14portcontroller
                0x00001d6e                _ZN8shiftregC2EhhhP14portcontroller
 .text._ZN8shiftreg10shiftout32Em
                0x00001d94       0x98 drivers/io/shift register/shiftreg.o
                0x00001d94                _ZN8shiftreg10shiftout32Em
 .text._ZN8shiftregD2Ev
                0x00001e2c        0x2 drivers/io/shift register/shiftreg.o
                0x00001e2c                _ZN8shiftregD1Ev
                0x00001e2c                _ZN8shiftregD2Ev
 .text._ZN6memoryC2Ev
                0x00001e2e        0x2 drivers/memory/memory.o
                0x00001e2e                _ZN6memoryC2Ev
                0x00001e2e                _ZN6memoryC1Ev
 .text._ZN6memory5writeEmh
                0x00001e30       0x3c drivers/memory/memory.o
                0x00001e30                _ZN6memory5writeEmh
 .text._ZN6memory4readEm
                0x00001e6c       0x1c drivers/memory/memory.o
                0x00001e6c                _ZN6memory4readEm
 .text._ZN6memory6read32Em
                0x00001e88       0xec drivers/memory/memory.o
                0x00001e88                _ZN6memory6read32Em
 .text._ZN6memoryD2Ev
                0x00001f74        0x2 drivers/memory/memory.o
                0x00001f74                _ZN6memoryD1Ev
                0x00001f74                _ZN6memoryD2Ev
 .text._ZN9video_memC2Ev
                0x00001f76        0x2 drivers/memory/video_mem.o
                0x00001f76                _ZN9video_memC1Ev
                0x00001f76                _ZN9video_memC2Ev
 .text._ZN9video_memD2Ev
                0x00001f78        0x2 drivers/memory/video_mem.o
                0x00001f78                _ZN9video_memD2Ev
                0x00001f78                _ZN9video_memD1Ev
 .text._ZN6SerialC2EP8shiftregP14portcontrollerccc
                0x00001f7a        0x2 drivers/serial/Serial.o
                0x00001f7a                _ZN6SerialC1EP8shiftregP14portcontrollerccc
                0x00001f7a                _ZN6SerialC2EP8shiftregP14portcontrollerccc
 .text._ZN6SerialD2Ev
                0x00001f7c        0x2 drivers/serial/Serial.o
                0x00001f7c                _ZN6SerialD1Ev
                0x00001f7c                _ZN6SerialD2Ev
 .text.main     0x00001f7e       0x32 main.o
                0x00001f7e                main
 .text._GLOBAL__sub_I__Z13handlesyscallP11interpreter
                0x00001fb0       0x68 main.o
 .text._GLOBAL__sub_D__Z13handlesyscallP11interpreter
                0x00002018       0x3a main.o
 .text.libgcc.div
                0x00002052       0x18 d:/atmel/studio/7.0/toolchain/avr8/avr8-gnu-toolchain/bin/../lib/gcc/avr/5.4.0/avr5\libgcc.a(_udivmodqi4.o)
                0x00002052                __udivmodqi4
 .text.libgcc   0x0000206a        0xc d:/atmel/studio/7.0/toolchain/avr8/avr8-gnu-toolchain/bin/../lib/gcc/avr/5.4.0/avr5\libgcc.a(_tablejump2.o)
                0x0000206a                __tablejump2__
                0x00002076                . = ALIGN (0x2)
 *(.fini9)
 .fini9         0x00002076        0x0 d:/atmel/studio/7.0/toolchain/avr8/avr8-gnu-toolchain/bin/../lib/gcc/avr/5.4.0/avr5\libgcc.a(_exit.o)
                0x00002076                _exit
                0x00002076                exit
 *(.fini9)
 *(.fini8)
 *(.fini8)
 *(.fini7)
 *(.fini7)
 *(.fini6)
 .fini6         0x00002076       0x16 d:/atmel/studio/7.0/toolchain/avr8/avr8-gnu-toolchain/bin/../lib/gcc/avr/5.4.0/avr5\libgcc.a(_dtors.o)
                0x00002076                __do_global_dtors
 *(.fini6)
 *(.fini5)
 *(.fini5)
 *(.fini4)
 *(.fini4)
 *(.fini3)
 *(.fini3)
 *(.fini2)
 *(.fini2)
 *(.fini1)
 *(.fini1)
 *(.fini0)
 .fini0         0x0000208c        0x4 d:/atmel/studio/7.0/toolchain/avr8/avr8-gnu-toolchain/bin/../lib/gcc/avr/5.4.0/avr5\libgcc.a(_exit.o)
 *(.fini0)
                0x00002090                _etext = .

.data           0x00800100        0x0 load address 0x00002090
                [!provide]                PROVIDE (__data_start, .)
 *(.data)
 *(.data*)
 *(.gnu.linkonce.d*)
 *(.rodata)
 *(.rodata*)
 *(.gnu.linkonce.r*)
                0x00800100                . = ALIGN (0x2)
                0x00800100                _edata = .
                [!provide]                PROVIDE (__data_end, .)

.bss            0x00800100      0x151
                0x00800100                PROVIDE (__bss_start, .)
 *(.bss)
 *(.bss*)
 .bss._ZL11videomemory
                0x00800100        0x9 main.o
 .bss._ZL10mainmemory
                0x00800109        0x9 main.o
 .bss._ZL16interpreter_main
                0x00800112      0x11c main.o
 .bss._ZL3spi   0x0080022e        0x8 main.o
 .bss._ZL5csreg
                0x00800236        0xd main.o
 .bss._ZL6addreg
                0x00800243        0xd main.o
 .bss._ZL4port  0x00800250        0x1 main.o
 *(COMMON)
                0x00800251                PROVIDE (__bss_end, .)
                0x00002090                __data_load_start = LOADADDR (.data)
                0x00002090                __data_load_end = (__data_load_start + SIZEOF (.data))

.noinit         0x00800251        0x0
                [!provide]                PROVIDE (__noinit_start, .)
 *(.noinit*)
                [!provide]                PROVIDE (__noinit_end, .)
                0x00800251                _end = .
                [!provide]                PROVIDE (__heap_start, .)

.eeprom         0x00810000        0x0
 *(.eeprom*)
                0x00810000                __eeprom_end = .

.fuse
 *(.fuse)
 *(.lfuse)
 *(.hfuse)
 *(.efuse)

.lock
 *(.lock*)

.signature
 *(.signature*)

.user_signatures
 *(.user_signatures*)

.stab
 *(.stab)

.stabstr
 *(.stabstr)

.stab.excl
 *(.stab.excl)

.stab.exclstr
 *(.stab.exclstr)

.stab.index
 *(.stab.index)

.stab.indexstr
 *(.stab.indexstr)

.comment        0x00000000       0x30
 *(.comment)
 .comment       0x00000000       0x30 cpu/interpreter/interpreter.o
                                 0x31 (size before relaxing)
 .comment       0x00000030       0x31 drivers/io/port controller/portcontroller.o
 .comment       0x00000030       0x31 drivers/io/shift register/shiftreg.o
 .comment       0x00000030       0x31 drivers/memory/memory.o
 .comment       0x00000030       0x31 drivers/memory/video_mem.o
 .comment       0x00000030       0x31 drivers/serial/Serial.o
 .comment       0x00000030       0x31 main.o

.note.gnu.avr.deviceinfo
                0x00000000       0x40
 .note.gnu.avr.deviceinfo
                0x00000000       0x40 D:/Atmel/Studio/7.0/Packs/atmel/ATmega_DFP/1.3.300/gcc/dev/atmega644pa/avr5/crtatmega644pa.o

.note.gnu.build-id
 *(.note.gnu.build-id)

.debug
 *(.debug)

.line
 *(.line)

.debug_srcinfo
 *(.debug_srcinfo)

.debug_sfnames
 *(.debug_sfnames)

.debug_aranges  0x00000000      0x4d0
 *(.debug_aranges)
 .debug_aranges
                0x00000000      0x280 cpu/interpreter/interpreter.o
 .debug_aranges
                0x00000280       0xd0 drivers/io/port controller/portcontroller.o
 .debug_aranges
                0x00000350       0x58 drivers/io/shift register/shiftreg.o
 .debug_aranges
                0x000003a8       0x50 drivers/memory/memory.o
 .debug_aranges
                0x000003f8       0x28 drivers/memory/video_mem.o
 .debug_aranges
                0x00000420       0x78 drivers/serial/Serial.o
 .debug_aranges
                0x00000498       0x38 main.o

.debug_pubnames
 *(.debug_pubnames)

.debug_info     0x00000000     0x9960
 *(.debug_info .gnu.linkonce.wi.*)
 .debug_info    0x00000000      0x6cc D:/Atmel/Studio/7.0/Packs/atmel/ATmega_DFP/1.3.300/gcc/dev/atmega644pa/avr5/crtatmega644pa.o
 .debug_info    0x000006cc     0x475d cpu/interpreter/interpreter.o
 .debug_info    0x00004e29      0x962 drivers/io/port controller/portcontroller.o
 .debug_info    0x0000578b      0xa28 drivers/io/shift register/shiftreg.o
 .debug_info    0x000061b3      0xac5 drivers/memory/memory.o
 .debug_info    0x00006c78      0x6b7 drivers/memory/video_mem.o
 .debug_info    0x0000732f      0xb3f drivers/serial/Serial.o
 .debug_info    0x00007e6e     0x1af2 main.o

.debug_abbrev   0x00000000     0x16fd
 *(.debug_abbrev)
 .debug_abbrev  0x00000000      0x66e D:/Atmel/Studio/7.0/Packs/atmel/ATmega_DFP/1.3.300/gcc/dev/atmega644pa/avr5/crtatmega644pa.o
 .debug_abbrev  0x0000066e      0x4a0 cpu/interpreter/interpreter.o
 .debug_abbrev  0x00000b0e      0x1c1 drivers/io/port controller/portcontroller.o
 .debug_abbrev  0x00000ccf      0x20b drivers/io/shift register/shiftreg.o
 .debug_abbrev  0x00000eda      0x1d6 drivers/memory/memory.o
 .debug_abbrev  0x000010b0      0x168 drivers/memory/video_mem.o
 .debug_abbrev  0x00001218      0x1d3 drivers/serial/Serial.o
 .debug_abbrev  0x000013eb      0x312 main.o

.debug_line     0x00000000     0x2487
 *(.debug_line .debug_line.* .debug_line_end)
 .debug_line    0x00000000      0x151 D:/Atmel/Studio/7.0/Packs/atmel/ATmega_DFP/1.3.300/gcc/dev/atmega644pa/avr5/crtatmega644pa.o
 .debug_line    0x00000151     0x1590 cpu/interpreter/interpreter.o
 .debug_line    0x000016e1      0x348 drivers/io/port controller/portcontroller.o
 .debug_line    0x00001a29      0x2d6 drivers/io/shift register/shiftreg.o
 .debug_line    0x00001cff      0x1f3 drivers/memory/memory.o
 .debug_line    0x00001ef2      0x12b drivers/memory/video_mem.o
 .debug_line    0x0000201d      0x1f9 drivers/serial/Serial.o
 .debug_line    0x00002216      0x271 main.o

.debug_frame    0x00000000      0xbe8
 *(.debug_frame)
 .debug_frame   0x00000000      0x6b8 cpu/interpreter/interpreter.o
 .debug_frame   0x000006b8      0x184 drivers/io/port controller/portcontroller.o
 .debug_frame   0x0000083c      0x154 drivers/io/shift register/shiftreg.o
 .debug_frame   0x00000990       0xec drivers/memory/memory.o
 .debug_frame   0x00000a7c       0x34 drivers/memory/video_mem.o
 .debug_frame   0x00000ab0       0xd4 drivers/serial/Serial.o
 .debug_frame   0x00000b84       0x64 main.o

.debug_str      0x00000000     0x1bd0
 *(.debug_str)
 .debug_str     0x00000000      0x252 D:/Atmel/Studio/7.0/Packs/atmel/ATmega_DFP/1.3.300/gcc/dev/atmega644pa/avr5/crtatmega644pa.o
 .debug_str     0x00000252     0x1410 cpu/interpreter/interpreter.o
                               0x1499 (size before relaxing)
 .debug_str     0x00001662       0x99 drivers/io/port controller/portcontroller.o
                                0x621 (size before relaxing)
 .debug_str     0x000016fb       0x8c drivers/io/shift register/shiftreg.o
                                0x7ad (size before relaxing)
 .debug_str     0x00001787       0x83 drivers/memory/memory.o
                                0x8ac (size before relaxing)
 .debug_str     0x0000180a       0x9d drivers/memory/video_mem.o
                                0x7de (size before relaxing)
 .debug_str     0x000018a7      0x222 drivers/serial/Serial.o
                                0x936 (size before relaxing)
 .debug_str     0x00001ac9      0x107 main.o
                               0x15e4 (size before relaxing)

.debug_loc      0x00000000     0x4283
 *(.debug_loc)
 .debug_loc     0x00000000     0x34dd cpu/interpreter/interpreter.o
 .debug_loc     0x000034dd      0x3cf drivers/io/port controller/portcontroller.o
 .debug_loc     0x000038ac      0x5ab drivers/io/shift register/shiftreg.o
 .debug_loc     0x00003e57      0x318 drivers/memory/memory.o
 .debug_loc     0x0000416f       0x72 drivers/serial/Serial.o
 .debug_loc     0x000041e1       0xa2 main.o

.debug_macinfo
 *(.debug_macinfo)

.debug_weaknames
 *(.debug_weaknames)

.debug_funcnames
 *(.debug_funcnames)

.debug_typenames
 *(.debug_typenames)

.debug_varnames
 *(.debug_varnames)

.debug_pubtypes
 *(.debug_pubtypes)

.debug_ranges   0x00000000      0x598
 *(.debug_ranges)
 .debug_ranges  0x00000000      0x3a8 cpu/interpreter/interpreter.o
 .debug_ranges  0x000003a8       0xc0 drivers/io/port controller/portcontroller.o
 .debug_ranges  0x00000468       0x48 drivers/io/shift register/shiftreg.o
 .debug_ranges  0x000004b0       0x40 drivers/memory/memory.o
 .debug_ranges  0x000004f0       0x18 drivers/memory/video_mem.o
 .debug_ranges  0x00000508       0x68 drivers/serial/Serial.o
 .debug_ranges  0x00000570       0x28 main.o

.debug_macro
 *(.debug_macro)
OUTPUT(os.elf elf32-avr)
LOAD linker stubs
