Archive member included to satisfy reference by file (symbol)

c:/program files (x86)/atmel/studio/7.0/toolchain/avr8/avr8-gnu-toolchain/bin/../lib/gcc/avr/5.4.0/avr5\libgcc.a(_exit.o)
                              C:/Program Files (x86)/Atmel/Studio/7.0/Packs/atmel/ATmega_DFP/1.3.300/gcc/dev/atmega644p/avr5/crtatmega644p.o (exit)
c:/program files (x86)/atmel/studio/7.0/toolchain/avr8/avr8-gnu-toolchain/bin/../lib/gcc/avr/5.4.0/avr5\libgcc.a(_clear_bss.o)
                              main.o (__do_clear_bss)
c:/program files (x86)/atmel/studio/7.0/toolchain/avr8/avr8-gnu-toolchain/bin/../lib/gcc/avr/5.4.0/avr5\libgcc.a(_ctors.o)
                              main.o (__do_global_ctors)
c:/program files (x86)/atmel/studio/7.0/toolchain/avr8/avr8-gnu-toolchain/bin/../lib/gcc/avr/5.4.0/avr5\libgcc.a(_dtors.o)
                              main.o (__do_global_dtors)
c:/program files (x86)/atmel/studio/7.0/toolchain/avr8/avr8-gnu-toolchain/bin/../lib/gcc/avr/5.4.0/avr5\libgcc.a(_ashrdi3.o)
                              drivers/io/shift register/shiftreg.o (__lshrdi3)
c:/program files (x86)/atmel/studio/7.0/toolchain/avr8/avr8-gnu-toolchain/bin/../lib/gcc/avr/5.4.0/avr5\libgcc.a(_cmpdi2_s8.o)
                              drivers/io/shift register/shiftreg.o (__cmpdi2_s8)
c:/program files (x86)/atmel/studio/7.0/toolchain/avr8/avr8-gnu-toolchain/bin/../lib/gcc/avr/5.4.0/avr5\libgcc.a(_tablejump2.o)
                              c:/program files (x86)/atmel/studio/7.0/toolchain/avr8/avr8-gnu-toolchain/bin/../lib/gcc/avr/5.4.0/avr5\libgcc.a(_ctors.o) (__tablejump2__)

Discarded input sections

 .data          0x00000000        0x0 C:/Program Files (x86)/Atmel/Studio/7.0/Packs/atmel/ATmega_DFP/1.3.300/gcc/dev/atmega644p/avr5/crtatmega644p.o
 .bss           0x00000000        0x0 C:/Program Files (x86)/Atmel/Studio/7.0/Packs/atmel/ATmega_DFP/1.3.300/gcc/dev/atmega644p/avr5/crtatmega644p.o
 .text          0x00000000        0x0 cpu/communication/serial.o
 .data          0x00000000        0x0 cpu/communication/serial.o
 .bss           0x00000000        0x0 cpu/communication/serial.o
 .text._ZN6serialC2Ev
                0x00000000        0x2 cpu/communication/serial.o
 .text._ZN6serialD2Ev
                0x00000000        0x2 cpu/communication/serial.o
 .debug_info    0x00000000      0x173 cpu/communication/serial.o
 .debug_abbrev  0x00000000       0xf0 cpu/communication/serial.o
 .debug_aranges
                0x00000000       0x28 cpu/communication/serial.o
 .debug_ranges  0x00000000       0x18 cpu/communication/serial.o
 .debug_line    0x00000000       0x69 cpu/communication/serial.o
 .debug_str     0x00000000      0x1bc cpu/communication/serial.o
 .comment       0x00000000       0x31 cpu/communication/serial.o
 .debug_frame   0x00000000       0x34 cpu/communication/serial.o
 .text          0x00000000        0x0 cpu/interpreter/interpreter.o
 .data          0x00000000        0x0 cpu/interpreter/interpreter.o
 .bss           0x00000000        0x0 cpu/interpreter/interpreter.o
 .text._ZN11interpreter3incEj
                0x00000000       0x2c cpu/interpreter/interpreter.o
 .text._ZN11interpreter3decEc
                0x00000000        0xe cpu/interpreter/interpreter.o
 .text._ZN11interpreter3decEj
                0x00000000       0x2c cpu/interpreter/interpreter.o
 .text._ZN11interpreter3runEv
                0x00000000       0x5a cpu/interpreter/interpreter.o
 .text._ZN11interpreter3movEcc
                0x00000000       0x12 cpu/interpreter/interpreter.o
 .text._ZN11interpreter2ldEcj
                0x00000000       0x22 cpu/interpreter/interpreter.o
 .text._ZN11interpreter3ldiEcc
                0x00000000        0xa cpu/interpreter/interpreter.o
 .text._ZN11interpreter2stEjc
                0x00000000        0xc cpu/interpreter/interpreter.o
 .text._ZN11interpreter3stvEjc
                0x00000000        0xc cpu/interpreter/interpreter.o
 .text._ZN11interpreter7syscallEv
                0x00000000        0x2 cpu/interpreter/interpreter.o
 .text          0x00000000        0x0 cpu/interrupts/interrupts.o
 .data          0x00000000        0x0 cpu/interrupts/interrupts.o
 .bss           0x00000000        0x0 cpu/interrupts/interrupts.o
 .text._ZN10interrupts15handleinterruptEv
                0x00000000        0x2 cpu/interrupts/interrupts.o
 .text          0x00000000        0x0 drivers/io/lcd/lcd.o
 .data          0x00000000        0x0 drivers/io/lcd/lcd.o
 .bss           0x00000000        0x0 drivers/io/lcd/lcd.o
 .text._ZN3lcdC2EP14portcontroller
                0x00000000        0x2 drivers/io/lcd/lcd.o
 .text          0x00000000        0x0 drivers/io/port controller/portcontroller.o
 .data          0x00000000        0x0 drivers/io/port controller/portcontroller.o
 .bss           0x00000000        0x0 drivers/io/port controller/portcontroller.o
 .text._ZN14portcontroller9readportaEv
                0x00000000        0x4 drivers/io/port controller/portcontroller.o
 .text._ZN14portcontroller9readportbEv
                0x00000000        0x4 drivers/io/port controller/portcontroller.o
 .text._ZN14portcontroller9readportcEv
                0x00000000        0x4 drivers/io/port controller/portcontroller.o
 .text._ZN14portcontroller9readportdEv
                0x00000000        0x4 drivers/io/port controller/portcontroller.o
 .text._ZN14portcontroller8readddraEv
                0x00000000        0x4 drivers/io/port controller/portcontroller.o
 .text._ZN14portcontroller8readddrbEv
                0x00000000        0x4 drivers/io/port controller/portcontroller.o
 .text._ZN14portcontroller8readddrcEv
                0x00000000        0x4 drivers/io/port controller/portcontroller.o
 .text._ZN14portcontroller8readddrdEv
                0x00000000        0x4 drivers/io/port controller/portcontroller.o
 .text._ZN14portcontroller10writeportaEc
                0x00000000        0x4 drivers/io/port controller/portcontroller.o
 .text._ZN14portcontroller10writeportbEc
                0x00000000        0x4 drivers/io/port controller/portcontroller.o
 .text._ZN14portcontroller10writeportdEc
                0x00000000        0x4 drivers/io/port controller/portcontroller.o
 .text._ZN14portcontroller9writeddrbEc
                0x00000000        0x4 drivers/io/port controller/portcontroller.o
 .text._ZN14portcontroller9writeddrdEc
                0x00000000        0x4 drivers/io/port controller/portcontroller.o
 .text._ZN14portcontroller13digitalwritebEhb
                0x00000000       0x80 drivers/io/port controller/portcontroller.o
 .text._ZN14portcontroller13digitalwritecEhb
                0x00000000       0x80 drivers/io/port controller/portcontroller.o
 .text._ZN14portcontroller13digitalwritedEhb
                0x00000000       0x80 drivers/io/port controller/portcontroller.o
 .text          0x00000000        0x0 drivers/io/shift register/shiftreg.o
 .data          0x00000000        0x0 drivers/io/shift register/shiftreg.o
 .bss           0x00000000        0x0 drivers/io/shift register/shiftreg.o
 .text._ZN8shiftregC2Ev
                0x00000000        0x2 drivers/io/shift register/shiftreg.o
 .text._ZN8shiftreg10shiftout16Ej
                0x00000000       0xe0 drivers/io/shift register/shiftreg.o
 .text._ZN8shiftreg8shiftoutEv
                0x00000000        0xc drivers/io/shift register/shiftreg.o
 .text._ZN8shiftreg10shiftout32Em
                0x00000000       0x98 drivers/io/shift register/shiftreg.o
 .text          0x00000000        0x0 drivers/mem/eeprom.o
 .data          0x00000000        0x0 drivers/mem/eeprom.o
 .bss           0x00000000        0x0 drivers/mem/eeprom.o
 .text._ZN6eepromC2Ev
                0x00000000        0x2 drivers/mem/eeprom.o
 .text          0x00000000        0x0 drivers/mem/rom.o
 .data          0x00000000        0x0 drivers/mem/rom.o
 .bss           0x00000000        0x0 drivers/mem/rom.o
 .text._ZN3romC2Ev
                0x00000000        0x2 drivers/mem/rom.o
 .text._ZN3rom4readEv
                0x00000000       0x20 drivers/mem/rom.o
 .text._ZN3rom4readEi
                0x00000000       0x1c drivers/mem/rom.o
 .text._ZN3rom10setaddressEj
                0x00000000       0x1e drivers/mem/rom.o
 .text._ZN3rom7getaddrEv
                0x00000000        0x8 drivers/mem/rom.o
 .text          0x00000000        0x0 drivers/mem/volatile/ram.o
 .data          0x00000000        0x0 drivers/mem/volatile/ram.o
 .bss           0x00000000        0x0 drivers/mem/volatile/ram.o
 .text._ZN3ram4readEi
                0x00000000       0x1c drivers/mem/volatile/ram.o
 .text._ZN3ram5writeEhc
                0x00000000       0x64 drivers/mem/volatile/ram.o
 .text._ZN3ram5writeEjc
                0x00000000       0x58 drivers/mem/volatile/ram.o
 .text          0x00000000        0x0 drivers/mem/volatile/Vram.o
 .data          0x00000000        0x0 drivers/mem/volatile/Vram.o
 .bss           0x00000000        0x0 drivers/mem/volatile/Vram.o
 .text._ZN4Vram9writeDataEv
                0x00000000        0x2 drivers/mem/volatile/Vram.o
 .text._ZN4Vram9cleardataEv
                0x00000000        0x2 drivers/mem/volatile/Vram.o
 .text._ZN4Vram16writeInstructionEv
                0x00000000        0x2 drivers/mem/volatile/Vram.o
 .text._ZN4Vram15writecustomcharEPh
                0x00000000       0x3a drivers/mem/volatile/Vram.o
 .text          0x00000000        0x0 main.o
 .data          0x00000000        0x0 main.o
 .bss           0x00000000        0x0 main.o
 .text._Z10runprogrami
                0x00000000        0x2 main.o
 .bss.gpvariables
                0x00000000        0x8 main.o
 .text          0x00000000        0x0 c:/program files (x86)/atmel/studio/7.0/toolchain/avr8/avr8-gnu-toolchain/bin/../lib/gcc/avr/5.4.0/avr5\libgcc.a(_exit.o)
 .data          0x00000000        0x0 c:/program files (x86)/atmel/studio/7.0/toolchain/avr8/avr8-gnu-toolchain/bin/../lib/gcc/avr/5.4.0/avr5\libgcc.a(_exit.o)
 .bss           0x00000000        0x0 c:/program files (x86)/atmel/studio/7.0/toolchain/avr8/avr8-gnu-toolchain/bin/../lib/gcc/avr/5.4.0/avr5\libgcc.a(_exit.o)
 .text.libgcc.mul
                0x00000000        0x0 c:/program files (x86)/atmel/studio/7.0/toolchain/avr8/avr8-gnu-toolchain/bin/../lib/gcc/avr/5.4.0/avr5\libgcc.a(_exit.o)
 .text.libgcc.div
                0x00000000        0x0 c:/program files (x86)/atmel/studio/7.0/toolchain/avr8/avr8-gnu-toolchain/bin/../lib/gcc/avr/5.4.0/avr5\libgcc.a(_exit.o)
 .text.libgcc   0x00000000        0x0 c:/program files (x86)/atmel/studio/7.0/toolchain/avr8/avr8-gnu-toolchain/bin/../lib/gcc/avr/5.4.0/avr5\libgcc.a(_exit.o)
 .text.libgcc.prologue
                0x00000000        0x0 c:/program files (x86)/atmel/studio/7.0/toolchain/avr8/avr8-gnu-toolchain/bin/../lib/gcc/avr/5.4.0/avr5\libgcc.a(_exit.o)
 .text.libgcc.builtins
                0x00000000        0x0 c:/program files (x86)/atmel/studio/7.0/toolchain/avr8/avr8-gnu-toolchain/bin/../lib/gcc/avr/5.4.0/avr5\libgcc.a(_exit.o)
 .text.libgcc.fmul
                0x00000000        0x0 c:/program files (x86)/atmel/studio/7.0/toolchain/avr8/avr8-gnu-toolchain/bin/../lib/gcc/avr/5.4.0/avr5\libgcc.a(_exit.o)
 .text.libgcc.fixed
                0x00000000        0x0 c:/program files (x86)/atmel/studio/7.0/toolchain/avr8/avr8-gnu-toolchain/bin/../lib/gcc/avr/5.4.0/avr5\libgcc.a(_exit.o)
 .text          0x00000000        0x0 c:/program files (x86)/atmel/studio/7.0/toolchain/avr8/avr8-gnu-toolchain/bin/../lib/gcc/avr/5.4.0/avr5\libgcc.a(_clear_bss.o)
 .data          0x00000000        0x0 c:/program files (x86)/atmel/studio/7.0/toolchain/avr8/avr8-gnu-toolchain/bin/../lib/gcc/avr/5.4.0/avr5\libgcc.a(_clear_bss.o)
 .bss           0x00000000        0x0 c:/program files (x86)/atmel/studio/7.0/toolchain/avr8/avr8-gnu-toolchain/bin/../lib/gcc/avr/5.4.0/avr5\libgcc.a(_clear_bss.o)
 .text.libgcc.mul
                0x00000000        0x0 c:/program files (x86)/atmel/studio/7.0/toolchain/avr8/avr8-gnu-toolchain/bin/../lib/gcc/avr/5.4.0/avr5\libgcc.a(_clear_bss.o)
 .text.libgcc.div
                0x00000000        0x0 c:/program files (x86)/atmel/studio/7.0/toolchain/avr8/avr8-gnu-toolchain/bin/../lib/gcc/avr/5.4.0/avr5\libgcc.a(_clear_bss.o)
 .text.libgcc   0x00000000        0x0 c:/program files (x86)/atmel/studio/7.0/toolchain/avr8/avr8-gnu-toolchain/bin/../lib/gcc/avr/5.4.0/avr5\libgcc.a(_clear_bss.o)
 .text.libgcc.prologue
                0x00000000        0x0 c:/program files (x86)/atmel/studio/7.0/toolchain/avr8/avr8-gnu-toolchain/bin/../lib/gcc/avr/5.4.0/avr5\libgcc.a(_clear_bss.o)
 .text.libgcc.builtins
                0x00000000        0x0 c:/program files (x86)/atmel/studio/7.0/toolchain/avr8/avr8-gnu-toolchain/bin/../lib/gcc/avr/5.4.0/avr5\libgcc.a(_clear_bss.o)
 .text.libgcc.fmul
                0x00000000        0x0 c:/program files (x86)/atmel/studio/7.0/toolchain/avr8/avr8-gnu-toolchain/bin/../lib/gcc/avr/5.4.0/avr5\libgcc.a(_clear_bss.o)
 .text.libgcc.fixed
                0x00000000        0x0 c:/program files (x86)/atmel/studio/7.0/toolchain/avr8/avr8-gnu-toolchain/bin/../lib/gcc/avr/5.4.0/avr5\libgcc.a(_clear_bss.o)
 .text          0x00000000        0x0 c:/program files (x86)/atmel/studio/7.0/toolchain/avr8/avr8-gnu-toolchain/bin/../lib/gcc/avr/5.4.0/avr5\libgcc.a(_ctors.o)
 .data          0x00000000        0x0 c:/program files (x86)/atmel/studio/7.0/toolchain/avr8/avr8-gnu-toolchain/bin/../lib/gcc/avr/5.4.0/avr5\libgcc.a(_ctors.o)
 .bss           0x00000000        0x0 c:/program files (x86)/atmel/studio/7.0/toolchain/avr8/avr8-gnu-toolchain/bin/../lib/gcc/avr/5.4.0/avr5\libgcc.a(_ctors.o)
 .text.libgcc.mul
                0x00000000        0x0 c:/program files (x86)/atmel/studio/7.0/toolchain/avr8/avr8-gnu-toolchain/bin/../lib/gcc/avr/5.4.0/avr5\libgcc.a(_ctors.o)
 .text.libgcc.div
                0x00000000        0x0 c:/program files (x86)/atmel/studio/7.0/toolchain/avr8/avr8-gnu-toolchain/bin/../lib/gcc/avr/5.4.0/avr5\libgcc.a(_ctors.o)
 .text.libgcc   0x00000000        0x0 c:/program files (x86)/atmel/studio/7.0/toolchain/avr8/avr8-gnu-toolchain/bin/../lib/gcc/avr/5.4.0/avr5\libgcc.a(_ctors.o)
 .text.libgcc.prologue
                0x00000000        0x0 c:/program files (x86)/atmel/studio/7.0/toolchain/avr8/avr8-gnu-toolchain/bin/../lib/gcc/avr/5.4.0/avr5\libgcc.a(_ctors.o)
 .text.libgcc.builtins
                0x00000000        0x0 c:/program files (x86)/atmel/studio/7.0/toolchain/avr8/avr8-gnu-toolchain/bin/../lib/gcc/avr/5.4.0/avr5\libgcc.a(_ctors.o)
 .text.libgcc.fmul
                0x00000000        0x0 c:/program files (x86)/atmel/studio/7.0/toolchain/avr8/avr8-gnu-toolchain/bin/../lib/gcc/avr/5.4.0/avr5\libgcc.a(_ctors.o)
 .text.libgcc.fixed
                0x00000000        0x0 c:/program files (x86)/atmel/studio/7.0/toolchain/avr8/avr8-gnu-toolchain/bin/../lib/gcc/avr/5.4.0/avr5\libgcc.a(_ctors.o)
 .text          0x00000000        0x0 c:/program files (x86)/atmel/studio/7.0/toolchain/avr8/avr8-gnu-toolchain/bin/../lib/gcc/avr/5.4.0/avr5\libgcc.a(_dtors.o)
 .data          0x00000000        0x0 c:/program files (x86)/atmel/studio/7.0/toolchain/avr8/avr8-gnu-toolchain/bin/../lib/gcc/avr/5.4.0/avr5\libgcc.a(_dtors.o)
 .bss           0x00000000        0x0 c:/program files (x86)/atmel/studio/7.0/toolchain/avr8/avr8-gnu-toolchain/bin/../lib/gcc/avr/5.4.0/avr5\libgcc.a(_dtors.o)
 .text.libgcc.mul
                0x00000000        0x0 c:/program files (x86)/atmel/studio/7.0/toolchain/avr8/avr8-gnu-toolchain/bin/../lib/gcc/avr/5.4.0/avr5\libgcc.a(_dtors.o)
 .text.libgcc.div
                0x00000000        0x0 c:/program files (x86)/atmel/studio/7.0/toolchain/avr8/avr8-gnu-toolchain/bin/../lib/gcc/avr/5.4.0/avr5\libgcc.a(_dtors.o)
 .text.libgcc   0x00000000        0x0 c:/program files (x86)/atmel/studio/7.0/toolchain/avr8/avr8-gnu-toolchain/bin/../lib/gcc/avr/5.4.0/avr5\libgcc.a(_dtors.o)
 .text.libgcc.prologue
                0x00000000        0x0 c:/program files (x86)/atmel/studio/7.0/toolchain/avr8/avr8-gnu-toolchain/bin/../lib/gcc/avr/5.4.0/avr5\libgcc.a(_dtors.o)
 .text.libgcc.builtins
                0x00000000        0x0 c:/program files (x86)/atmel/studio/7.0/toolchain/avr8/avr8-gnu-toolchain/bin/../lib/gcc/avr/5.4.0/avr5\libgcc.a(_dtors.o)
 .text.libgcc.fmul
                0x00000000        0x0 c:/program files (x86)/atmel/studio/7.0/toolchain/avr8/avr8-gnu-toolchain/bin/../lib/gcc/avr/5.4.0/avr5\libgcc.a(_dtors.o)
 .text.libgcc.fixed
                0x00000000        0x0 c:/program files (x86)/atmel/studio/7.0/toolchain/avr8/avr8-gnu-toolchain/bin/../lib/gcc/avr/5.4.0/avr5\libgcc.a(_dtors.o)
 .text          0x00000000        0x0 c:/program files (x86)/atmel/studio/7.0/toolchain/avr8/avr8-gnu-toolchain/bin/../lib/gcc/avr/5.4.0/avr5\libgcc.a(_ashrdi3.o)
 .data          0x00000000        0x0 c:/program files (x86)/atmel/studio/7.0/toolchain/avr8/avr8-gnu-toolchain/bin/../lib/gcc/avr/5.4.0/avr5\libgcc.a(_ashrdi3.o)
 .bss           0x00000000        0x0 c:/program files (x86)/atmel/studio/7.0/toolchain/avr8/avr8-gnu-toolchain/bin/../lib/gcc/avr/5.4.0/avr5\libgcc.a(_ashrdi3.o)
 .text.libgcc.mul
                0x00000000        0x0 c:/program files (x86)/atmel/studio/7.0/toolchain/avr8/avr8-gnu-toolchain/bin/../lib/gcc/avr/5.4.0/avr5\libgcc.a(_ashrdi3.o)
 .text.libgcc.div
                0x00000000        0x0 c:/program files (x86)/atmel/studio/7.0/toolchain/avr8/avr8-gnu-toolchain/bin/../lib/gcc/avr/5.4.0/avr5\libgcc.a(_ashrdi3.o)
 .text.libgcc   0x00000000        0x0 c:/program files (x86)/atmel/studio/7.0/toolchain/avr8/avr8-gnu-toolchain/bin/../lib/gcc/avr/5.4.0/avr5\libgcc.a(_ashrdi3.o)
 .text.libgcc.prologue
                0x00000000        0x0 c:/program files (x86)/atmel/studio/7.0/toolchain/avr8/avr8-gnu-toolchain/bin/../lib/gcc/avr/5.4.0/avr5\libgcc.a(_ashrdi3.o)
 .text.libgcc.fmul
                0x00000000        0x0 c:/program files (x86)/atmel/studio/7.0/toolchain/avr8/avr8-gnu-toolchain/bin/../lib/gcc/avr/5.4.0/avr5\libgcc.a(_ashrdi3.o)
 .text.libgcc.fixed
                0x00000000        0x0 c:/program files (x86)/atmel/studio/7.0/toolchain/avr8/avr8-gnu-toolchain/bin/../lib/gcc/avr/5.4.0/avr5\libgcc.a(_ashrdi3.o)
 .text          0x00000000        0x0 c:/program files (x86)/atmel/studio/7.0/toolchain/avr8/avr8-gnu-toolchain/bin/../lib/gcc/avr/5.4.0/avr5\libgcc.a(_cmpdi2_s8.o)
 .data          0x00000000        0x0 c:/program files (x86)/atmel/studio/7.0/toolchain/avr8/avr8-gnu-toolchain/bin/../lib/gcc/avr/5.4.0/avr5\libgcc.a(_cmpdi2_s8.o)
 .bss           0x00000000        0x0 c:/program files (x86)/atmel/studio/7.0/toolchain/avr8/avr8-gnu-toolchain/bin/../lib/gcc/avr/5.4.0/avr5\libgcc.a(_cmpdi2_s8.o)
 .text.libgcc.mul
                0x00000000        0x0 c:/program files (x86)/atmel/studio/7.0/toolchain/avr8/avr8-gnu-toolchain/bin/../lib/gcc/avr/5.4.0/avr5\libgcc.a(_cmpdi2_s8.o)
 .text.libgcc.div
                0x00000000        0x0 c:/program files (x86)/atmel/studio/7.0/toolchain/avr8/avr8-gnu-toolchain/bin/../lib/gcc/avr/5.4.0/avr5\libgcc.a(_cmpdi2_s8.o)
 .text.libgcc.prologue
                0x00000000        0x0 c:/program files (x86)/atmel/studio/7.0/toolchain/avr8/avr8-gnu-toolchain/bin/../lib/gcc/avr/5.4.0/avr5\libgcc.a(_cmpdi2_s8.o)
 .text.libgcc.builtins
                0x00000000        0x0 c:/program files (x86)/atmel/studio/7.0/toolchain/avr8/avr8-gnu-toolchain/bin/../lib/gcc/avr/5.4.0/avr5\libgcc.a(_cmpdi2_s8.o)
 .text.libgcc.fmul
                0x00000000        0x0 c:/program files (x86)/atmel/studio/7.0/toolchain/avr8/avr8-gnu-toolchain/bin/../lib/gcc/avr/5.4.0/avr5\libgcc.a(_cmpdi2_s8.o)
 .text.libgcc.fixed
                0x00000000        0x0 c:/program files (x86)/atmel/studio/7.0/toolchain/avr8/avr8-gnu-toolchain/bin/../lib/gcc/avr/5.4.0/avr5\libgcc.a(_cmpdi2_s8.o)
 .text          0x00000000        0x0 c:/program files (x86)/atmel/studio/7.0/toolchain/avr8/avr8-gnu-toolchain/bin/../lib/gcc/avr/5.4.0/avr5\libgcc.a(_tablejump2.o)
 .data          0x00000000        0x0 c:/program files (x86)/atmel/studio/7.0/toolchain/avr8/avr8-gnu-toolchain/bin/../lib/gcc/avr/5.4.0/avr5\libgcc.a(_tablejump2.o)
 .bss           0x00000000        0x0 c:/program files (x86)/atmel/studio/7.0/toolchain/avr8/avr8-gnu-toolchain/bin/../lib/gcc/avr/5.4.0/avr5\libgcc.a(_tablejump2.o)
 .text.libgcc.mul
                0x00000000        0x0 c:/program files (x86)/atmel/studio/7.0/toolchain/avr8/avr8-gnu-toolchain/bin/../lib/gcc/avr/5.4.0/avr5\libgcc.a(_tablejump2.o)
 .text.libgcc.div
                0x00000000        0x0 c:/program files (x86)/atmel/studio/7.0/toolchain/avr8/avr8-gnu-toolchain/bin/../lib/gcc/avr/5.4.0/avr5\libgcc.a(_tablejump2.o)
 .text.libgcc.prologue
                0x00000000        0x0 c:/program files (x86)/atmel/studio/7.0/toolchain/avr8/avr8-gnu-toolchain/bin/../lib/gcc/avr/5.4.0/avr5\libgcc.a(_tablejump2.o)
 .text.libgcc.builtins
                0x00000000        0x0 c:/program files (x86)/atmel/studio/7.0/toolchain/avr8/avr8-gnu-toolchain/bin/../lib/gcc/avr/5.4.0/avr5\libgcc.a(_tablejump2.o)
 .text.libgcc.fmul
                0x00000000        0x0 c:/program files (x86)/atmel/studio/7.0/toolchain/avr8/avr8-gnu-toolchain/bin/../lib/gcc/avr/5.4.0/avr5\libgcc.a(_tablejump2.o)
 .text.libgcc.fixed
                0x00000000        0x0 c:/program files (x86)/atmel/studio/7.0/toolchain/avr8/avr8-gnu-toolchain/bin/../lib/gcc/avr/5.4.0/avr5\libgcc.a(_tablejump2.o)

Memory Configuration

Name             Origin             Length             Attributes
text             0x00000000         0x00020000         xr
data             0x00800060         0x0000ffa0         rw !x
eeprom           0x00810000         0x00010000         rw !x
fuse             0x00820000         0x00000003         rw !x
lock             0x00830000         0x00000400         rw !x
signature        0x00840000         0x00000400         rw !x
user_signatures  0x00850000         0x00000400         rw !x
*default*        0x00000000         0xffffffff

Linker script and memory map

Address of section .data set to 0x800100
LOAD C:/Program Files (x86)/Atmel/Studio/7.0/Packs/atmel/ATmega_DFP/1.3.300/gcc/dev/atmega644p/avr5/crtatmega644p.o
LOAD cpu/communication/serial.o
LOAD cpu/interpreter/interpreter.o
LOAD cpu/interrupts/interrupts.o
LOAD drivers/io/lcd/lcd.o
LOAD drivers/io/port controller/portcontroller.o
LOAD drivers/io/shift register/shiftreg.o
LOAD drivers/mem/eeprom.o
LOAD drivers/mem/rom.o
LOAD drivers/mem/volatile/ram.o
LOAD drivers/mem/volatile/Vram.o
LOAD main.o
START GROUP
LOAD c:/program files (x86)/atmel/studio/7.0/toolchain/avr8/avr8-gnu-toolchain/bin/../lib/gcc/avr/5.4.0/../../../../avr/lib/avr5\libm.a
END GROUP
LOAD c:/program files (x86)/atmel/studio/7.0/toolchain/avr8/avr8-gnu-toolchain/bin/../lib/gcc/avr/5.4.0/avr5\libgcc.a
LOAD c:/program files (x86)/atmel/studio/7.0/toolchain/avr8/avr8-gnu-toolchain/bin/../lib/gcc/avr/5.4.0/../../../../avr/lib/avr5\libm.a
START GROUP
LOAD c:/program files (x86)/atmel/studio/7.0/toolchain/avr8/avr8-gnu-toolchain/bin/../lib/gcc/avr/5.4.0/avr5\libgcc.a
LOAD c:/program files (x86)/atmel/studio/7.0/toolchain/avr8/avr8-gnu-toolchain/bin/../lib/gcc/avr/5.4.0/../../../../avr/lib/avr5\libm.a
LOAD c:/program files (x86)/atmel/studio/7.0/toolchain/avr8/avr8-gnu-toolchain/bin/../lib/gcc/avr/5.4.0/../../../../avr/lib/avr5\libc.a
LOAD C:/Program Files (x86)/Atmel/Studio/7.0/Packs/atmel/ATmega_DFP/1.3.300/gcc/dev/atmega644p/avr5\libatmega644p.a
END GROUP
                0x00000000                __TEXT_REGION_ORIGIN__ = DEFINED (__TEXT_REGION_ORIGIN__)?__TEXT_REGION_ORIGIN__:0x0
                0x00800060                __DATA_REGION_ORIGIN__ = DEFINED (__DATA_REGION_ORIGIN__)?__DATA_REGION_ORIGIN__:0x800060
                0x00020000                __TEXT_REGION_LENGTH__ = DEFINED (__TEXT_REGION_LENGTH__)?__TEXT_REGION_LENGTH__:0x20000
                0x0000ffa0                __DATA_REGION_LENGTH__ = DEFINED (__DATA_REGION_LENGTH__)?__DATA_REGION_LENGTH__:0xffa0
                0x00010000                __EEPROM_REGION_LENGTH__ = DEFINED (__EEPROM_REGION_LENGTH__)?__EEPROM_REGION_LENGTH__:0x10000
                [0x00000003]                __FUSE_REGION_LENGTH__ = DEFINED (__FUSE_REGION_LENGTH__)?__FUSE_REGION_LENGTH__:0x400
                0x00000400                __LOCK_REGION_LENGTH__ = DEFINED (__LOCK_REGION_LENGTH__)?__LOCK_REGION_LENGTH__:0x400
                0x00000400                __SIGNATURE_REGION_LENGTH__ = DEFINED (__SIGNATURE_REGION_LENGTH__)?__SIGNATURE_REGION_LENGTH__:0x400
                0x00000400                __USER_SIGNATURE_REGION_LENGTH__ = DEFINED (__USER_SIGNATURE_REGION_LENGTH__)?__USER_SIGNATURE_REGION_LENGTH__:0x400

.hash
 *(.hash)

.dynsym
 *(.dynsym)

.dynstr
 *(.dynstr)

.gnu.version
 *(.gnu.version)

.gnu.version_d
 *(.gnu.version_d)

.gnu.version_r
 *(.gnu.version_r)

.rel.init
 *(.rel.init)

.rela.init
 *(.rela.init)

.rel.text
 *(.rel.text)
 *(.rel.text.*)
 *(.rel.gnu.linkonce.t*)

.rela.text
 *(.rela.text)
 *(.rela.text.*)
 *(.rela.gnu.linkonce.t*)

.rel.fini
 *(.rel.fini)

.rela.fini
 *(.rela.fini)

.rel.rodata
 *(.rel.rodata)
 *(.rel.rodata.*)
 *(.rel.gnu.linkonce.r*)

.rela.rodata
 *(.rela.rodata)
 *(.rela.rodata.*)
 *(.rela.gnu.linkonce.r*)

.rel.data
 *(.rel.data)
 *(.rel.data.*)
 *(.rel.gnu.linkonce.d*)

.rela.data
 *(.rela.data)
 *(.rela.data.*)
 *(.rela.gnu.linkonce.d*)

.rel.ctors
 *(.rel.ctors)

.rela.ctors
 *(.rela.ctors)

.rel.dtors
 *(.rel.dtors)

.rela.dtors
 *(.rela.dtors)

.rel.got
 *(.rel.got)

.rela.got
 *(.rela.got)

.rel.bss
 *(.rel.bss)

.rela.bss
 *(.rela.bss)

.rel.plt
 *(.rel.plt)

.rela.plt
 *(.rela.plt)

.text           0x00000000      0xb26
 *(.vectors)
 .vectors       0x00000000       0x7c C:/Program Files (x86)/Atmel/Studio/7.0/Packs/atmel/ATmega_DFP/1.3.300/gcc/dev/atmega644p/avr5/crtatmega644p.o
                0x00000000                __vector_default
                0x00000000                __vectors
 *(.vectors)
 *(.progmem.gcc*)
                0x0000007c                . = ALIGN (0x2)
                0x0000007c                __trampolines_start = .
 *(.trampolines)
 .trampolines   0x0000007c        0x0 linker stubs
 *(.trampolines*)
                0x0000007c                __trampolines_end = .
 *libprintf_flt.a:*(.progmem.data)
 *libc.a:*(.progmem.data)
 *(.progmem*)
                0x0000007c                . = ALIGN (0x2)
 *(.jumptables)
 *(.jumptables*)
 *(.lowtext)
 *(.lowtext*)
                0x0000007c                __ctors_start = .
 *(.ctors)
 .ctors         0x0000007c        0x2 main.o
                0x0000007e                __ctors_end = .
                0x0000007e                __dtors_start = .
 *(.dtors)
 .dtors         0x0000007e        0x2 main.o
                0x00000080                __dtors_end = .
 SORT(*)(.ctors)
 SORT(*)(.dtors)
 *(.init0)
 .init0         0x00000080        0x0 C:/Program Files (x86)/Atmel/Studio/7.0/Packs/atmel/ATmega_DFP/1.3.300/gcc/dev/atmega644p/avr5/crtatmega644p.o
                0x00000080                __init
 *(.init0)
 *(.init1)
 *(.init1)
 *(.init2)
 .init2         0x00000080        0xc C:/Program Files (x86)/Atmel/Studio/7.0/Packs/atmel/ATmega_DFP/1.3.300/gcc/dev/atmega644p/avr5/crtatmega644p.o
 *(.init2)
 *(.init3)
 *(.init3)
 *(.init4)
 .init4         0x0000008c       0x10 c:/program files (x86)/atmel/studio/7.0/toolchain/avr8/avr8-gnu-toolchain/bin/../lib/gcc/avr/5.4.0/avr5\libgcc.a(_clear_bss.o)
                0x0000008c                __do_clear_bss
 *(.init4)
 *(.init5)
 *(.init5)
 *(.init6)
 .init6         0x0000009c       0x16 c:/program files (x86)/atmel/studio/7.0/toolchain/avr8/avr8-gnu-toolchain/bin/../lib/gcc/avr/5.4.0/avr5\libgcc.a(_ctors.o)
                0x0000009c                __do_global_ctors
 *(.init6)
 *(.init7)
 *(.init7)
 *(.init8)
 *(.init8)
 *(.init9)
 .init9         0x000000b2        0x8 C:/Program Files (x86)/Atmel/Studio/7.0/Packs/atmel/ATmega_DFP/1.3.300/gcc/dev/atmega644p/avr5/crtatmega644p.o
 *(.init9)
 *(.text)
 .text          0x000000ba        0x4 C:/Program Files (x86)/Atmel/Studio/7.0/Packs/atmel/ATmega_DFP/1.3.300/gcc/dev/atmega644p/avr5/crtatmega644p.o
                0x000000ba                __vector_22
                0x000000ba                __vector_28
                0x000000ba                __vector_1
                0x000000ba                __vector_24
                0x000000ba                __vector_12
                0x000000ba                __bad_interrupt
                0x000000ba                __vector_6
                0x000000ba                __vector_3
                0x000000ba                __vector_23
                0x000000ba                __vector_30
                0x000000ba                __vector_25
                0x000000ba                __vector_11
                0x000000ba                __vector_13
                0x000000ba                __vector_17
                0x000000ba                __vector_19
                0x000000ba                __vector_7
                0x000000ba                __vector_27
                0x000000ba                __vector_5
                0x000000ba                __vector_4
                0x000000ba                __vector_9
                0x000000ba                __vector_2
                0x000000ba                __vector_21
                0x000000ba                __vector_15
                0x000000ba                __vector_29
                0x000000ba                __vector_8
                0x000000ba                __vector_26
                0x000000ba                __vector_14
                0x000000ba                __vector_10
                0x000000ba                __vector_16
                0x000000ba                __vector_18
                0x000000ba                __vector_20
                0x000000be                . = ALIGN (0x2)
 *(.text.*)
 .text._ZN11interpreterC2Ev
                0x000000be       0x54 cpu/interpreter/interpreter.o
                0x000000be                _ZN11interpreterC1Ev
                0x000000be                _ZN11interpreterC2Ev
 .text._ZN11interpreter3incEc
                0x00000112        0xe cpu/interpreter/interpreter.o
                0x00000112                _ZN11interpreter3incEc
 .text._ZN11interpreter3nopEv
                0x00000120        0x4 cpu/interpreter/interpreter.o
                0x00000120                _ZN11interpreter3nopEv
 .text._ZN11interpreterD2Ev
                0x00000124        0x2 cpu/interpreter/interpreter.o
                0x00000124                _ZN11interpreterD2Ev
                0x00000124                _ZN11interpreterD1Ev
 .text._ZN10interruptsC2Ev
                0x00000126        0x2 cpu/interrupts/interrupts.o
                0x00000126                _ZN10interruptsC2Ev
                0x00000126                _ZN10interruptsC1Ev
 .text._ZN10interruptsD2Ev
                0x00000128        0x2 cpu/interrupts/interrupts.o
                0x00000128                _ZN10interruptsD2Ev
                0x00000128                _ZN10interruptsD1Ev
 .text._ZN3lcdC2Ev
                0x0000012a        0x2 drivers/io/lcd/lcd.o
                0x0000012a                _ZN3lcdC1Ev
                0x0000012a                _ZN3lcdC2Ev
 .text._ZN3lcdD2Ev
                0x0000012c        0x2 drivers/io/lcd/lcd.o
                0x0000012c                _ZN3lcdD2Ev
                0x0000012c                _ZN3lcdD1Ev
 .text._ZN14portcontrollerC2Ev
                0x0000012e        0x2 drivers/io/port controller/portcontroller.o
                0x0000012e                _ZN14portcontrollerC1Ev
                0x0000012e                _ZN14portcontrollerC2Ev
 .text._ZN14portcontroller10writeportcEc
                0x00000130        0x4 drivers/io/port controller/portcontroller.o
                0x00000130                _ZN14portcontroller10writeportcEc
 .text._ZN14portcontroller9writeddraEc
                0x00000134        0x4 drivers/io/port controller/portcontroller.o
                0x00000134                _ZN14portcontroller9writeddraEc
 .text._ZN14portcontroller9writeddrcEc
                0x00000138        0x4 drivers/io/port controller/portcontroller.o
                0x00000138                _ZN14portcontroller9writeddrcEc
 .text._ZN14portcontroller13digitalwriteaEhb
                0x0000013c       0x80 drivers/io/port controller/portcontroller.o
                0x0000013c                _ZN14portcontroller13digitalwriteaEhb
 .text._ZN14portcontroller12digitalwriteEhb
                0x000001bc       0x4a drivers/io/port controller/portcontroller.o
                0x000001bc                _ZN14portcontroller12digitalwriteEhb
 .text._ZN14portcontrollerD2Ev
                0x00000206        0x2 drivers/io/port controller/portcontroller.o
                0x00000206                _ZN14portcontrollerD1Ev
                0x00000206                _ZN14portcontrollerD2Ev
 .text._ZN8shiftregC2EhhhP14portcontroller
                0x00000208       0x26 drivers/io/shift register/shiftreg.o
                0x00000208                _ZN8shiftregC1EhhhP14portcontroller
                0x00000208                _ZN8shiftregC2EhhhP14portcontroller
 .text._ZN8shiftreg9shiftout8Eh
                0x0000022e       0x86 drivers/io/shift register/shiftreg.o
                0x0000022e                _ZN8shiftreg9shiftout8Eh
 .text._ZN8shiftreg10shiftout64Ey
                0x000002b4       0xbe drivers/io/shift register/shiftreg.o
                0x000002b4                _ZN8shiftreg10shiftout64Ey
 .text._ZN8shiftregD2Ev
                0x00000372        0x2 drivers/io/shift register/shiftreg.o
                0x00000372                _ZN8shiftregD1Ev
                0x00000372                _ZN8shiftregD2Ev
 .text._ZN6eepromC2EP14portcontrollerP8shiftregS3_hy
                0x00000374       0x60 drivers/mem/eeprom.o
                0x00000374                _ZN6eepromC1EP14portcontrollerP8shiftregS3_hy
                0x00000374                _ZN6eepromC2EP14portcontrollerP8shiftregS3_hy
 .text._ZN6eepromD2Ev
                0x000003d4        0x2 drivers/mem/eeprom.o
                0x000003d4                _ZN6eepromD1Ev
                0x000003d4                _ZN6eepromD2Ev
 .text._ZN3romC2EP14portcontrollerP8shiftregy
                0x000003d6       0x44 drivers/mem/rom.o
                0x000003d6                _ZN3romC1EP14portcontrollerP8shiftregy
                0x000003d6                _ZN3romC2EP14portcontrollerP8shiftregy
 .text._ZN3romD2Ev
                0x0000041a        0x2 drivers/mem/rom.o
                0x0000041a                _ZN3romD2Ev
                0x0000041a                _ZN3romD1Ev
 .text._ZN3ramC2EP14portcontrollerP8shiftregS3_hy
                0x0000041c       0x5e drivers/mem/volatile/ram.o
                0x0000041c                _ZN3ramC2EP14portcontrollerP8shiftregS3_hy
                0x0000041c                _ZN3ramC1EP14portcontrollerP8shiftregS3_hy
 .text._ZN3ram5writeEyc
                0x0000047a       0x5e drivers/mem/volatile/ram.o
                0x0000047a                _ZN3ram5writeEyc
 .text._ZN3ramD2Ev
                0x000004d8        0x2 drivers/mem/volatile/ram.o
                0x000004d8                _ZN3ramD1Ev
                0x000004d8                _ZN3ramD2Ev
 .text._ZN4VramC2EP14portcontrollerP8shiftregS3_hy
                0x000004da       0x36 drivers/mem/volatile/Vram.o
                0x000004da                _ZN4VramC1EP14portcontrollerP8shiftregS3_hy
                0x000004da                _ZN4VramC2EP14portcontrollerP8shiftregS3_hy
 .text._ZN4VramD2Ev
                0x00000510        0x6 drivers/mem/volatile/Vram.o
                0x00000510                _ZN4VramD1Ev
                0x00000510                _ZN4VramD2Ev
 .text._Z11storememoryyc
                0x00000516      0x1b4 main.o
                0x00000516                _Z11storememoryyc
 .text.main     0x000006ca       0x44 main.o
                0x000006ca                main
 .text._GLOBAL__sub_I_gpvariables
                0x0000070e      0x2d0 main.o
 .text._GLOBAL__sub_D_gpvariables
                0x000009de       0xce main.o
 .text.libgcc.builtins
                0x00000aac       0x3c c:/program files (x86)/atmel/studio/7.0/toolchain/avr8/avr8-gnu-toolchain/bin/../lib/gcc/avr/5.4.0/avr5\libgcc.a(_ashrdi3.o)
                0x00000aac                __ashrdi3
                0x00000ab0                __lshrdi3
 .text.libgcc   0x00000ae8       0x18 c:/program files (x86)/atmel/studio/7.0/toolchain/avr8/avr8-gnu-toolchain/bin/../lib/gcc/avr/5.4.0/avr5\libgcc.a(_cmpdi2_s8.o)
                0x00000ae8                __cmpdi2_s8
 .text.libgcc   0x00000b00        0xc c:/program files (x86)/atmel/studio/7.0/toolchain/avr8/avr8-gnu-toolchain/bin/../lib/gcc/avr/5.4.0/avr5\libgcc.a(_tablejump2.o)
                0x00000b00                __tablejump2__
                0x00000b0c                . = ALIGN (0x2)
 *(.fini9)
 .fini9         0x00000b0c        0x0 c:/program files (x86)/atmel/studio/7.0/toolchain/avr8/avr8-gnu-toolchain/bin/../lib/gcc/avr/5.4.0/avr5\libgcc.a(_exit.o)
                0x00000b0c                _exit
                0x00000b0c                exit
 *(.fini9)
 *(.fini8)
 *(.fini8)
 *(.fini7)
 *(.fini7)
 *(.fini6)
 .fini6         0x00000b0c       0x16 c:/program files (x86)/atmel/studio/7.0/toolchain/avr8/avr8-gnu-toolchain/bin/../lib/gcc/avr/5.4.0/avr5\libgcc.a(_dtors.o)
                0x00000b0c                __do_global_dtors
 *(.fini6)
 *(.fini5)
 *(.fini5)
 *(.fini4)
 *(.fini4)
 *(.fini3)
 *(.fini3)
 *(.fini2)
 *(.fini2)
 *(.fini1)
 *(.fini1)
 *(.fini0)
 .fini0         0x00000b22        0x4 c:/program files (x86)/atmel/studio/7.0/toolchain/avr8/avr8-gnu-toolchain/bin/../lib/gcc/avr/5.4.0/avr5\libgcc.a(_exit.o)
 *(.fini0)
                0x00000b26                _etext = .

.data           0x00800100        0x0 load address 0x00000b26
                [!provide]                PROVIDE (__data_start, .)
 *(.data)
 *(.data*)
 *(.gnu.linkonce.d*)
 *(.rodata)
 *(.rodata*)
 *(.gnu.linkonce.r*)
                0x00800100                . = ALIGN (0x2)
                0x00800100                _edata = .
                [!provide]                PROVIDE (__data_end, .)

.bss            0x00800100      0x2a1
                0x00800100                PROVIDE (__bss_start, .)
 *(.bss)
 *(.bss*)
 .bss._ZL5disp1
                0x00800100        0x2 main.o
 .bss._ZL9interpret
                0x00800102      0x115 main.o
 .bss._ZL10irqhandler
                0x00800217        0x2 main.o
 .bss._ZL8storage3
                0x00800219       0x11 main.o
 .bss._ZL8storage2
                0x0080022a       0x11 main.o
 .bss._ZL8storage1
                0x0080023b       0x11 main.o
 .bss._ZL8storage0
                0x0080024c       0x11 main.o
 .bss._ZL8fattable
                0x0080025d       0x11 main.o
 .bss._ZL8program3
                0x0080026e       0x14 main.o
 .bss._ZL8program2
                0x00800282       0x14 main.o
 .bss._ZL8program1
                0x00800296       0x14 main.o
 .bss._ZL8program0
                0x008002aa       0x14 main.o
 .bss._ZL8settings
                0x008002be       0x14 main.o
 .bss._ZL4bios  0x008002d2       0x14 main.o
 .bss._ZL11rambanklist
                0x008002e6       0x50 main.o
 .bss._ZL5bank4
                0x00800336       0x10 main.o
 .bss._ZL5bank3
                0x00800346       0x10 main.o
 .bss._ZL5bank2
                0x00800356       0x10 main.o
 .bss._ZL5bank1
                0x00800366       0x10 main.o
 .bss._ZL5bank0
                0x00800376       0x10 main.o
 .bss._ZL7datareg
                0x00800386        0xd main.o
 .bss._ZL6addreg
                0x00800393        0xd main.o
 .bss._ZL4port  0x008003a0        0x1 main.o
 *(COMMON)
                0x008003a1                PROVIDE (__bss_end, .)
                0x00000b26                __data_load_start = LOADADDR (.data)
                0x00000b26                __data_load_end = (__data_load_start + SIZEOF (.data))

.noinit         0x008003a1        0x0
                [!provide]                PROVIDE (__noinit_start, .)
 *(.noinit*)
                [!provide]                PROVIDE (__noinit_end, .)
                0x008003a1                _end = .
                [!provide]                PROVIDE (__heap_start, .)

.eeprom         0x00810000        0x0
 *(.eeprom*)
                0x00810000                __eeprom_end = .

.fuse
 *(.fuse)
 *(.lfuse)
 *(.hfuse)
 *(.efuse)

.lock
 *(.lock*)

.signature
 *(.signature*)

.user_signatures
 *(.user_signatures*)

.stab
 *(.stab)

.stabstr
 *(.stabstr)

.stab.excl
 *(.stab.excl)

.stab.exclstr
 *(.stab.exclstr)

.stab.index
 *(.stab.index)

.stab.indexstr
 *(.stab.indexstr)

.comment        0x00000000       0x30
 *(.comment)
 .comment       0x00000000       0x30 cpu/interpreter/interpreter.o
                                 0x31 (size before relaxing)
 .comment       0x00000030       0x31 cpu/interrupts/interrupts.o
 .comment       0x00000030       0x31 drivers/io/lcd/lcd.o
 .comment       0x00000030       0x31 drivers/io/port controller/portcontroller.o
 .comment       0x00000030       0x31 drivers/io/shift register/shiftreg.o
 .comment       0x00000030       0x31 drivers/mem/eeprom.o
 .comment       0x00000030       0x31 drivers/mem/rom.o
 .comment       0x00000030       0x31 drivers/mem/volatile/ram.o
 .comment       0x00000030       0x31 drivers/mem/volatile/Vram.o
 .comment       0x00000030       0x31 main.o

.note.gnu.avr.deviceinfo
                0x00000000       0x40
 .note.gnu.avr.deviceinfo
                0x00000000       0x40 C:/Program Files (x86)/Atmel/Studio/7.0/Packs/atmel/ATmega_DFP/1.3.300/gcc/dev/atmega644p/avr5/crtatmega644p.o

.note.gnu.build-id
 *(.note.gnu.build-id)

.debug
 *(.debug)

.line
 *(.line)

.debug_srcinfo
 *(.debug_srcinfo)

.debug_sfnames
 *(.debug_sfnames)

.debug_aranges  0x00000000      0x360
 *(.debug_aranges)
 .debug_aranges
                0x00000000       0x88 cpu/interpreter/interpreter.o
 .debug_aranges
                0x00000088       0x30 cpu/interrupts/interrupts.o
 .debug_aranges
                0x000000b8       0x30 drivers/io/lcd/lcd.o
 .debug_aranges
                0x000000e8       0xd0 drivers/io/port controller/portcontroller.o
 .debug_aranges
                0x000001b8       0x58 drivers/io/shift register/shiftreg.o
 .debug_aranges
                0x00000210       0x30 drivers/mem/eeprom.o
 .debug_aranges
                0x00000240       0x50 drivers/mem/rom.o
 .debug_aranges
                0x00000290       0x48 drivers/mem/volatile/ram.o
 .debug_aranges
                0x000002d8       0x48 drivers/mem/volatile/Vram.o
 .debug_aranges
                0x00000320       0x40 main.o

.debug_pubnames
 *(.debug_pubnames)

.debug_info     0x00000000     0x7e7c
 *(.debug_info .gnu.linkonce.wi.*)
 .debug_info    0x00000000      0x6cc C:/Program Files (x86)/Atmel/Studio/7.0/Packs/atmel/ATmega_DFP/1.3.300/gcc/dev/atmega644p/avr5/crtatmega644p.o
 .debug_info    0x000006cc     0x1473 cpu/interpreter/interpreter.o
 .debug_info    0x00001b3f      0x1ed cpu/interrupts/interrupts.o
 .debug_info    0x00001d2c      0x597 drivers/io/lcd/lcd.o
 .debug_info    0x000022c3      0x949 drivers/io/port controller/portcontroller.o
 .debug_info    0x00002c0c      0xa5a drivers/io/shift register/shiftreg.o
 .debug_info    0x00003666      0x8d1 drivers/mem/eeprom.o
 .debug_info    0x00003f37      0x927 drivers/mem/rom.o
 .debug_info    0x0000485e      0xc6f drivers/mem/volatile/ram.o
 .debug_info    0x000054cd      0xbf2 drivers/mem/volatile/Vram.o
 .debug_info    0x000060bf     0x1dbd main.o

.debug_abbrev   0x00000000     0x1bf9
 *(.debug_abbrev)
 .debug_abbrev  0x00000000      0x66e C:/Program Files (x86)/Atmel/Studio/7.0/Packs/atmel/ATmega_DFP/1.3.300/gcc/dev/atmega644p/avr5/crtatmega644p.o
 .debug_abbrev  0x0000066e      0x341 cpu/interpreter/interpreter.o
 .debug_abbrev  0x000009af      0x135 cpu/interrupts/interrupts.o
 .debug_abbrev  0x00000ae4      0x175 drivers/io/lcd/lcd.o
 .debug_abbrev  0x00000c59      0x1c1 drivers/io/port controller/portcontroller.o
 .debug_abbrev  0x00000e1a      0x214 drivers/io/shift register/shiftreg.o
 .debug_abbrev  0x0000102e      0x1ac drivers/mem/eeprom.o
 .debug_abbrev  0x000011da      0x246 drivers/mem/rom.o
 .debug_abbrev  0x00001420      0x25f drivers/mem/volatile/ram.o
 .debug_abbrev  0x0000167f      0x278 drivers/mem/volatile/Vram.o
 .debug_abbrev  0x000018f7      0x302 main.o

.debug_line     0x00000000     0x1a9c
 *(.debug_line .debug_line.* .debug_line_end)
 .debug_line    0x00000000      0x151 C:/Program Files (x86)/Atmel/Studio/7.0/Packs/atmel/ATmega_DFP/1.3.300/gcc/dev/atmega644p/avr5/crtatmega644p.o
 .debug_line    0x00000151      0x367 cpu/interpreter/interpreter.o
 .debug_line    0x000004b8       0x7e cpu/interrupts/interrupts.o
 .debug_line    0x00000536      0x10b drivers/io/lcd/lcd.o
 .debug_line    0x00000641      0x600 drivers/io/port controller/portcontroller.o
 .debug_line    0x00000c41      0x2d6 drivers/io/shift register/shiftreg.o
 .debug_line    0x00000f17      0x176 drivers/mem/eeprom.o
 .debug_line    0x0000108d      0x1d4 drivers/mem/rom.o
 .debug_line    0x00001261      0x2d7 drivers/mem/volatile/ram.o
 .debug_line    0x00001538      0x1ce drivers/mem/volatile/Vram.o
 .debug_line    0x00001706      0x396 main.o

.debug_frame    0x00000000      0x898
 *(.debug_frame)
 .debug_frame   0x00000000      0x12c cpu/interpreter/interpreter.o
 .debug_frame   0x0000012c       0x44 cpu/interrupts/interrupts.o
 .debug_frame   0x00000170       0x44 drivers/io/lcd/lcd.o
 .debug_frame   0x000001b4      0x184 drivers/io/port controller/portcontroller.o
 .debug_frame   0x00000338      0x154 drivers/io/shift register/shiftreg.o
 .debug_frame   0x0000048c       0x80 drivers/mem/eeprom.o
 .debug_frame   0x0000050c       0xc8 drivers/mem/rom.o
 .debug_frame   0x000005d4       0xf8 drivers/mem/volatile/ram.o
 .debug_frame   0x000006cc       0xd0 drivers/mem/volatile/Vram.o
 .debug_frame   0x0000079c       0xfc main.o

.debug_str      0x00000000     0x16b6
 *(.debug_str)
 .debug_str     0x00000000      0x252 C:/Program Files (x86)/Atmel/Studio/7.0/Packs/atmel/ATmega_DFP/1.3.300/gcc/dev/atmega644p/avr5/crtatmega644p.o
 .debug_str     0x00000252      0xd32 cpu/interpreter/interpreter.o
                                0xdcd (size before relaxing)
 .debug_str     0x00000f84       0xf3 cpu/interrupts/interrupts.o
                                0x230 (size before relaxing)
 .debug_str     0x00001077       0xc9 drivers/io/lcd/lcd.o
                                0x66f (size before relaxing)
 .debug_str     0x00001140       0x61 drivers/io/port controller/portcontroller.o
                                0x5f2 (size before relaxing)
 .debug_str     0x000011a1       0x94 drivers/io/shift register/shiftreg.o
                                0x7b0 (size before relaxing)
 .debug_str     0x00001235      0x16d drivers/mem/eeprom.o
                                0x8d6 (size before relaxing)
 .debug_str     0x000013a2       0x56 drivers/mem/rom.o
                                0x85a (size before relaxing)
 .debug_str     0x000013f8       0xc8 drivers/mem/volatile/ram.o
                                0x960 (size before relaxing)
 .debug_str     0x000014c0       0x63 drivers/mem/volatile/Vram.o
                                0xa79 (size before relaxing)
 .debug_str     0x00001523      0x193 main.o
                               0x10f1 (size before relaxing)

.debug_loc      0x00000000     0x1bd7
 *(.debug_loc)
 .debug_loc     0x00000000      0x49d cpu/interpreter/interpreter.o
 .debug_loc     0x0000049d      0x2bf drivers/io/port controller/portcontroller.o
 .debug_loc     0x0000075c      0x5ab drivers/io/shift register/shiftreg.o
 .debug_loc     0x00000d07      0x1cf drivers/mem/eeprom.o
 .debug_loc     0x00000ed6      0x1e4 drivers/mem/rom.o
 .debug_loc     0x000010ba      0x596 drivers/mem/volatile/ram.o
 .debug_loc     0x00001650      0x2c6 drivers/mem/volatile/Vram.o
 .debug_loc     0x00001916      0x2c1 main.o

.debug_macinfo
 *(.debug_macinfo)

.debug_weaknames
 *(.debug_weaknames)

.debug_funcnames
 *(.debug_funcnames)

.debug_typenames
 *(.debug_typenames)

.debug_varnames
 *(.debug_varnames)

.debug_pubtypes
 *(.debug_pubtypes)

.debug_ranges   0x00000000      0x2c0
 *(.debug_ranges)
 .debug_ranges  0x00000000       0x78 cpu/interpreter/interpreter.o
 .debug_ranges  0x00000078       0x20 cpu/interrupts/interrupts.o
 .debug_ranges  0x00000098       0x20 drivers/io/lcd/lcd.o
 .debug_ranges  0x000000b8       0xc0 drivers/io/port controller/portcontroller.o
 .debug_ranges  0x00000178       0x48 drivers/io/shift register/shiftreg.o
 .debug_ranges  0x000001c0       0x20 drivers/mem/eeprom.o
 .debug_ranges  0x000001e0       0x40 drivers/mem/rom.o
 .debug_ranges  0x00000220       0x38 drivers/mem/volatile/ram.o
 .debug_ranges  0x00000258       0x38 drivers/mem/volatile/Vram.o
 .debug_ranges  0x00000290       0x30 main.o

.debug_macro
 *(.debug_macro)
OUTPUT(os.elf elf32-avr)
LOAD linker stubs
