Archive member included to satisfy reference by file (symbol)

c:/program files (x86)/atmel/studio/7.0/toolchain/avr8/avr8-gnu-toolchain/bin/../lib/gcc/avr/5.4.0/avr5\libgcc.a(_udivmodqi4.o)
                              cpu/interpreter/interpreter.o (__udivmodqi4)
c:/program files (x86)/atmel/studio/7.0/toolchain/avr8/avr8-gnu-toolchain/bin/../lib/gcc/avr/5.4.0/avr5\libgcc.a(_exit.o)
                              C:/Program Files (x86)/Atmel/Studio/7.0/Packs/atmel/ATmega_DFP/1.3.300/gcc/dev/atmega644pa/avr5/crtatmega644pa.o (exit)
c:/program files (x86)/atmel/studio/7.0/toolchain/avr8/avr8-gnu-toolchain/bin/../lib/gcc/avr/5.4.0/avr5\libgcc.a(_clear_bss.o)
                              main.o (__do_clear_bss)
c:/program files (x86)/atmel/studio/7.0/toolchain/avr8/avr8-gnu-toolchain/bin/../lib/gcc/avr/5.4.0/avr5\libgcc.a(_ctors.o)
                              main.o (__do_global_ctors)
c:/program files (x86)/atmel/studio/7.0/toolchain/avr8/avr8-gnu-toolchain/bin/../lib/gcc/avr/5.4.0/avr5\libgcc.a(_dtors.o)
                              main.o (__do_global_dtors)
c:/program files (x86)/atmel/studio/7.0/toolchain/avr8/avr8-gnu-toolchain/bin/../lib/gcc/avr/5.4.0/avr5\libgcc.a(_ashrdi3.o)
                              drivers/io/shift register/shiftreg.o (__lshrdi3)
c:/program files (x86)/atmel/studio/7.0/toolchain/avr8/avr8-gnu-toolchain/bin/../lib/gcc/avr/5.4.0/avr5\libgcc.a(_cmpdi2_s8.o)
                              drivers/io/shift register/shiftreg.o (__cmpdi2_s8)
c:/program files (x86)/atmel/studio/7.0/toolchain/avr8/avr8-gnu-toolchain/bin/../lib/gcc/avr/5.4.0/avr5\libgcc.a(_tablejump2.o)
                              c:/program files (x86)/atmel/studio/7.0/toolchain/avr8/avr8-gnu-toolchain/bin/../lib/gcc/avr/5.4.0/avr5\libgcc.a(_ctors.o) (__tablejump2__)

Discarded input sections

 .data          0x00000000        0x0 C:/Program Files (x86)/Atmel/Studio/7.0/Packs/atmel/ATmega_DFP/1.3.300/gcc/dev/atmega644pa/avr5/crtatmega644pa.o
 .bss           0x00000000        0x0 C:/Program Files (x86)/Atmel/Studio/7.0/Packs/atmel/ATmega_DFP/1.3.300/gcc/dev/atmega644pa/avr5/crtatmega644pa.o
 .text          0x00000000        0x0 cpu/communication/Serial.o
 .data          0x00000000        0x0 cpu/communication/Serial.o
 .bss           0x00000000        0x0 cpu/communication/Serial.o
 .text._ZN6SerialC2Ev
                0x00000000        0x2 cpu/communication/Serial.o
 .text._ZN6SerialC2EP8shiftreg
                0x00000000        0x8 cpu/communication/Serial.o
 .text._ZN6Serial4sendEPcii
                0x00000000       0xa6 cpu/communication/Serial.o
 .text          0x00000000        0x0 cpu/interpreter/interpreter.o
 .data          0x00000000        0x0 cpu/interpreter/interpreter.o
 .bss           0x00000000        0x0 cpu/interpreter/interpreter.o
 .text._ZN11interpreter3incEj
                0x00000000       0x2c cpu/interpreter/interpreter.o
 .text._ZN11interpreter3decEc
                0x00000000        0xe cpu/interpreter/interpreter.o
 .text._ZN11interpreter3decEj
                0x00000000       0x2c cpu/interpreter/interpreter.o
 .text._ZN11interpreter3runEv
                0x00000000      0x152 cpu/interpreter/interpreter.o
 .text._ZN11interpreter3movEcc
                0x00000000       0x12 cpu/interpreter/interpreter.o
 .text._ZN11interpreter2ldEcj
                0x00000000       0x22 cpu/interpreter/interpreter.o
 .text._ZN11interpreter3stxEc
                0x00000000       0x38 cpu/interpreter/interpreter.o
 .text._ZN11interpreter3styEc
                0x00000000       0x38 cpu/interpreter/interpreter.o
 .text._ZN11interpreter3stzEc
                0x00000000       0x38 cpu/interpreter/interpreter.o
 .text._ZN11interpreter3stdEjc
                0x00000000        0xc cpu/interpreter/interpreter.o
 .text._ZN11interpreter3svdEjc
                0x00000000        0xc cpu/interpreter/interpreter.o
 .text._ZN11interpreter3svxEc
                0x00000000       0x2c cpu/interpreter/interpreter.o
 .text._ZN11interpreter3svyEc
                0x00000000       0x2c cpu/interpreter/interpreter.o
 .text._ZN11interpreter3svzEc
                0x00000000       0x2c cpu/interpreter/interpreter.o
 .text._ZN11interpreter3cpiEcc
                0x00000000       0x36 cpu/interpreter/interpreter.o
 .text._ZN11interpreter3jmpEj
                0x00000000        0xc cpu/interpreter/interpreter.o
 .text._ZN11interpreter3popEc
                0x00000000       0x28 cpu/interpreter/interpreter.o
 .text._ZN11interpreter7syscallEv
                0x00000000       0x60 cpu/interpreter/interpreter.o
 .text          0x00000000        0x0 cpu/interrupts/interrupts.o
 .data          0x00000000        0x0 cpu/interrupts/interrupts.o
 .bss           0x00000000        0x0 cpu/interrupts/interrupts.o
 .text._ZN10interrupts15handleinterruptEv
                0x00000000        0x2 cpu/interrupts/interrupts.o
 .text          0x00000000        0x0 drivers/io/GPU/GPU.o
 .data          0x00000000        0x0 drivers/io/GPU/GPU.o
 .bss           0x00000000        0x0 drivers/io/GPU/GPU.o
 .text._ZN3GPUC2Ev
                0x00000000        0x2 drivers/io/GPU/GPU.o
 .text._ZN3GPUD2Ev
                0x00000000        0x2 drivers/io/GPU/GPU.o
 .debug_info    0x00000000      0x1b2 drivers/io/GPU/GPU.o
 .debug_abbrev  0x00000000      0x111 drivers/io/GPU/GPU.o
 .debug_aranges
                0x00000000       0x28 drivers/io/GPU/GPU.o
 .debug_ranges  0x00000000       0x18 drivers/io/GPU/GPU.o
 .debug_line    0x00000000       0x60 drivers/io/GPU/GPU.o
 .debug_str     0x00000000      0x20b drivers/io/GPU/GPU.o
 .comment       0x00000000       0x31 drivers/io/GPU/GPU.o
 .debug_frame   0x00000000       0x34 drivers/io/GPU/GPU.o
 .text          0x00000000        0x0 drivers/io/lcd/lcd.o
 .data          0x00000000        0x0 drivers/io/lcd/lcd.o
 .bss           0x00000000        0x0 drivers/io/lcd/lcd.o
 .text._ZN3lcdC2Ev
                0x00000000        0x2 drivers/io/lcd/lcd.o
 .text._ZN3lcdC2EP14portcontroller
                0x00000000        0x2 drivers/io/lcd/lcd.o
 .text._ZN3lcdD2Ev
                0x00000000        0x2 drivers/io/lcd/lcd.o
 .debug_info    0x00000000      0x597 drivers/io/lcd/lcd.o
 .debug_abbrev  0x00000000      0x175 drivers/io/lcd/lcd.o
 .debug_aranges
                0x00000000       0x30 drivers/io/lcd/lcd.o
 .debug_ranges  0x00000000       0x20 drivers/io/lcd/lcd.o
 .debug_line    0x00000000      0x10b drivers/io/lcd/lcd.o
 .debug_str     0x00000000      0x66f drivers/io/lcd/lcd.o
 .comment       0x00000000       0x31 drivers/io/lcd/lcd.o
 .debug_frame   0x00000000       0x44 drivers/io/lcd/lcd.o
 .text          0x00000000        0x0 drivers/io/port controller/portcontroller.o
 .data          0x00000000        0x0 drivers/io/port controller/portcontroller.o
 .bss           0x00000000        0x0 drivers/io/port controller/portcontroller.o
 .text._ZN14portcontroller9readportaEv
                0x00000000        0x4 drivers/io/port controller/portcontroller.o
 .text._ZN14portcontroller9readportbEv
                0x00000000        0x4 drivers/io/port controller/portcontroller.o
 .text._ZN14portcontroller9readportcEv
                0x00000000        0x4 drivers/io/port controller/portcontroller.o
 .text._ZN14portcontroller9readportdEv
                0x00000000        0x4 drivers/io/port controller/portcontroller.o
 .text._ZN14portcontroller8readddraEv
                0x00000000        0x4 drivers/io/port controller/portcontroller.o
 .text._ZN14portcontroller8readddrbEv
                0x00000000        0x4 drivers/io/port controller/portcontroller.o
 .text._ZN14portcontroller8readddrcEv
                0x00000000        0x4 drivers/io/port controller/portcontroller.o
 .text._ZN14portcontroller8readddrdEv
                0x00000000        0x4 drivers/io/port controller/portcontroller.o
 .text._ZN14portcontroller10writeportaEc
                0x00000000        0x4 drivers/io/port controller/portcontroller.o
 .text._ZN14portcontroller10writeportbEc
                0x00000000        0x4 drivers/io/port controller/portcontroller.o
 .text._ZN14portcontroller10writeportdEc
                0x00000000        0x4 drivers/io/port controller/portcontroller.o
 .text._ZN14portcontroller9writeddrbEc
                0x00000000        0x4 drivers/io/port controller/portcontroller.o
 .text._ZN14portcontroller9writeddrdEc
                0x00000000        0x4 drivers/io/port controller/portcontroller.o
 .text._ZN14portcontroller13digitalwritebEhb
                0x00000000       0x80 drivers/io/port controller/portcontroller.o
 .text._ZN14portcontroller13digitalwritecEhb
                0x00000000       0x80 drivers/io/port controller/portcontroller.o
 .text._ZN14portcontroller13digitalwritedEhb
                0x00000000       0x80 drivers/io/port controller/portcontroller.o
 .text          0x00000000        0x0 drivers/io/shift register/shiftreg.o
 .data          0x00000000        0x0 drivers/io/shift register/shiftreg.o
 .bss           0x00000000        0x0 drivers/io/shift register/shiftreg.o
 .text._ZN8shiftregC2Ev
                0x00000000        0x2 drivers/io/shift register/shiftreg.o
 .text._ZN8shiftreg8shiftoutEv
                0x00000000        0xc drivers/io/shift register/shiftreg.o
 .text._ZN8shiftreg10shiftout32Em
                0x00000000       0x98 drivers/io/shift register/shiftreg.o
 .text._ZN8shiftreg10shiftout64Ey
                0x00000000       0xbe drivers/io/shift register/shiftreg.o
 .text          0x00000000        0x0 drivers/mem/eeprom.o
 .data          0x00000000        0x0 drivers/mem/eeprom.o
 .bss           0x00000000        0x0 drivers/mem/eeprom.o
 .text._ZN6eepromC2Ev
                0x00000000        0x6 drivers/mem/eeprom.o
 .text._ZN6eeprom5writeEc
                0x00000000        0x2 drivers/mem/eeprom.o
 .text._ZN6eeprom5writeEcj
                0x00000000        0x2 drivers/mem/eeprom.o
 .text          0x00000000        0x0 drivers/mem/rom.o
 .data          0x00000000        0x0 drivers/mem/rom.o
 .bss           0x00000000        0x0 drivers/mem/rom.o
 .text._ZN3rom4readEv
                0x00000000       0x20 drivers/mem/rom.o
 .text._ZN3rom4readEi
                0x00000000       0x1c drivers/mem/rom.o
 .text._ZN3rom10setaddressEj
                0x00000000        0x8 drivers/mem/rom.o
 .text._ZN3rom7getaddrEv
                0x00000000        0x8 drivers/mem/rom.o
 .text          0x00000000        0x0 drivers/mem/volatile/ram.o
 .data          0x00000000        0x0 drivers/mem/volatile/ram.o
 .bss           0x00000000        0x0 drivers/mem/volatile/ram.o
 .text._ZN3ram4readEi
                0x00000000       0x1c drivers/mem/volatile/ram.o
 .text._ZN3ram5writeEhc
                0x00000000       0x64 drivers/mem/volatile/ram.o
 .text._ZN3ram5writeEyc
                0x00000000       0x5e drivers/mem/volatile/ram.o
 .text          0x00000000        0x0 drivers/mem/volatile/Vram.o
 .data          0x00000000        0x0 drivers/mem/volatile/Vram.o
 .bss           0x00000000        0x0 drivers/mem/volatile/Vram.o
 .text._ZN4Vram9writeDataEjc
                0x00000000       0x3e drivers/mem/volatile/Vram.o
 .text._ZN4Vram9writeDataEjPcj
                0x00000000       0x6a drivers/mem/volatile/Vram.o
 .text._ZN4Vram9cleardataEv
                0x00000000        0x2 drivers/mem/volatile/Vram.o
 .text._ZN4Vram16writeInstructionEv
                0x00000000        0x2 drivers/mem/volatile/Vram.o
 .text._ZN4Vram15writecustomcharEPh
                0x00000000       0x3a drivers/mem/volatile/Vram.o
 .text          0x00000000        0x0 main.o
 .data          0x00000000        0x0 main.o
 .bss           0x00000000        0x0 main.o
 .text._Z10runprogrami
                0x00000000        0x2 main.o
 .text._Z11storememoryyc
                0x00000000      0x1a0 main.o
 .text._Z22loadmainprogramfromromcb
                0x00000000       0x94 main.o
 .text          0x00000000        0x0 c:/program files (x86)/atmel/studio/7.0/toolchain/avr8/avr8-gnu-toolchain/bin/../lib/gcc/avr/5.4.0/avr5\libgcc.a(_udivmodqi4.o)
 .data          0x00000000        0x0 c:/program files (x86)/atmel/studio/7.0/toolchain/avr8/avr8-gnu-toolchain/bin/../lib/gcc/avr/5.4.0/avr5\libgcc.a(_udivmodqi4.o)
 .bss           0x00000000        0x0 c:/program files (x86)/atmel/studio/7.0/toolchain/avr8/avr8-gnu-toolchain/bin/../lib/gcc/avr/5.4.0/avr5\libgcc.a(_udivmodqi4.o)
 .text.libgcc.mul
                0x00000000        0x0 c:/program files (x86)/atmel/studio/7.0/toolchain/avr8/avr8-gnu-toolchain/bin/../lib/gcc/avr/5.4.0/avr5\libgcc.a(_udivmodqi4.o)
 .text.libgcc.div
                0x00000000       0x18 c:/program files (x86)/atmel/studio/7.0/toolchain/avr8/avr8-gnu-toolchain/bin/../lib/gcc/avr/5.4.0/avr5\libgcc.a(_udivmodqi4.o)
 .text.libgcc   0x00000000        0x0 c:/program files (x86)/atmel/studio/7.0/toolchain/avr8/avr8-gnu-toolchain/bin/../lib/gcc/avr/5.4.0/avr5\libgcc.a(_udivmodqi4.o)
 .text.libgcc.prologue
                0x00000000        0x0 c:/program files (x86)/atmel/studio/7.0/toolchain/avr8/avr8-gnu-toolchain/bin/../lib/gcc/avr/5.4.0/avr5\libgcc.a(_udivmodqi4.o)
 .text.libgcc.builtins
                0x00000000        0x0 c:/program files (x86)/atmel/studio/7.0/toolchain/avr8/avr8-gnu-toolchain/bin/../lib/gcc/avr/5.4.0/avr5\libgcc.a(_udivmodqi4.o)
 .text.libgcc.fmul
                0x00000000        0x0 c:/program files (x86)/atmel/studio/7.0/toolchain/avr8/avr8-gnu-toolchain/bin/../lib/gcc/avr/5.4.0/avr5\libgcc.a(_udivmodqi4.o)
 .text.libgcc.fixed
                0x00000000        0x0 c:/program files (x86)/atmel/studio/7.0/toolchain/avr8/avr8-gnu-toolchain/bin/../lib/gcc/avr/5.4.0/avr5\libgcc.a(_udivmodqi4.o)
 .text          0x00000000        0x0 c:/program files (x86)/atmel/studio/7.0/toolchain/avr8/avr8-gnu-toolchain/bin/../lib/gcc/avr/5.4.0/avr5\libgcc.a(_exit.o)
 .data          0x00000000        0x0 c:/program files (x86)/atmel/studio/7.0/toolchain/avr8/avr8-gnu-toolchain/bin/../lib/gcc/avr/5.4.0/avr5\libgcc.a(_exit.o)
 .bss           0x00000000        0x0 c:/program files (x86)/atmel/studio/7.0/toolchain/avr8/avr8-gnu-toolchain/bin/../lib/gcc/avr/5.4.0/avr5\libgcc.a(_exit.o)
 .text.libgcc.mul
                0x00000000        0x0 c:/program files (x86)/atmel/studio/7.0/toolchain/avr8/avr8-gnu-toolchain/bin/../lib/gcc/avr/5.4.0/avr5\libgcc.a(_exit.o)
 .text.libgcc.div
                0x00000000        0x0 c:/program files (x86)/atmel/studio/7.0/toolchain/avr8/avr8-gnu-toolchain/bin/../lib/gcc/avr/5.4.0/avr5\libgcc.a(_exit.o)
 .text.libgcc   0x00000000        0x0 c:/program files (x86)/atmel/studio/7.0/toolchain/avr8/avr8-gnu-toolchain/bin/../lib/gcc/avr/5.4.0/avr5\libgcc.a(_exit.o)
 .text.libgcc.prologue
                0x00000000        0x0 c:/program files (x86)/atmel/studio/7.0/toolchain/avr8/avr8-gnu-toolchain/bin/../lib/gcc/avr/5.4.0/avr5\libgcc.a(_exit.o)
 .text.libgcc.builtins
                0x00000000        0x0 c:/program files (x86)/atmel/studio/7.0/toolchain/avr8/avr8-gnu-toolchain/bin/../lib/gcc/avr/5.4.0/avr5\libgcc.a(_exit.o)
 .text.libgcc.fmul
                0x00000000        0x0 c:/program files (x86)/atmel/studio/7.0/toolchain/avr8/avr8-gnu-toolchain/bin/../lib/gcc/avr/5.4.0/avr5\libgcc.a(_exit.o)
 .text.libgcc.fixed
                0x00000000        0x0 c:/program files (x86)/atmel/studio/7.0/toolchain/avr8/avr8-gnu-toolchain/bin/../lib/gcc/avr/5.4.0/avr5\libgcc.a(_exit.o)
 .text          0x00000000        0x0 c:/program files (x86)/atmel/studio/7.0/toolchain/avr8/avr8-gnu-toolchain/bin/../lib/gcc/avr/5.4.0/avr5\libgcc.a(_clear_bss.o)
 .data          0x00000000        0x0 c:/program files (x86)/atmel/studio/7.0/toolchain/avr8/avr8-gnu-toolchain/bin/../lib/gcc/avr/5.4.0/avr5\libgcc.a(_clear_bss.o)
 .bss           0x00000000        0x0 c:/program files (x86)/atmel/studio/7.0/toolchain/avr8/avr8-gnu-toolchain/bin/../lib/gcc/avr/5.4.0/avr5\libgcc.a(_clear_bss.o)
 .text.libgcc.mul
                0x00000000        0x0 c:/program files (x86)/atmel/studio/7.0/toolchain/avr8/avr8-gnu-toolchain/bin/../lib/gcc/avr/5.4.0/avr5\libgcc.a(_clear_bss.o)
 .text.libgcc.div
                0x00000000        0x0 c:/program files (x86)/atmel/studio/7.0/toolchain/avr8/avr8-gnu-toolchain/bin/../lib/gcc/avr/5.4.0/avr5\libgcc.a(_clear_bss.o)
 .text.libgcc   0x00000000        0x0 c:/program files (x86)/atmel/studio/7.0/toolchain/avr8/avr8-gnu-toolchain/bin/../lib/gcc/avr/5.4.0/avr5\libgcc.a(_clear_bss.o)
 .text.libgcc.prologue
                0x00000000        0x0 c:/program files (x86)/atmel/studio/7.0/toolchain/avr8/avr8-gnu-toolchain/bin/../lib/gcc/avr/5.4.0/avr5\libgcc.a(_clear_bss.o)
 .text.libgcc.builtins
                0x00000000        0x0 c:/program files (x86)/atmel/studio/7.0/toolchain/avr8/avr8-gnu-toolchain/bin/../lib/gcc/avr/5.4.0/avr5\libgcc.a(_clear_bss.o)
 .text.libgcc.fmul
                0x00000000        0x0 c:/program files (x86)/atmel/studio/7.0/toolchain/avr8/avr8-gnu-toolchain/bin/../lib/gcc/avr/5.4.0/avr5\libgcc.a(_clear_bss.o)
 .text.libgcc.fixed
                0x00000000        0x0 c:/program files (x86)/atmel/studio/7.0/toolchain/avr8/avr8-gnu-toolchain/bin/../lib/gcc/avr/5.4.0/avr5\libgcc.a(_clear_bss.o)
 .text          0x00000000        0x0 c:/program files (x86)/atmel/studio/7.0/toolchain/avr8/avr8-gnu-toolchain/bin/../lib/gcc/avr/5.4.0/avr5\libgcc.a(_ctors.o)
 .data          0x00000000        0x0 c:/program files (x86)/atmel/studio/7.0/toolchain/avr8/avr8-gnu-toolchain/bin/../lib/gcc/avr/5.4.0/avr5\libgcc.a(_ctors.o)
 .bss           0x00000000        0x0 c:/program files (x86)/atmel/studio/7.0/toolchain/avr8/avr8-gnu-toolchain/bin/../lib/gcc/avr/5.4.0/avr5\libgcc.a(_ctors.o)
 .text.libgcc.mul
                0x00000000        0x0 c:/program files (x86)/atmel/studio/7.0/toolchain/avr8/avr8-gnu-toolchain/bin/../lib/gcc/avr/5.4.0/avr5\libgcc.a(_ctors.o)
 .text.libgcc.div
                0x00000000        0x0 c:/program files (x86)/atmel/studio/7.0/toolchain/avr8/avr8-gnu-toolchain/bin/../lib/gcc/avr/5.4.0/avr5\libgcc.a(_ctors.o)
 .text.libgcc   0x00000000        0x0 c:/program files (x86)/atmel/studio/7.0/toolchain/avr8/avr8-gnu-toolchain/bin/../lib/gcc/avr/5.4.0/avr5\libgcc.a(_ctors.o)
 .text.libgcc.prologue
                0x00000000        0x0 c:/program files (x86)/atmel/studio/7.0/toolchain/avr8/avr8-gnu-toolchain/bin/../lib/gcc/avr/5.4.0/avr5\libgcc.a(_ctors.o)
 .text.libgcc.builtins
                0x00000000        0x0 c:/program files (x86)/atmel/studio/7.0/toolchain/avr8/avr8-gnu-toolchain/bin/../lib/gcc/avr/5.4.0/avr5\libgcc.a(_ctors.o)
 .text.libgcc.fmul
                0x00000000        0x0 c:/program files (x86)/atmel/studio/7.0/toolchain/avr8/avr8-gnu-toolchain/bin/../lib/gcc/avr/5.4.0/avr5\libgcc.a(_ctors.o)
 .text.libgcc.fixed
                0x00000000        0x0 c:/program files (x86)/atmel/studio/7.0/toolchain/avr8/avr8-gnu-toolchain/bin/../lib/gcc/avr/5.4.0/avr5\libgcc.a(_ctors.o)
 .text          0x00000000        0x0 c:/program files (x86)/atmel/studio/7.0/toolchain/avr8/avr8-gnu-toolchain/bin/../lib/gcc/avr/5.4.0/avr5\libgcc.a(_dtors.o)
 .data          0x00000000        0x0 c:/program files (x86)/atmel/studio/7.0/toolchain/avr8/avr8-gnu-toolchain/bin/../lib/gcc/avr/5.4.0/avr5\libgcc.a(_dtors.o)
 .bss           0x00000000        0x0 c:/program files (x86)/atmel/studio/7.0/toolchain/avr8/avr8-gnu-toolchain/bin/../lib/gcc/avr/5.4.0/avr5\libgcc.a(_dtors.o)
 .text.libgcc.mul
                0x00000000        0x0 c:/program files (x86)/atmel/studio/7.0/toolchain/avr8/avr8-gnu-toolchain/bin/../lib/gcc/avr/5.4.0/avr5\libgcc.a(_dtors.o)
 .text.libgcc.div
                0x00000000        0x0 c:/program files (x86)/atmel/studio/7.0/toolchain/avr8/avr8-gnu-toolchain/bin/../lib/gcc/avr/5.4.0/avr5\libgcc.a(_dtors.o)
 .text.libgcc   0x00000000        0x0 c:/program files (x86)/atmel/studio/7.0/toolchain/avr8/avr8-gnu-toolchain/bin/../lib/gcc/avr/5.4.0/avr5\libgcc.a(_dtors.o)
 .text.libgcc.prologue
                0x00000000        0x0 c:/program files (x86)/atmel/studio/7.0/toolchain/avr8/avr8-gnu-toolchain/bin/../lib/gcc/avr/5.4.0/avr5\libgcc.a(_dtors.o)
 .text.libgcc.builtins
                0x00000000        0x0 c:/program files (x86)/atmel/studio/7.0/toolchain/avr8/avr8-gnu-toolchain/bin/../lib/gcc/avr/5.4.0/avr5\libgcc.a(_dtors.o)
 .text.libgcc.fmul
                0x00000000        0x0 c:/program files (x86)/atmel/studio/7.0/toolchain/avr8/avr8-gnu-toolchain/bin/../lib/gcc/avr/5.4.0/avr5\libgcc.a(_dtors.o)
 .text.libgcc.fixed
                0x00000000        0x0 c:/program files (x86)/atmel/studio/7.0/toolchain/avr8/avr8-gnu-toolchain/bin/../lib/gcc/avr/5.4.0/avr5\libgcc.a(_dtors.o)
 .text          0x00000000        0x0 c:/program files (x86)/atmel/studio/7.0/toolchain/avr8/avr8-gnu-toolchain/bin/../lib/gcc/avr/5.4.0/avr5\libgcc.a(_ashrdi3.o)
 .data          0x00000000        0x0 c:/program files (x86)/atmel/studio/7.0/toolchain/avr8/avr8-gnu-toolchain/bin/../lib/gcc/avr/5.4.0/avr5\libgcc.a(_ashrdi3.o)
 .bss           0x00000000        0x0 c:/program files (x86)/atmel/studio/7.0/toolchain/avr8/avr8-gnu-toolchain/bin/../lib/gcc/avr/5.4.0/avr5\libgcc.a(_ashrdi3.o)
 .text.libgcc.mul
                0x00000000        0x0 c:/program files (x86)/atmel/studio/7.0/toolchain/avr8/avr8-gnu-toolchain/bin/../lib/gcc/avr/5.4.0/avr5\libgcc.a(_ashrdi3.o)
 .text.libgcc.div
                0x00000000        0x0 c:/program files (x86)/atmel/studio/7.0/toolchain/avr8/avr8-gnu-toolchain/bin/../lib/gcc/avr/5.4.0/avr5\libgcc.a(_ashrdi3.o)
 .text.libgcc   0x00000000        0x0 c:/program files (x86)/atmel/studio/7.0/toolchain/avr8/avr8-gnu-toolchain/bin/../lib/gcc/avr/5.4.0/avr5\libgcc.a(_ashrdi3.o)
 .text.libgcc.prologue
                0x00000000        0x0 c:/program files (x86)/atmel/studio/7.0/toolchain/avr8/avr8-gnu-toolchain/bin/../lib/gcc/avr/5.4.0/avr5\libgcc.a(_ashrdi3.o)
 .text.libgcc.builtins
                0x00000000       0x3c c:/program files (x86)/atmel/studio/7.0/toolchain/avr8/avr8-gnu-toolchain/bin/../lib/gcc/avr/5.4.0/avr5\libgcc.a(_ashrdi3.o)
 .text.libgcc.fmul
                0x00000000        0x0 c:/program files (x86)/atmel/studio/7.0/toolchain/avr8/avr8-gnu-toolchain/bin/../lib/gcc/avr/5.4.0/avr5\libgcc.a(_ashrdi3.o)
 .text.libgcc.fixed
                0x00000000        0x0 c:/program files (x86)/atmel/studio/7.0/toolchain/avr8/avr8-gnu-toolchain/bin/../lib/gcc/avr/5.4.0/avr5\libgcc.a(_ashrdi3.o)
 .text          0x00000000        0x0 c:/program files (x86)/atmel/studio/7.0/toolchain/avr8/avr8-gnu-toolchain/bin/../lib/gcc/avr/5.4.0/avr5\libgcc.a(_cmpdi2_s8.o)
 .data          0x00000000        0x0 c:/program files (x86)/atmel/studio/7.0/toolchain/avr8/avr8-gnu-toolchain/bin/../lib/gcc/avr/5.4.0/avr5\libgcc.a(_cmpdi2_s8.o)
 .bss           0x00000000        0x0 c:/program files (x86)/atmel/studio/7.0/toolchain/avr8/avr8-gnu-toolchain/bin/../lib/gcc/avr/5.4.0/avr5\libgcc.a(_cmpdi2_s8.o)
 .text.libgcc.mul
                0x00000000        0x0 c:/program files (x86)/atmel/studio/7.0/toolchain/avr8/avr8-gnu-toolchain/bin/../lib/gcc/avr/5.4.0/avr5\libgcc.a(_cmpdi2_s8.o)
 .text.libgcc.div
                0x00000000        0x0 c:/program files (x86)/atmel/studio/7.0/toolchain/avr8/avr8-gnu-toolchain/bin/../lib/gcc/avr/5.4.0/avr5\libgcc.a(_cmpdi2_s8.o)
 .text.libgcc   0x00000000       0x18 c:/program files (x86)/atmel/studio/7.0/toolchain/avr8/avr8-gnu-toolchain/bin/../lib/gcc/avr/5.4.0/avr5\libgcc.a(_cmpdi2_s8.o)
 .text.libgcc.prologue
                0x00000000        0x0 c:/program files (x86)/atmel/studio/7.0/toolchain/avr8/avr8-gnu-toolchain/bin/../lib/gcc/avr/5.4.0/avr5\libgcc.a(_cmpdi2_s8.o)
 .text.libgcc.builtins
                0x00000000        0x0 c:/program files (x86)/atmel/studio/7.0/toolchain/avr8/avr8-gnu-toolchain/bin/../lib/gcc/avr/5.4.0/avr5\libgcc.a(_cmpdi2_s8.o)
 .text.libgcc.fmul
                0x00000000        0x0 c:/program files (x86)/atmel/studio/7.0/toolchain/avr8/avr8-gnu-toolchain/bin/../lib/gcc/avr/5.4.0/avr5\libgcc.a(_cmpdi2_s8.o)
 .text.libgcc.fixed
                0x00000000        0x0 c:/program files (x86)/atmel/studio/7.0/toolchain/avr8/avr8-gnu-toolchain/bin/../lib/gcc/avr/5.4.0/avr5\libgcc.a(_cmpdi2_s8.o)
 .text          0x00000000        0x0 c:/program files (x86)/atmel/studio/7.0/toolchain/avr8/avr8-gnu-toolchain/bin/../lib/gcc/avr/5.4.0/avr5\libgcc.a(_tablejump2.o)
 .data          0x00000000        0x0 c:/program files (x86)/atmel/studio/7.0/toolchain/avr8/avr8-gnu-toolchain/bin/../lib/gcc/avr/5.4.0/avr5\libgcc.a(_tablejump2.o)
 .bss           0x00000000        0x0 c:/program files (x86)/atmel/studio/7.0/toolchain/avr8/avr8-gnu-toolchain/bin/../lib/gcc/avr/5.4.0/avr5\libgcc.a(_tablejump2.o)
 .text.libgcc.mul
                0x00000000        0x0 c:/program files (x86)/atmel/studio/7.0/toolchain/avr8/avr8-gnu-toolchain/bin/../lib/gcc/avr/5.4.0/avr5\libgcc.a(_tablejump2.o)
 .text.libgcc.div
                0x00000000        0x0 c:/program files (x86)/atmel/studio/7.0/toolchain/avr8/avr8-gnu-toolchain/bin/../lib/gcc/avr/5.4.0/avr5\libgcc.a(_tablejump2.o)
 .text.libgcc.prologue
                0x00000000        0x0 c:/program files (x86)/atmel/studio/7.0/toolchain/avr8/avr8-gnu-toolchain/bin/../lib/gcc/avr/5.4.0/avr5\libgcc.a(_tablejump2.o)
 .text.libgcc.builtins
                0x00000000        0x0 c:/program files (x86)/atmel/studio/7.0/toolchain/avr8/avr8-gnu-toolchain/bin/../lib/gcc/avr/5.4.0/avr5\libgcc.a(_tablejump2.o)
 .text.libgcc.fmul
                0x00000000        0x0 c:/program files (x86)/atmel/studio/7.0/toolchain/avr8/avr8-gnu-toolchain/bin/../lib/gcc/avr/5.4.0/avr5\libgcc.a(_tablejump2.o)
 .text.libgcc.fixed
                0x00000000        0x0 c:/program files (x86)/atmel/studio/7.0/toolchain/avr8/avr8-gnu-toolchain/bin/../lib/gcc/avr/5.4.0/avr5\libgcc.a(_tablejump2.o)

Memory Configuration

Name             Origin             Length             Attributes
text             0x00000000         0x00020000         xr
data             0x00800060         0x0000ffa0         rw !x
eeprom           0x00810000         0x00010000         rw !x
fuse             0x00820000         0x00000003         rw !x
lock             0x00830000         0x00000400         rw !x
signature        0x00840000         0x00000400         rw !x
user_signatures  0x00850000         0x00000400         rw !x
*default*        0x00000000         0xffffffff

Linker script and memory map

Address of section .data set to 0x800100
LOAD C:/Program Files (x86)/Atmel/Studio/7.0/Packs/atmel/ATmega_DFP/1.3.300/gcc/dev/atmega644pa/avr5/crtatmega644pa.o
LOAD cpu/communication/Serial.o
LOAD cpu/interpreter/interpreter.o
LOAD cpu/interrupts/interrupts.o
LOAD drivers/io/GPU/GPU.o
LOAD drivers/io/lcd/lcd.o
LOAD drivers/io/port controller/portcontroller.o
LOAD drivers/io/shift register/shiftreg.o
LOAD drivers/mem/eeprom.o
LOAD drivers/mem/rom.o
LOAD drivers/mem/volatile/ram.o
LOAD drivers/mem/volatile/Vram.o
LOAD main.o
START GROUP
LOAD c:/program files (x86)/atmel/studio/7.0/toolchain/avr8/avr8-gnu-toolchain/bin/../lib/gcc/avr/5.4.0/../../../../avr/lib/avr5\libm.a
END GROUP
LOAD c:/program files (x86)/atmel/studio/7.0/toolchain/avr8/avr8-gnu-toolchain/bin/../lib/gcc/avr/5.4.0/avr5\libgcc.a
LOAD c:/program files (x86)/atmel/studio/7.0/toolchain/avr8/avr8-gnu-toolchain/bin/../lib/gcc/avr/5.4.0/../../../../avr/lib/avr5\libm.a
START GROUP
LOAD c:/program files (x86)/atmel/studio/7.0/toolchain/avr8/avr8-gnu-toolchain/bin/../lib/gcc/avr/5.4.0/avr5\libgcc.a
LOAD c:/program files (x86)/atmel/studio/7.0/toolchain/avr8/avr8-gnu-toolchain/bin/../lib/gcc/avr/5.4.0/../../../../avr/lib/avr5\libm.a
LOAD c:/program files (x86)/atmel/studio/7.0/toolchain/avr8/avr8-gnu-toolchain/bin/../lib/gcc/avr/5.4.0/../../../../avr/lib/avr5\libc.a
LOAD C:/Program Files (x86)/Atmel/Studio/7.0/Packs/atmel/ATmega_DFP/1.3.300/gcc/dev/atmega644pa/avr5\libatmega644pa.a
END GROUP
                0x00000000                __TEXT_REGION_ORIGIN__ = DEFINED (__TEXT_REGION_ORIGIN__)?__TEXT_REGION_ORIGIN__:0x0
                0x00800060                __DATA_REGION_ORIGIN__ = DEFINED (__DATA_REGION_ORIGIN__)?__DATA_REGION_ORIGIN__:0x800060
                0x00020000                __TEXT_REGION_LENGTH__ = DEFINED (__TEXT_REGION_LENGTH__)?__TEXT_REGION_LENGTH__:0x20000
                0x0000ffa0                __DATA_REGION_LENGTH__ = DEFINED (__DATA_REGION_LENGTH__)?__DATA_REGION_LENGTH__:0xffa0
                0x00010000                __EEPROM_REGION_LENGTH__ = DEFINED (__EEPROM_REGION_LENGTH__)?__EEPROM_REGION_LENGTH__:0x10000
                [0x00000003]                __FUSE_REGION_LENGTH__ = DEFINED (__FUSE_REGION_LENGTH__)?__FUSE_REGION_LENGTH__:0x400
                0x00000400                __LOCK_REGION_LENGTH__ = DEFINED (__LOCK_REGION_LENGTH__)?__LOCK_REGION_LENGTH__:0x400
                0x00000400                __SIGNATURE_REGION_LENGTH__ = DEFINED (__SIGNATURE_REGION_LENGTH__)?__SIGNATURE_REGION_LENGTH__:0x400
                0x00000400                __USER_SIGNATURE_REGION_LENGTH__ = DEFINED (__USER_SIGNATURE_REGION_LENGTH__)?__USER_SIGNATURE_REGION_LENGTH__:0x400

.hash
 *(.hash)

.dynsym
 *(.dynsym)

.dynstr
 *(.dynstr)

.gnu.version
 *(.gnu.version)

.gnu.version_d
 *(.gnu.version_d)

.gnu.version_r
 *(.gnu.version_r)

.rel.init
 *(.rel.init)

.rela.init
 *(.rela.init)

.rel.text
 *(.rel.text)
 *(.rel.text.*)
 *(.rel.gnu.linkonce.t*)

.rela.text
 *(.rela.text)
 *(.rela.text.*)
 *(.rela.gnu.linkonce.t*)

.rel.fini
 *(.rel.fini)

.rela.fini
 *(.rela.fini)

.rel.rodata
 *(.rel.rodata)
 *(.rel.rodata.*)
 *(.rel.gnu.linkonce.r*)

.rela.rodata
 *(.rela.rodata)
 *(.rela.rodata.*)
 *(.rela.gnu.linkonce.r*)

.rel.data
 *(.rel.data)
 *(.rel.data.*)
 *(.rel.gnu.linkonce.d*)

.rela.data
 *(.rela.data)
 *(.rela.data.*)
 *(.rela.gnu.linkonce.d*)

.rel.ctors
 *(.rel.ctors)

.rela.ctors
 *(.rela.ctors)

.rel.dtors
 *(.rel.dtors)

.rela.dtors
 *(.rela.dtors)

.rel.got
 *(.rel.got)

.rela.got
 *(.rela.got)

.rel.bss
 *(.rel.bss)

.rela.bss
 *(.rela.bss)

.rel.plt
 *(.rel.plt)

.rela.plt
 *(.rela.plt)

.text           0x00000000      0x9cc
 *(.vectors)
 .vectors       0x00000000       0x7c C:/Program Files (x86)/Atmel/Studio/7.0/Packs/atmel/ATmega_DFP/1.3.300/gcc/dev/atmega644pa/avr5/crtatmega644pa.o
                0x00000000                __vector_default
                0x00000000                __vectors
 *(.vectors)
 *(.progmem.gcc*)
                0x0000007c                . = ALIGN (0x2)
                0x0000007c                __trampolines_start = .
 *(.trampolines)
 .trampolines   0x0000007c        0x0 linker stubs
 *(.trampolines*)
                0x0000007c                __trampolines_end = .
 *libprintf_flt.a:*(.progmem.data)
 *libc.a:*(.progmem.data)
 *(.progmem*)
                0x0000007c                . = ALIGN (0x2)
 *(.jumptables)
 *(.jumptables*)
 *(.lowtext)
 *(.lowtext*)
                0x0000007c                __ctors_start = .
 *(.ctors)
 .ctors         0x0000007c        0x2 main.o
                0x0000007e                __ctors_end = .
                0x0000007e                __dtors_start = .
 *(.dtors)
 .dtors         0x0000007e        0x2 main.o
                0x00000080                __dtors_end = .
 SORT(*)(.ctors)
 SORT(*)(.dtors)
 *(.init0)
 .init0         0x00000080        0x0 C:/Program Files (x86)/Atmel/Studio/7.0/Packs/atmel/ATmega_DFP/1.3.300/gcc/dev/atmega644pa/avr5/crtatmega644pa.o
                0x00000080                __init
 *(.init0)
 *(.init1)
 *(.init1)
 *(.init2)
 .init2         0x00000080        0xc C:/Program Files (x86)/Atmel/Studio/7.0/Packs/atmel/ATmega_DFP/1.3.300/gcc/dev/atmega644pa/avr5/crtatmega644pa.o
 *(.init2)
 *(.init3)
 *(.init3)
 *(.init4)
 .init4         0x0000008c       0x10 c:/program files (x86)/atmel/studio/7.0/toolchain/avr8/avr8-gnu-toolchain/bin/../lib/gcc/avr/5.4.0/avr5\libgcc.a(_clear_bss.o)
                0x0000008c                __do_clear_bss
 *(.init4)
 *(.init5)
 *(.init5)
 *(.init6)
 .init6         0x0000009c       0x16 c:/program files (x86)/atmel/studio/7.0/toolchain/avr8/avr8-gnu-toolchain/bin/../lib/gcc/avr/5.4.0/avr5\libgcc.a(_ctors.o)
                0x0000009c                __do_global_ctors
 *(.init6)
 *(.init7)
 *(.init7)
 *(.init8)
 *(.init8)
 *(.init9)
 .init9         0x000000b2        0x8 C:/Program Files (x86)/Atmel/Studio/7.0/Packs/atmel/ATmega_DFP/1.3.300/gcc/dev/atmega644pa/avr5/crtatmega644pa.o
 *(.init9)
 *(.text)
 .text          0x000000ba        0x4 C:/Program Files (x86)/Atmel/Studio/7.0/Packs/atmel/ATmega_DFP/1.3.300/gcc/dev/atmega644pa/avr5/crtatmega644pa.o
                0x000000ba                __vector_22
                0x000000ba                __vector_28
                0x000000ba                __vector_1
                0x000000ba                __vector_24
                0x000000ba                __vector_12
                0x000000ba                __bad_interrupt
                0x000000ba                __vector_6
                0x000000ba                __vector_3
                0x000000ba                __vector_23
                0x000000ba                __vector_30
                0x000000ba                __vector_25
                0x000000ba                __vector_11
                0x000000ba                __vector_13
                0x000000ba                __vector_17
                0x000000ba                __vector_19
                0x000000ba                __vector_7
                0x000000ba                __vector_27
                0x000000ba                __vector_5
                0x000000ba                __vector_4
                0x000000ba                __vector_9
                0x000000ba                __vector_2
                0x000000ba                __vector_21
                0x000000ba                __vector_15
                0x000000ba                __vector_29
                0x000000ba                __vector_8
                0x000000ba                __vector_26
                0x000000ba                __vector_14
                0x000000ba                __vector_10
                0x000000ba                __vector_16
                0x000000ba                __vector_18
                0x000000ba                __vector_20
                0x000000be                . = ALIGN (0x2)
 *(.text.*)
 .text._ZN6SerialC2EP8shiftregP14portcontroller
                0x000000be        0xc cpu/communication/Serial.o
                0x000000be                _ZN6SerialC1EP8shiftregP14portcontroller
                0x000000be                _ZN6SerialC2EP8shiftregP14portcontroller
 .text._ZN6SerialD2Ev
                0x000000ca        0x2 cpu/communication/Serial.o
                0x000000ca                _ZN6SerialD1Ev
                0x000000ca                _ZN6SerialD2Ev
 .text._ZN11interpreterC2Ev
                0x000000cc       0x5e cpu/interpreter/interpreter.o
                0x000000cc                _ZN11interpreterC1Ev
                0x000000cc                _ZN11interpreterC2Ev
 .text._ZN11interpreter3incEc
                0x0000012a        0xe cpu/interpreter/interpreter.o
                0x0000012a                _ZN11interpreter3incEc
 .text._ZN11interpreter3ldiEcc
                0x00000138        0xa cpu/interpreter/interpreter.o
                0x00000138                _ZN11interpreter3ldiEcc
 .text._ZN11interpreter3cmpEcc
                0x00000142       0x36 cpu/interpreter/interpreter.o
                0x00000142                _ZN11interpreter3cmpEcc
 .text._ZN11interpreter3nopEv
                0x00000178        0x4 cpu/interpreter/interpreter.o
                0x00000178                _ZN11interpreter3nopEv
 .text._ZN11interpreter4pushEc
                0x0000017c       0x30 cpu/interpreter/interpreter.o
                0x0000017c                _ZN11interpreter4pushEc
 .text._ZN11interpreterD2Ev
                0x000001ac        0x2 cpu/interpreter/interpreter.o
                0x000001ac                _ZN11interpreterD2Ev
                0x000001ac                _ZN11interpreterD1Ev
 .text._ZN10interruptsC2Ev
                0x000001ae        0x2 cpu/interrupts/interrupts.o
                0x000001ae                _ZN10interruptsC2Ev
                0x000001ae                _ZN10interruptsC1Ev
 .text._ZN10interruptsD2Ev
                0x000001b0        0x2 cpu/interrupts/interrupts.o
                0x000001b0                _ZN10interruptsD2Ev
                0x000001b0                _ZN10interruptsD1Ev
 .text._ZN14portcontrollerC2Ev
                0x000001b2        0x2 drivers/io/port controller/portcontroller.o
                0x000001b2                _ZN14portcontrollerC1Ev
                0x000001b2                _ZN14portcontrollerC2Ev
 .text._ZN14portcontroller10writeportcEc
                0x000001b4        0x4 drivers/io/port controller/portcontroller.o
                0x000001b4                _ZN14portcontroller10writeportcEc
 .text._ZN14portcontroller9writeddraEc
                0x000001b8        0x4 drivers/io/port controller/portcontroller.o
                0x000001b8                _ZN14portcontroller9writeddraEc
 .text._ZN14portcontroller9writeddrcEc
                0x000001bc        0x4 drivers/io/port controller/portcontroller.o
                0x000001bc                _ZN14portcontroller9writeddrcEc
 .text._ZN14portcontroller13digitalwriteaEhb
                0x000001c0       0x80 drivers/io/port controller/portcontroller.o
                0x000001c0                _ZN14portcontroller13digitalwriteaEhb
 .text._ZN14portcontroller12digitalwriteEhb
                0x00000240       0x4a drivers/io/port controller/portcontroller.o
                0x00000240                _ZN14portcontroller12digitalwriteEhb
 .text._ZN14portcontrollerD2Ev
                0x0000028a        0x2 drivers/io/port controller/portcontroller.o
                0x0000028a                _ZN14portcontrollerD1Ev
                0x0000028a                _ZN14portcontrollerD2Ev
 .text._ZN8shiftregC2EhhhP14portcontroller
                0x0000028c       0x26 drivers/io/shift register/shiftreg.o
                0x0000028c                _ZN8shiftregC1EhhhP14portcontroller
                0x0000028c                _ZN8shiftregC2EhhhP14portcontroller
 .text._ZN8shiftreg9shiftout8Eh
                0x000002b2       0x86 drivers/io/shift register/shiftreg.o
                0x000002b2                _ZN8shiftreg9shiftout8Eh
 .text._ZN8shiftreg10shiftout16Ej
                0x00000338       0xe0 drivers/io/shift register/shiftreg.o
                0x00000338                _ZN8shiftreg10shiftout16Ej
 .text._ZN8shiftregD2Ev
                0x00000418        0x2 drivers/io/shift register/shiftreg.o
                0x00000418                _ZN8shiftregD1Ev
                0x00000418                _ZN8shiftregD2Ev
 .text._ZN6eepromC2EP14portcontrollerP8shiftreghy
                0x0000041a       0x4e drivers/mem/eeprom.o
                0x0000041a                _ZN6eepromC2EP14portcontrollerP8shiftreghy
                0x0000041a                _ZN6eepromC1EP14portcontrollerP8shiftreghy
 .text._ZN6eepromD2Ev
                0x00000468        0x6 drivers/mem/eeprom.o
                0x00000468                _ZN6eepromD1Ev
                0x00000468                _ZN6eepromD2Ev
 .text._ZN3romC2Ev
                0x0000046e        0x2 drivers/mem/rom.o
                0x0000046e                _ZN3romC2Ev
                0x0000046e                _ZN3romC1Ev
 .text._ZN3romC2EP14portcontrollerP8shiftregy
                0x00000470       0x1c drivers/mem/rom.o
                0x00000470                _ZN3romC1EP14portcontrollerP8shiftregy
                0x00000470                _ZN3romC2EP14portcontrollerP8shiftregy
 .text._ZN3romD2Ev
                0x0000048c        0x2 drivers/mem/rom.o
                0x0000048c                _ZN3romD2Ev
                0x0000048c                _ZN3romD1Ev
 .text._ZN3ramC2EP14portcontrollerP8shiftreghm
                0x0000048e       0x32 drivers/mem/volatile/ram.o
                0x0000048e                _ZN3ramC2EP14portcontrollerP8shiftreghm
                0x0000048e                _ZN3ramC1EP14portcontrollerP8shiftreghm
 .text._ZN3ram5writeEjc
                0x000004c0       0x58 drivers/mem/volatile/ram.o
                0x000004c0                _ZN3ram5writeEjc
 .text._ZN3ramD2Ev
                0x00000518        0x2 drivers/mem/volatile/ram.o
                0x00000518                _ZN3ramD1Ev
                0x00000518                _ZN3ramD2Ev
 .text._ZN4VramC2EP14portcontrollerP8shiftreghhy
                0x0000051a       0x4e drivers/mem/volatile/Vram.o
                0x0000051a                _ZN4VramC2EP14portcontrollerP8shiftreghhy
                0x0000051a                _ZN4VramC1EP14portcontrollerP8shiftreghhy
 .text._ZN4VramD2Ev
                0x00000568        0x6 drivers/mem/volatile/Vram.o
                0x00000568                _ZN4VramD1Ev
                0x00000568                _ZN4VramD2Ev
 .text.main     0x0000056e       0x7e main.o
                0x0000056e                main
 .text._GLOBAL__sub_I__Z10runprogrami
                0x000005ec      0x2d4 main.o
 .text._GLOBAL__sub_D__Z10runprogrami
                0x000008c0       0xe6 main.o
 .text.libgcc   0x000009a6        0xc c:/program files (x86)/atmel/studio/7.0/toolchain/avr8/avr8-gnu-toolchain/bin/../lib/gcc/avr/5.4.0/avr5\libgcc.a(_tablejump2.o)
                0x000009a6                __tablejump2__
                0x000009b2                . = ALIGN (0x2)
 *(.fini9)
 .fini9         0x000009b2        0x0 c:/program files (x86)/atmel/studio/7.0/toolchain/avr8/avr8-gnu-toolchain/bin/../lib/gcc/avr/5.4.0/avr5\libgcc.a(_exit.o)
                0x000009b2                _exit
                0x000009b2                exit
 *(.fini9)
 *(.fini8)
 *(.fini8)
 *(.fini7)
 *(.fini7)
 *(.fini6)
 .fini6         0x000009b2       0x16 c:/program files (x86)/atmel/studio/7.0/toolchain/avr8/avr8-gnu-toolchain/bin/../lib/gcc/avr/5.4.0/avr5\libgcc.a(_dtors.o)
                0x000009b2                __do_global_dtors
 *(.fini6)
 *(.fini5)
 *(.fini5)
 *(.fini4)
 *(.fini4)
 *(.fini3)
 *(.fini3)
 *(.fini2)
 *(.fini2)
 *(.fini1)
 *(.fini1)
 *(.fini0)
 .fini0         0x000009c8        0x4 c:/program files (x86)/atmel/studio/7.0/toolchain/avr8/avr8-gnu-toolchain/bin/../lib/gcc/avr/5.4.0/avr5\libgcc.a(_exit.o)
 *(.fini0)
                0x000009cc                _etext = .

.data           0x00800100        0x0 load address 0x000009cc
                [!provide]                PROVIDE (__data_start, .)
 *(.data)
 *(.data*)
 *(.gnu.linkonce.d*)
 *(.rodata)
 *(.rodata*)
 *(.gnu.linkonce.r*)
                0x00800100                . = ALIGN (0x2)
                0x00800100                _edata = .
                [!provide]                PROVIDE (__data_end, .)

.bss            0x00800100      0x253
                0x00800100                PROVIDE (__bss_start, .)
 *(.bss)
 *(.bss*)
 .bss._ZL9interpret
                0x00800100      0x120 main.o
 .bss._ZL10irqhandler
                0x00800220        0x2 main.o
 .bss._ZL11rambanklist
                0x00800222       0x3c main.o
 .bss._ZL6vbank2
                0x0080025e       0x10 main.o
 .bss._ZL6vbank1
                0x0080026e       0x10 main.o
 .bss._ZL6vbank0
                0x0080027e       0x10 main.o
 .bss._ZL8storage3
                0x0080028e        0xb main.o
 .bss._ZL8storage2
                0x00800299        0xb main.o
 .bss._ZL8storage1
                0x008002a4        0xb main.o
 .bss._ZL8storage0
                0x008002af        0xb main.o
 .bss._ZL8fattable
                0x008002ba        0xb main.o
 .bss._ZL8program3
                0x008002c5        0x8 main.o
 .bss._ZL8program2
                0x008002cd        0x8 main.o
 .bss._ZL8program1
                0x008002d5        0x8 main.o
 .bss._ZL8program0
                0x008002dd        0x8 main.o
 .bss._ZL8settings
                0x008002e5        0x8 main.o
 .bss._ZL4bios  0x008002ed        0x8 main.o
 .bss._ZL5bank4
                0x008002f5        0xc main.o
 .bss._ZL5bank3
                0x00800301        0xc main.o
 .bss._ZL5bank2
                0x0080030d        0xc main.o
 .bss._ZL5bank1
                0x00800319        0xc main.o
 .bss._ZL5bank0
                0x00800325        0xc main.o
 .bss._ZL6serial
                0x00800331        0x7 main.o
 .bss._ZL5csreg
                0x00800338        0xd main.o
 .bss._ZL6addreg
                0x00800345        0xd main.o
 .bss._ZL4port  0x00800352        0x1 main.o
 *(COMMON)
                0x00800353                PROVIDE (__bss_end, .)
                0x000009cc                __data_load_start = LOADADDR (.data)
                0x000009cc                __data_load_end = (__data_load_start + SIZEOF (.data))

.noinit         0x00800353        0x0
                [!provide]                PROVIDE (__noinit_start, .)
 *(.noinit*)
                [!provide]                PROVIDE (__noinit_end, .)
                0x00800353                _end = .
                [!provide]                PROVIDE (__heap_start, .)

.eeprom         0x00810000        0x0
 *(.eeprom*)
                0x00810000                __eeprom_end = .

.fuse
 *(.fuse)
 *(.lfuse)
 *(.hfuse)
 *(.efuse)

.lock
 *(.lock*)

.signature
 *(.signature*)

.user_signatures
 *(.user_signatures*)

.stab
 *(.stab)

.stabstr
 *(.stabstr)

.stab.excl
 *(.stab.excl)

.stab.exclstr
 *(.stab.exclstr)

.stab.index
 *(.stab.index)

.stab.indexstr
 *(.stab.indexstr)

.comment        0x00000000       0x30
 *(.comment)
 .comment       0x00000000       0x30 cpu/communication/Serial.o
                                 0x31 (size before relaxing)
 .comment       0x00000030       0x31 cpu/interpreter/interpreter.o
 .comment       0x00000030       0x31 cpu/interrupts/interrupts.o
 .comment       0x00000030       0x31 drivers/io/port controller/portcontroller.o
 .comment       0x00000030       0x31 drivers/io/shift register/shiftreg.o
 .comment       0x00000030       0x31 drivers/mem/eeprom.o
 .comment       0x00000030       0x31 drivers/mem/rom.o
 .comment       0x00000030       0x31 drivers/mem/volatile/ram.o
 .comment       0x00000030       0x31 drivers/mem/volatile/Vram.o
 .comment       0x00000030       0x31 main.o

.note.gnu.avr.deviceinfo
                0x00000000       0x40
 .note.gnu.avr.deviceinfo
                0x00000000       0x40 C:/Program Files (x86)/Atmel/Studio/7.0/Packs/atmel/ATmega_DFP/1.3.300/gcc/dev/atmega644pa/avr5/crtatmega644pa.o

.note.gnu.build-id
 *(.note.gnu.build-id)

.debug
 *(.debug)

.line
 *(.line)

.debug_srcinfo
 *(.debug_srcinfo)

.debug_sfnames
 *(.debug_sfnames)

.debug_aranges  0x00000000      0x3e8
 *(.debug_aranges)
 .debug_aranges
                0x00000000       0x40 cpu/communication/Serial.o
 .debug_aranges
                0x00000040       0xe0 cpu/interpreter/interpreter.o
 .debug_aranges
                0x00000120       0x30 cpu/interrupts/interrupts.o
 .debug_aranges
                0x00000150       0xd0 drivers/io/port controller/portcontroller.o
 .debug_aranges
                0x00000220       0x58 drivers/io/shift register/shiftreg.o
 .debug_aranges
                0x00000278       0x40 drivers/mem/eeprom.o
 .debug_aranges
                0x000002b8       0x50 drivers/mem/rom.o
 .debug_aranges
                0x00000308       0x48 drivers/mem/volatile/ram.o
 .debug_aranges
                0x00000350       0x50 drivers/mem/volatile/Vram.o
 .debug_aranges
                0x000003a0       0x48 main.o

.debug_pubnames
 *(.debug_pubnames)

.debug_info     0x00000000     0x9496
 *(.debug_info .gnu.linkonce.wi.*)
 .debug_info    0x00000000      0x6cc C:/Program Files (x86)/Atmel/Studio/7.0/Packs/atmel/ATmega_DFP/1.3.300/gcc/dev/atmega644pa/avr5/crtatmega644pa.o
 .debug_info    0x000006cc      0x8b4 cpu/communication/Serial.o
 .debug_info    0x00000f80     0x1ec7 cpu/interpreter/interpreter.o
 .debug_info    0x00002e47      0x1ed cpu/interrupts/interrupts.o
 .debug_info    0x00003034      0x949 drivers/io/port controller/portcontroller.o
 .debug_info    0x0000397d      0xa5a drivers/io/shift register/shiftreg.o
 .debug_info    0x000043d7      0xa34 drivers/mem/eeprom.o
 .debug_info    0x00004e0b      0x8d0 drivers/mem/rom.o
 .debug_info    0x000056db      0xbcf drivers/mem/volatile/ram.o
 .debug_info    0x000062aa      0xc9f drivers/mem/volatile/Vram.o
 .debug_info    0x00006f49     0x254d main.o

.debug_abbrev   0x00000000     0x1e46
 *(.debug_abbrev)
 .debug_abbrev  0x00000000      0x66e C:/Program Files (x86)/Atmel/Studio/7.0/Packs/atmel/ATmega_DFP/1.3.300/gcc/dev/atmega644pa/avr5/crtatmega644pa.o
 .debug_abbrev  0x0000066e      0x1d3 cpu/communication/Serial.o
 .debug_abbrev  0x00000841      0x3e8 cpu/interpreter/interpreter.o
 .debug_abbrev  0x00000c29      0x135 cpu/interrupts/interrupts.o
 .debug_abbrev  0x00000d5e      0x1c1 drivers/io/port controller/portcontroller.o
 .debug_abbrev  0x00000f1f      0x214 drivers/io/shift register/shiftreg.o
 .debug_abbrev  0x00001133      0x21b drivers/mem/eeprom.o
 .debug_abbrev  0x0000134e      0x246 drivers/mem/rom.o
 .debug_abbrev  0x00001594      0x275 drivers/mem/volatile/ram.o
 .debug_abbrev  0x00001809      0x28e drivers/mem/volatile/Vram.o
 .debug_abbrev  0x00001a97      0x3af main.o

.debug_line     0x00000000     0x1fb1
 *(.debug_line .debug_line.* .debug_line_end)
 .debug_line    0x00000000      0x151 C:/Program Files (x86)/Atmel/Studio/7.0/Packs/atmel/ATmega_DFP/1.3.300/gcc/dev/atmega644pa/avr5/crtatmega644pa.o
 .debug_line    0x00000151      0x200 cpu/communication/Serial.o
 .debug_line    0x00000351      0x633 cpu/interpreter/interpreter.o
 .debug_line    0x00000984       0x7e cpu/interrupts/interrupts.o
 .debug_line    0x00000a02      0x600 drivers/io/port controller/portcontroller.o
 .debug_line    0x00001002      0x2d6 drivers/io/shift register/shiftreg.o
 .debug_line    0x000012d8      0x1a5 drivers/mem/eeprom.o
 .debug_line    0x0000147d      0x1ce drivers/mem/rom.o
 .debug_line    0x0000164b      0x2d2 drivers/mem/volatile/ram.o
 .debug_line    0x0000191d      0x228 drivers/mem/volatile/Vram.o
 .debug_line    0x00001b45      0x46c main.o

.debug_frame    0x00000000      0xa08
 *(.debug_frame)
 .debug_frame   0x00000000       0x98 cpu/communication/Serial.o
 .debug_frame   0x00000098      0x1f4 cpu/interpreter/interpreter.o
 .debug_frame   0x0000028c       0x44 cpu/interrupts/interrupts.o
 .debug_frame   0x000002d0      0x184 drivers/io/port controller/portcontroller.o
 .debug_frame   0x00000454      0x154 drivers/io/shift register/shiftreg.o
 .debug_frame   0x000005a8       0x94 drivers/mem/eeprom.o
 .debug_frame   0x0000063c       0xa8 drivers/mem/rom.o
 .debug_frame   0x000006e4       0xd0 drivers/mem/volatile/ram.o
 .debug_frame   0x000007b4      0x138 drivers/mem/volatile/Vram.o
 .debug_frame   0x000008ec      0x11c main.o

.debug_str      0x00000000     0x1c68
 *(.debug_str)
 .debug_str     0x00000000      0x252 C:/Program Files (x86)/Atmel/Studio/7.0/Packs/atmel/ATmega_DFP/1.3.300/gcc/dev/atmega644pa/avr5/crtatmega644pa.o
 .debug_str     0x00000252      0x7d5 cpu/communication/Serial.o
                                0x838 (size before relaxing)
 .debug_str     0x00000a27      0xb38 cpu/interpreter/interpreter.o
                               0x127a (size before relaxing)
 .debug_str     0x0000155f       0xf3 cpu/interrupts/interrupts.o
                                0x230 (size before relaxing)
 .debug_str     0x00001652       0x61 drivers/io/port controller/portcontroller.o
                                0x5f2 (size before relaxing)
 .debug_str     0x000016b3       0xbc drivers/io/shift register/shiftreg.o
                                0x7b0 (size before relaxing)
 .debug_str     0x0000176f      0x1de drivers/mem/eeprom.o
                                0x91c (size before relaxing)
 .debug_str     0x0000194d       0x56 drivers/mem/rom.o
                                0x832 (size before relaxing)
 .debug_str     0x000019a3       0x7a drivers/mem/volatile/ram.o
                                0x901 (size before relaxing)
 .debug_str     0x00001a1d       0x63 drivers/mem/volatile/Vram.o
                                0xa4c (size before relaxing)
 .debug_str     0x00001a80      0x1e8 main.o
                               0x1664 (size before relaxing)

.debug_loc      0x00000000     0x27ec
 *(.debug_loc)
 .debug_loc     0x00000000      0x1be cpu/communication/Serial.o
 .debug_loc     0x000001be      0xc01 cpu/interpreter/interpreter.o
 .debug_loc     0x00000dbf      0x2bf drivers/io/port controller/portcontroller.o
 .debug_loc     0x0000107e      0x5ab drivers/io/shift register/shiftreg.o
 .debug_loc     0x00001629      0x1de drivers/mem/eeprom.o
 .debug_loc     0x00001807      0x181 drivers/mem/rom.o
 .debug_loc     0x00001988      0x4fb drivers/mem/volatile/ram.o
 .debug_loc     0x00001e83      0x59b drivers/mem/volatile/Vram.o
 .debug_loc     0x0000241e      0x3ce main.o

.debug_macinfo
 *(.debug_macinfo)

.debug_weaknames
 *(.debug_weaknames)

.debug_funcnames
 *(.debug_funcnames)

.debug_typenames
 *(.debug_typenames)

.debug_varnames
 *(.debug_varnames)

.debug_pubtypes
 *(.debug_pubtypes)

.debug_ranges   0x00000000      0x3a8
 *(.debug_ranges)
 .debug_ranges  0x00000000       0x30 cpu/communication/Serial.o
 .debug_ranges  0x00000030      0x118 cpu/interpreter/interpreter.o
 .debug_ranges  0x00000148       0x20 cpu/interrupts/interrupts.o
 .debug_ranges  0x00000168       0xc0 drivers/io/port controller/portcontroller.o
 .debug_ranges  0x00000228       0x48 drivers/io/shift register/shiftreg.o
 .debug_ranges  0x00000270       0x30 drivers/mem/eeprom.o
 .debug_ranges  0x000002a0       0x40 drivers/mem/rom.o
 .debug_ranges  0x000002e0       0x38 drivers/mem/volatile/ram.o
 .debug_ranges  0x00000318       0x40 drivers/mem/volatile/Vram.o
 .debug_ranges  0x00000358       0x50 main.o

.debug_macro
 *(.debug_macro)
OUTPUT(os.elf elf32-avr)
LOAD linker stubs
