Archive member included to satisfy reference by file (symbol)

c:/program files (x86)/atmel/studio/7.0/toolchain/avr8/avr8-gnu-toolchain/bin/../lib/gcc/avr/5.4.0/avr5\libgcc.a(_udivmodqi4.o)
                              main.o (__udivmodqi4)
c:/program files (x86)/atmel/studio/7.0/toolchain/avr8/avr8-gnu-toolchain/bin/../lib/gcc/avr/5.4.0/avr5\libgcc.a(_exit.o)
                              C:/Program Files (x86)/Atmel/Studio/7.0/Packs/atmel/ATmega_DFP/1.7.374/gcc/dev/atmega644p/avr5/crtatmega644p.o (exit)
c:/program files (x86)/atmel/studio/7.0/toolchain/avr8/avr8-gnu-toolchain/bin/../lib/gcc/avr/5.4.0/avr5\libgcc.a(_clear_bss.o)
                              main.o (__do_clear_bss)
c:/program files (x86)/atmel/studio/7.0/toolchain/avr8/avr8-gnu-toolchain/bin/../lib/gcc/avr/5.4.0/avr5\libgcc.a(_ctors.o)
                              main.o (__do_global_ctors)
c:/program files (x86)/atmel/studio/7.0/toolchain/avr8/avr8-gnu-toolchain/bin/../lib/gcc/avr/5.4.0/avr5\libgcc.a(_dtors.o)
                              main.o (__do_global_dtors)
c:/program files (x86)/atmel/studio/7.0/toolchain/avr8/avr8-gnu-toolchain/bin/../lib/gcc/avr/5.4.0/avr5\libgcc.a(_ashrdi3.o)
                              drivers/io/shift register/shiftreg.o (__lshrdi3)
c:/program files (x86)/atmel/studio/7.0/toolchain/avr8/avr8-gnu-toolchain/bin/../lib/gcc/avr/5.4.0/avr5\libgcc.a(_cmpdi2_s8.o)
                              drivers/io/shift register/shiftreg.o (__cmpdi2_s8)
c:/program files (x86)/atmel/studio/7.0/toolchain/avr8/avr8-gnu-toolchain/bin/../lib/gcc/avr/5.4.0/avr5\libgcc.a(_tablejump2.o)
                              c:/program files (x86)/atmel/studio/7.0/toolchain/avr8/avr8-gnu-toolchain/bin/../lib/gcc/avr/5.4.0/avr5\libgcc.a(_ctors.o) (__tablejump2__)

Discarded input sections

 .data          0x00000000        0x0 C:/Program Files (x86)/Atmel/Studio/7.0/Packs/atmel/ATmega_DFP/1.7.374/gcc/dev/atmega644p/avr5/crtatmega644p.o
 .bss           0x00000000        0x0 C:/Program Files (x86)/Atmel/Studio/7.0/Packs/atmel/ATmega_DFP/1.7.374/gcc/dev/atmega644p/avr5/crtatmega644p.o
 .text          0x00000000        0x0 cpu/interpreter/interpreter.o
 .data          0x00000000        0x0 cpu/interpreter/interpreter.o
 .bss           0x00000000        0x0 cpu/interpreter/interpreter.o
 .text._ZN11interpreterC2EP6memoryS1_
                0x00000000       0xaa cpu/interpreter/interpreter.o
 .text._ZN11interpreterC2EP6memoryS1_j
                0x00000000       0xb8 cpu/interpreter/interpreter.o
 .text._ZN11interpreterC2EP6memoryS1_m
                0x00000000       0xd2 cpu/interpreter/interpreter.o
 .text._ZN11interpreterC2EP6memoryS1_mj
                0x00000000       0xd6 cpu/interpreter/interpreter.o
 .text._ZN11interpreter6jmppcfEm
                0x00000000       0x20 cpu/interpreter/interpreter.o
 .text._ZN11interpreter6jmppcbEm
                0x00000000       0x2c cpu/interpreter/interpreter.o
 .text._ZN11interpreter5pushaEm
                0x00000000       0x3c cpu/interpreter/interpreter.o
 .text._ZN11interpreter4testEhh
                0x00000000        0x2 cpu/interpreter/interpreter.o
 .text._ZN11interpreter5xorrrEhh
                0x00000000        0x2 cpu/interpreter/interpreter.o
 .text._ZN11interpreter4orrrEhh
                0x00000000       0x16 cpu/interpreter/interpreter.o
 .text._ZN11interpreter3oriEhh
                0x00000000        0xe cpu/interpreter/interpreter.o
 .text._ZN11interpreter4orrmEhm
                0x00000000       0x2e cpu/interpreter/interpreter.o
 .text._ZN11interpreter4notrEh
                0x00000000        0xe cpu/interpreter/interpreter.o
 .text          0x00000000        0x0 drivers/io/port controller/portcontroller.o
 .data          0x00000000        0x0 drivers/io/port controller/portcontroller.o
 .bss           0x00000000        0x0 drivers/io/port controller/portcontroller.o
 .text._ZN14portcontroller9readportaEv
                0x00000000        0x4 drivers/io/port controller/portcontroller.o
 .text._ZN14portcontroller9readportbEv
                0x00000000        0x4 drivers/io/port controller/portcontroller.o
 .text._ZN14portcontroller9readportcEv
                0x00000000        0x4 drivers/io/port controller/portcontroller.o
 .text._ZN14portcontroller8readddraEv
                0x00000000        0x4 drivers/io/port controller/portcontroller.o
 .text._ZN14portcontroller8readddrbEv
                0x00000000        0x4 drivers/io/port controller/portcontroller.o
 .text._ZN14portcontroller8readddrcEv
                0x00000000        0x4 drivers/io/port controller/portcontroller.o
 .text._ZN14portcontroller8readddrdEv
                0x00000000        0x4 drivers/io/port controller/portcontroller.o
 .text._ZN14portcontroller10writeportaEc
                0x00000000        0x4 drivers/io/port controller/portcontroller.o
 .text._ZN14portcontroller10writeportbEc
                0x00000000        0x4 drivers/io/port controller/portcontroller.o
 .text._ZN14portcontroller10writeportdEc
                0x00000000        0x4 drivers/io/port controller/portcontroller.o
 .text._ZN14portcontroller13digitalwritebEhb
                0x00000000       0x32 drivers/io/port controller/portcontroller.o
 .text._ZN14portcontroller13digitalwritecEhb
                0x00000000       0x32 drivers/io/port controller/portcontroller.o
 .text._ZN14portcontroller13digitalwritedEhb
                0x00000000       0x32 drivers/io/port controller/portcontroller.o
 .text          0x00000000        0x0 drivers/io/shift register/shiftreg.o
 .data          0x00000000        0x0 drivers/io/shift register/shiftreg.o
 .bss           0x00000000        0x0 drivers/io/shift register/shiftreg.o
 .text._ZN8shiftregC2Ev
                0x00000000        0x2 drivers/io/shift register/shiftreg.o
 .text._ZN8shiftreg9shiftout8Eh
                0x00000000       0x84 drivers/io/shift register/shiftreg.o
 .text._ZN8shiftreg10shiftout16Ej
                0x00000000       0xea drivers/io/shift register/shiftreg.o
 .text._ZN8shiftreg8shiftoutEv
                0x00000000        0xc drivers/io/shift register/shiftreg.o
 .text._ZN8shiftreg10shiftout64Ey
                0x00000000       0xbe drivers/io/shift register/shiftreg.o
 .text          0x00000000        0x0 drivers/memory/memory.o
 .data          0x00000000        0x0 drivers/memory/memory.o
 .bss           0x00000000        0x0 drivers/memory/memory.o
 .text._ZN6memoryC2EP14portcontroller
                0x00000000        0x8 drivers/memory/memory.o
 .text._ZN6memoryC2EP14portcontrollerP8shiftreg
                0x00000000        0xc drivers/memory/memory.o
 .text._ZN6memory5writeEmm
                0x00000000        0x2 drivers/memory/memory.o
 .text          0x00000000        0x0 drivers/memory/video_mem.o
 .data          0x00000000        0x0 drivers/memory/video_mem.o
 .bss           0x00000000        0x0 drivers/memory/video_mem.o
 .text          0x00000000        0x0 drivers/serial/Serial.o
 .data          0x00000000        0x0 drivers/serial/Serial.o
 .bss           0x00000000        0x0 drivers/serial/Serial.o
 .text._ZN6SerialC2Ev
                0x00000000        0x2 drivers/serial/Serial.o
 .text._ZN6SerialC2EP8shiftreg
                0x00000000        0x8 drivers/serial/Serial.o
 .text._ZN6SerialC2EP8shiftregP14portcontroller
                0x00000000        0xc drivers/serial/Serial.o
 .text._ZN6Serial4sendEPcii
                0x00000000       0xba drivers/serial/Serial.o
 .text._ZN6Serial4sendEci
                0x00000000       0x6c drivers/serial/Serial.o
 .text._ZN6Serial6reciveEPcii
                0x00000000       0x92 drivers/serial/Serial.o
 .text._ZN6Serial6reciveEi
                0x00000000       0x66 drivers/serial/Serial.o
 .text._ZN6Serial8iddeviceEi
                0x00000000       0x36 drivers/serial/Serial.o
 .text          0x00000000        0x0 drivers/serial/SPI.o
 .data          0x00000000        0x0 drivers/serial/SPI.o
 .bss           0x00000000        0x0 drivers/serial/SPI.o
 .text._ZN3SPIC2Ev
                0x00000000        0x2 drivers/serial/SPI.o
 .text._ZN3SPI4initEh
                0x00000000        0x4 drivers/serial/SPI.o
 .text._ZN3SPID2Ev
                0x00000000        0x2 drivers/serial/SPI.o
 .debug_info    0x00000000      0x288 drivers/serial/SPI.o
 .debug_abbrev  0x00000000      0x16c drivers/serial/SPI.o
 .debug_aranges
                0x00000000       0x30 drivers/serial/SPI.o
 .debug_ranges  0x00000000       0x20 drivers/serial/SPI.o
 .debug_line    0x00000000       0xd8 drivers/serial/SPI.o
 .debug_str     0x00000000      0x2ce drivers/serial/SPI.o
 .comment       0x00000000       0x31 drivers/serial/SPI.o
 .debug_frame   0x00000000       0x44 drivers/serial/SPI.o
 .text          0x00000000        0x0 main.o
 .data          0x00000000        0x0 main.o
 .bss           0x00000000        0x0 main.o
 .text._Z6loadosv
                0x00000000        0x2 main.o
 .text          0x00000000        0x0 c:/program files (x86)/atmel/studio/7.0/toolchain/avr8/avr8-gnu-toolchain/bin/../lib/gcc/avr/5.4.0/avr5\libgcc.a(_udivmodqi4.o)
 .data          0x00000000        0x0 c:/program files (x86)/atmel/studio/7.0/toolchain/avr8/avr8-gnu-toolchain/bin/../lib/gcc/avr/5.4.0/avr5\libgcc.a(_udivmodqi4.o)
 .bss           0x00000000        0x0 c:/program files (x86)/atmel/studio/7.0/toolchain/avr8/avr8-gnu-toolchain/bin/../lib/gcc/avr/5.4.0/avr5\libgcc.a(_udivmodqi4.o)
 .text.libgcc.mul
                0x00000000        0x0 c:/program files (x86)/atmel/studio/7.0/toolchain/avr8/avr8-gnu-toolchain/bin/../lib/gcc/avr/5.4.0/avr5\libgcc.a(_udivmodqi4.o)
 .text.libgcc   0x00000000        0x0 c:/program files (x86)/atmel/studio/7.0/toolchain/avr8/avr8-gnu-toolchain/bin/../lib/gcc/avr/5.4.0/avr5\libgcc.a(_udivmodqi4.o)
 .text.libgcc.prologue
                0x00000000        0x0 c:/program files (x86)/atmel/studio/7.0/toolchain/avr8/avr8-gnu-toolchain/bin/../lib/gcc/avr/5.4.0/avr5\libgcc.a(_udivmodqi4.o)
 .text.libgcc.builtins
                0x00000000        0x0 c:/program files (x86)/atmel/studio/7.0/toolchain/avr8/avr8-gnu-toolchain/bin/../lib/gcc/avr/5.4.0/avr5\libgcc.a(_udivmodqi4.o)
 .text.libgcc.fmul
                0x00000000        0x0 c:/program files (x86)/atmel/studio/7.0/toolchain/avr8/avr8-gnu-toolchain/bin/../lib/gcc/avr/5.4.0/avr5\libgcc.a(_udivmodqi4.o)
 .text.libgcc.fixed
                0x00000000        0x0 c:/program files (x86)/atmel/studio/7.0/toolchain/avr8/avr8-gnu-toolchain/bin/../lib/gcc/avr/5.4.0/avr5\libgcc.a(_udivmodqi4.o)
 .text          0x00000000        0x0 c:/program files (x86)/atmel/studio/7.0/toolchain/avr8/avr8-gnu-toolchain/bin/../lib/gcc/avr/5.4.0/avr5\libgcc.a(_exit.o)
 .data          0x00000000        0x0 c:/program files (x86)/atmel/studio/7.0/toolchain/avr8/avr8-gnu-toolchain/bin/../lib/gcc/avr/5.4.0/avr5\libgcc.a(_exit.o)
 .bss           0x00000000        0x0 c:/program files (x86)/atmel/studio/7.0/toolchain/avr8/avr8-gnu-toolchain/bin/../lib/gcc/avr/5.4.0/avr5\libgcc.a(_exit.o)
 .text.libgcc.mul
                0x00000000        0x0 c:/program files (x86)/atmel/studio/7.0/toolchain/avr8/avr8-gnu-toolchain/bin/../lib/gcc/avr/5.4.0/avr5\libgcc.a(_exit.o)
 .text.libgcc.div
                0x00000000        0x0 c:/program files (x86)/atmel/studio/7.0/toolchain/avr8/avr8-gnu-toolchain/bin/../lib/gcc/avr/5.4.0/avr5\libgcc.a(_exit.o)
 .text.libgcc   0x00000000        0x0 c:/program files (x86)/atmel/studio/7.0/toolchain/avr8/avr8-gnu-toolchain/bin/../lib/gcc/avr/5.4.0/avr5\libgcc.a(_exit.o)
 .text.libgcc.prologue
                0x00000000        0x0 c:/program files (x86)/atmel/studio/7.0/toolchain/avr8/avr8-gnu-toolchain/bin/../lib/gcc/avr/5.4.0/avr5\libgcc.a(_exit.o)
 .text.libgcc.builtins
                0x00000000        0x0 c:/program files (x86)/atmel/studio/7.0/toolchain/avr8/avr8-gnu-toolchain/bin/../lib/gcc/avr/5.4.0/avr5\libgcc.a(_exit.o)
 .text.libgcc.fmul
                0x00000000        0x0 c:/program files (x86)/atmel/studio/7.0/toolchain/avr8/avr8-gnu-toolchain/bin/../lib/gcc/avr/5.4.0/avr5\libgcc.a(_exit.o)
 .text.libgcc.fixed
                0x00000000        0x0 c:/program files (x86)/atmel/studio/7.0/toolchain/avr8/avr8-gnu-toolchain/bin/../lib/gcc/avr/5.4.0/avr5\libgcc.a(_exit.o)
 .text          0x00000000        0x0 c:/program files (x86)/atmel/studio/7.0/toolchain/avr8/avr8-gnu-toolchain/bin/../lib/gcc/avr/5.4.0/avr5\libgcc.a(_clear_bss.o)
 .data          0x00000000        0x0 c:/program files (x86)/atmel/studio/7.0/toolchain/avr8/avr8-gnu-toolchain/bin/../lib/gcc/avr/5.4.0/avr5\libgcc.a(_clear_bss.o)
 .bss           0x00000000        0x0 c:/program files (x86)/atmel/studio/7.0/toolchain/avr8/avr8-gnu-toolchain/bin/../lib/gcc/avr/5.4.0/avr5\libgcc.a(_clear_bss.o)
 .text.libgcc.mul
                0x00000000        0x0 c:/program files (x86)/atmel/studio/7.0/toolchain/avr8/avr8-gnu-toolchain/bin/../lib/gcc/avr/5.4.0/avr5\libgcc.a(_clear_bss.o)
 .text.libgcc.div
                0x00000000        0x0 c:/program files (x86)/atmel/studio/7.0/toolchain/avr8/avr8-gnu-toolchain/bin/../lib/gcc/avr/5.4.0/avr5\libgcc.a(_clear_bss.o)
 .text.libgcc   0x00000000        0x0 c:/program files (x86)/atmel/studio/7.0/toolchain/avr8/avr8-gnu-toolchain/bin/../lib/gcc/avr/5.4.0/avr5\libgcc.a(_clear_bss.o)
 .text.libgcc.prologue
                0x00000000        0x0 c:/program files (x86)/atmel/studio/7.0/toolchain/avr8/avr8-gnu-toolchain/bin/../lib/gcc/avr/5.4.0/avr5\libgcc.a(_clear_bss.o)
 .text.libgcc.builtins
                0x00000000        0x0 c:/program files (x86)/atmel/studio/7.0/toolchain/avr8/avr8-gnu-toolchain/bin/../lib/gcc/avr/5.4.0/avr5\libgcc.a(_clear_bss.o)
 .text.libgcc.fmul
                0x00000000        0x0 c:/program files (x86)/atmel/studio/7.0/toolchain/avr8/avr8-gnu-toolchain/bin/../lib/gcc/avr/5.4.0/avr5\libgcc.a(_clear_bss.o)
 .text.libgcc.fixed
                0x00000000        0x0 c:/program files (x86)/atmel/studio/7.0/toolchain/avr8/avr8-gnu-toolchain/bin/../lib/gcc/avr/5.4.0/avr5\libgcc.a(_clear_bss.o)
 .text          0x00000000        0x0 c:/program files (x86)/atmel/studio/7.0/toolchain/avr8/avr8-gnu-toolchain/bin/../lib/gcc/avr/5.4.0/avr5\libgcc.a(_ctors.o)
 .data          0x00000000        0x0 c:/program files (x86)/atmel/studio/7.0/toolchain/avr8/avr8-gnu-toolchain/bin/../lib/gcc/avr/5.4.0/avr5\libgcc.a(_ctors.o)
 .bss           0x00000000        0x0 c:/program files (x86)/atmel/studio/7.0/toolchain/avr8/avr8-gnu-toolchain/bin/../lib/gcc/avr/5.4.0/avr5\libgcc.a(_ctors.o)
 .text.libgcc.mul
                0x00000000        0x0 c:/program files (x86)/atmel/studio/7.0/toolchain/avr8/avr8-gnu-toolchain/bin/../lib/gcc/avr/5.4.0/avr5\libgcc.a(_ctors.o)
 .text.libgcc.div
                0x00000000        0x0 c:/program files (x86)/atmel/studio/7.0/toolchain/avr8/avr8-gnu-toolchain/bin/../lib/gcc/avr/5.4.0/avr5\libgcc.a(_ctors.o)
 .text.libgcc   0x00000000        0x0 c:/program files (x86)/atmel/studio/7.0/toolchain/avr8/avr8-gnu-toolchain/bin/../lib/gcc/avr/5.4.0/avr5\libgcc.a(_ctors.o)
 .text.libgcc.prologue
                0x00000000        0x0 c:/program files (x86)/atmel/studio/7.0/toolchain/avr8/avr8-gnu-toolchain/bin/../lib/gcc/avr/5.4.0/avr5\libgcc.a(_ctors.o)
 .text.libgcc.builtins
                0x00000000        0x0 c:/program files (x86)/atmel/studio/7.0/toolchain/avr8/avr8-gnu-toolchain/bin/../lib/gcc/avr/5.4.0/avr5\libgcc.a(_ctors.o)
 .text.libgcc.fmul
                0x00000000        0x0 c:/program files (x86)/atmel/studio/7.0/toolchain/avr8/avr8-gnu-toolchain/bin/../lib/gcc/avr/5.4.0/avr5\libgcc.a(_ctors.o)
 .text.libgcc.fixed
                0x00000000        0x0 c:/program files (x86)/atmel/studio/7.0/toolchain/avr8/avr8-gnu-toolchain/bin/../lib/gcc/avr/5.4.0/avr5\libgcc.a(_ctors.o)
 .text          0x00000000        0x0 c:/program files (x86)/atmel/studio/7.0/toolchain/avr8/avr8-gnu-toolchain/bin/../lib/gcc/avr/5.4.0/avr5\libgcc.a(_dtors.o)
 .data          0x00000000        0x0 c:/program files (x86)/atmel/studio/7.0/toolchain/avr8/avr8-gnu-toolchain/bin/../lib/gcc/avr/5.4.0/avr5\libgcc.a(_dtors.o)
 .bss           0x00000000        0x0 c:/program files (x86)/atmel/studio/7.0/toolchain/avr8/avr8-gnu-toolchain/bin/../lib/gcc/avr/5.4.0/avr5\libgcc.a(_dtors.o)
 .text.libgcc.mul
                0x00000000        0x0 c:/program files (x86)/atmel/studio/7.0/toolchain/avr8/avr8-gnu-toolchain/bin/../lib/gcc/avr/5.4.0/avr5\libgcc.a(_dtors.o)
 .text.libgcc.div
                0x00000000        0x0 c:/program files (x86)/atmel/studio/7.0/toolchain/avr8/avr8-gnu-toolchain/bin/../lib/gcc/avr/5.4.0/avr5\libgcc.a(_dtors.o)
 .text.libgcc   0x00000000        0x0 c:/program files (x86)/atmel/studio/7.0/toolchain/avr8/avr8-gnu-toolchain/bin/../lib/gcc/avr/5.4.0/avr5\libgcc.a(_dtors.o)
 .text.libgcc.prologue
                0x00000000        0x0 c:/program files (x86)/atmel/studio/7.0/toolchain/avr8/avr8-gnu-toolchain/bin/../lib/gcc/avr/5.4.0/avr5\libgcc.a(_dtors.o)
 .text.libgcc.builtins
                0x00000000        0x0 c:/program files (x86)/atmel/studio/7.0/toolchain/avr8/avr8-gnu-toolchain/bin/../lib/gcc/avr/5.4.0/avr5\libgcc.a(_dtors.o)
 .text.libgcc.fmul
                0x00000000        0x0 c:/program files (x86)/atmel/studio/7.0/toolchain/avr8/avr8-gnu-toolchain/bin/../lib/gcc/avr/5.4.0/avr5\libgcc.a(_dtors.o)
 .text.libgcc.fixed
                0x00000000        0x0 c:/program files (x86)/atmel/studio/7.0/toolchain/avr8/avr8-gnu-toolchain/bin/../lib/gcc/avr/5.4.0/avr5\libgcc.a(_dtors.o)
 .text          0x00000000        0x0 c:/program files (x86)/atmel/studio/7.0/toolchain/avr8/avr8-gnu-toolchain/bin/../lib/gcc/avr/5.4.0/avr5\libgcc.a(_ashrdi3.o)
 .data          0x00000000        0x0 c:/program files (x86)/atmel/studio/7.0/toolchain/avr8/avr8-gnu-toolchain/bin/../lib/gcc/avr/5.4.0/avr5\libgcc.a(_ashrdi3.o)
 .bss           0x00000000        0x0 c:/program files (x86)/atmel/studio/7.0/toolchain/avr8/avr8-gnu-toolchain/bin/../lib/gcc/avr/5.4.0/avr5\libgcc.a(_ashrdi3.o)
 .text.libgcc.mul
                0x00000000        0x0 c:/program files (x86)/atmel/studio/7.0/toolchain/avr8/avr8-gnu-toolchain/bin/../lib/gcc/avr/5.4.0/avr5\libgcc.a(_ashrdi3.o)
 .text.libgcc.div
                0x00000000        0x0 c:/program files (x86)/atmel/studio/7.0/toolchain/avr8/avr8-gnu-toolchain/bin/../lib/gcc/avr/5.4.0/avr5\libgcc.a(_ashrdi3.o)
 .text.libgcc   0x00000000        0x0 c:/program files (x86)/atmel/studio/7.0/toolchain/avr8/avr8-gnu-toolchain/bin/../lib/gcc/avr/5.4.0/avr5\libgcc.a(_ashrdi3.o)
 .text.libgcc.prologue
                0x00000000        0x0 c:/program files (x86)/atmel/studio/7.0/toolchain/avr8/avr8-gnu-toolchain/bin/../lib/gcc/avr/5.4.0/avr5\libgcc.a(_ashrdi3.o)
 .text.libgcc.builtins
                0x00000000       0x3c c:/program files (x86)/atmel/studio/7.0/toolchain/avr8/avr8-gnu-toolchain/bin/../lib/gcc/avr/5.4.0/avr5\libgcc.a(_ashrdi3.o)
 .text.libgcc.fmul
                0x00000000        0x0 c:/program files (x86)/atmel/studio/7.0/toolchain/avr8/avr8-gnu-toolchain/bin/../lib/gcc/avr/5.4.0/avr5\libgcc.a(_ashrdi3.o)
 .text.libgcc.fixed
                0x00000000        0x0 c:/program files (x86)/atmel/studio/7.0/toolchain/avr8/avr8-gnu-toolchain/bin/../lib/gcc/avr/5.4.0/avr5\libgcc.a(_ashrdi3.o)
 .text          0x00000000        0x0 c:/program files (x86)/atmel/studio/7.0/toolchain/avr8/avr8-gnu-toolchain/bin/../lib/gcc/avr/5.4.0/avr5\libgcc.a(_cmpdi2_s8.o)
 .data          0x00000000        0x0 c:/program files (x86)/atmel/studio/7.0/toolchain/avr8/avr8-gnu-toolchain/bin/../lib/gcc/avr/5.4.0/avr5\libgcc.a(_cmpdi2_s8.o)
 .bss           0x00000000        0x0 c:/program files (x86)/atmel/studio/7.0/toolchain/avr8/avr8-gnu-toolchain/bin/../lib/gcc/avr/5.4.0/avr5\libgcc.a(_cmpdi2_s8.o)
 .text.libgcc.mul
                0x00000000        0x0 c:/program files (x86)/atmel/studio/7.0/toolchain/avr8/avr8-gnu-toolchain/bin/../lib/gcc/avr/5.4.0/avr5\libgcc.a(_cmpdi2_s8.o)
 .text.libgcc.div
                0x00000000        0x0 c:/program files (x86)/atmel/studio/7.0/toolchain/avr8/avr8-gnu-toolchain/bin/../lib/gcc/avr/5.4.0/avr5\libgcc.a(_cmpdi2_s8.o)
 .text.libgcc   0x00000000       0x18 c:/program files (x86)/atmel/studio/7.0/toolchain/avr8/avr8-gnu-toolchain/bin/../lib/gcc/avr/5.4.0/avr5\libgcc.a(_cmpdi2_s8.o)
 .text.libgcc.prologue
                0x00000000        0x0 c:/program files (x86)/atmel/studio/7.0/toolchain/avr8/avr8-gnu-toolchain/bin/../lib/gcc/avr/5.4.0/avr5\libgcc.a(_cmpdi2_s8.o)
 .text.libgcc.builtins
                0x00000000        0x0 c:/program files (x86)/atmel/studio/7.0/toolchain/avr8/avr8-gnu-toolchain/bin/../lib/gcc/avr/5.4.0/avr5\libgcc.a(_cmpdi2_s8.o)
 .text.libgcc.fmul
                0x00000000        0x0 c:/program files (x86)/atmel/studio/7.0/toolchain/avr8/avr8-gnu-toolchain/bin/../lib/gcc/avr/5.4.0/avr5\libgcc.a(_cmpdi2_s8.o)
 .text.libgcc.fixed
                0x00000000        0x0 c:/program files (x86)/atmel/studio/7.0/toolchain/avr8/avr8-gnu-toolchain/bin/../lib/gcc/avr/5.4.0/avr5\libgcc.a(_cmpdi2_s8.o)
 .text          0x00000000        0x0 c:/program files (x86)/atmel/studio/7.0/toolchain/avr8/avr8-gnu-toolchain/bin/../lib/gcc/avr/5.4.0/avr5\libgcc.a(_tablejump2.o)
 .data          0x00000000        0x0 c:/program files (x86)/atmel/studio/7.0/toolchain/avr8/avr8-gnu-toolchain/bin/../lib/gcc/avr/5.4.0/avr5\libgcc.a(_tablejump2.o)
 .bss           0x00000000        0x0 c:/program files (x86)/atmel/studio/7.0/toolchain/avr8/avr8-gnu-toolchain/bin/../lib/gcc/avr/5.4.0/avr5\libgcc.a(_tablejump2.o)
 .text.libgcc.mul
                0x00000000        0x0 c:/program files (x86)/atmel/studio/7.0/toolchain/avr8/avr8-gnu-toolchain/bin/../lib/gcc/avr/5.4.0/avr5\libgcc.a(_tablejump2.o)
 .text.libgcc.div
                0x00000000        0x0 c:/program files (x86)/atmel/studio/7.0/toolchain/avr8/avr8-gnu-toolchain/bin/../lib/gcc/avr/5.4.0/avr5\libgcc.a(_tablejump2.o)
 .text.libgcc.prologue
                0x00000000        0x0 c:/program files (x86)/atmel/studio/7.0/toolchain/avr8/avr8-gnu-toolchain/bin/../lib/gcc/avr/5.4.0/avr5\libgcc.a(_tablejump2.o)
 .text.libgcc.builtins
                0x00000000        0x0 c:/program files (x86)/atmel/studio/7.0/toolchain/avr8/avr8-gnu-toolchain/bin/../lib/gcc/avr/5.4.0/avr5\libgcc.a(_tablejump2.o)
 .text.libgcc.fmul
                0x00000000        0x0 c:/program files (x86)/atmel/studio/7.0/toolchain/avr8/avr8-gnu-toolchain/bin/../lib/gcc/avr/5.4.0/avr5\libgcc.a(_tablejump2.o)
 .text.libgcc.fixed
                0x00000000        0x0 c:/program files (x86)/atmel/studio/7.0/toolchain/avr8/avr8-gnu-toolchain/bin/../lib/gcc/avr/5.4.0/avr5\libgcc.a(_tablejump2.o)

Memory Configuration

Name             Origin             Length             Attributes
text             0x00000000         0x00010000         xr
data             0x00800100         0x00001000         rw !x
eeprom           0x00810000         0x00000800         rw !x
fuse             0x00820000         0x00000003         rw !x
lock             0x00830000         0x00000400         rw !x
signature        0x00840000         0x00000400         rw !x
user_signatures  0x00850000         0x00000400         rw !x
*default*        0x00000000         0xffffffff

Linker script and memory map

Address of section .data set to 0x800100
LOAD C:/Program Files (x86)/Atmel/Studio/7.0/Packs/atmel/ATmega_DFP/1.7.374/gcc/dev/atmega644p/avr5/crtatmega644p.o
LOAD cpu/interpreter/interpreter.o
LOAD drivers/io/port controller/portcontroller.o
LOAD drivers/io/shift register/shiftreg.o
LOAD drivers/memory/memory.o
LOAD drivers/memory/video_mem.o
LOAD drivers/serial/Serial.o
LOAD drivers/serial/SPI.o
LOAD main.o
START GROUP
LOAD c:/program files (x86)/atmel/studio/7.0/toolchain/avr8/avr8-gnu-toolchain/bin/../lib/gcc/avr/5.4.0/../../../../avr/lib/avr5\libm.a
END GROUP
LOAD c:/program files (x86)/atmel/studio/7.0/toolchain/avr8/avr8-gnu-toolchain/bin/../lib/gcc/avr/5.4.0/avr5\libgcc.a
LOAD c:/program files (x86)/atmel/studio/7.0/toolchain/avr8/avr8-gnu-toolchain/bin/../lib/gcc/avr/5.4.0/../../../../avr/lib/avr5\libm.a
START GROUP
LOAD c:/program files (x86)/atmel/studio/7.0/toolchain/avr8/avr8-gnu-toolchain/bin/../lib/gcc/avr/5.4.0/avr5\libgcc.a
LOAD c:/program files (x86)/atmel/studio/7.0/toolchain/avr8/avr8-gnu-toolchain/bin/../lib/gcc/avr/5.4.0/../../../../avr/lib/avr5\libm.a
LOAD c:/program files (x86)/atmel/studio/7.0/toolchain/avr8/avr8-gnu-toolchain/bin/../lib/gcc/avr/5.4.0/../../../../avr/lib/avr5\libc.a
LOAD C:/Program Files (x86)/Atmel/Studio/7.0/Packs/atmel/ATmega_DFP/1.7.374/gcc/dev/atmega644p/avr5\libatmega644p.a
END GROUP
                0x00000000                __TEXT_REGION_ORIGIN__ = DEFINED (__TEXT_REGION_ORIGIN__)?__TEXT_REGION_ORIGIN__:0x0
                [0x00800100]                __DATA_REGION_ORIGIN__ = DEFINED (__DATA_REGION_ORIGIN__)?__DATA_REGION_ORIGIN__:0x800060
                [0x00010000]                __TEXT_REGION_LENGTH__ = DEFINED (__TEXT_REGION_LENGTH__)?__TEXT_REGION_LENGTH__:0x20000
                [0x00001000]                __DATA_REGION_LENGTH__ = DEFINED (__DATA_REGION_LENGTH__)?__DATA_REGION_LENGTH__:0xffa0
                [0x00000800]                __EEPROM_REGION_LENGTH__ = DEFINED (__EEPROM_REGION_LENGTH__)?__EEPROM_REGION_LENGTH__:0x10000
                [0x00000003]                __FUSE_REGION_LENGTH__ = DEFINED (__FUSE_REGION_LENGTH__)?__FUSE_REGION_LENGTH__:0x400
                0x00000400                __LOCK_REGION_LENGTH__ = DEFINED (__LOCK_REGION_LENGTH__)?__LOCK_REGION_LENGTH__:0x400
                0x00000400                __SIGNATURE_REGION_LENGTH__ = DEFINED (__SIGNATURE_REGION_LENGTH__)?__SIGNATURE_REGION_LENGTH__:0x400
                0x00000400                __USER_SIGNATURE_REGION_LENGTH__ = DEFINED (__USER_SIGNATURE_REGION_LENGTH__)?__USER_SIGNATURE_REGION_LENGTH__:0x400

.hash
 *(.hash)

.dynsym
 *(.dynsym)

.dynstr
 *(.dynstr)

.gnu.version
 *(.gnu.version)

.gnu.version_d
 *(.gnu.version_d)

.gnu.version_r
 *(.gnu.version_r)

.rel.init
 *(.rel.init)

.rela.init
 *(.rela.init)

.rel.text
 *(.rel.text)
 *(.rel.text.*)
 *(.rel.gnu.linkonce.t*)

.rela.text
 *(.rela.text)
 *(.rela.text.*)
 *(.rela.gnu.linkonce.t*)

.rel.fini
 *(.rel.fini)

.rela.fini
 *(.rela.fini)

.rel.rodata
 *(.rel.rodata)
 *(.rel.rodata.*)
 *(.rel.gnu.linkonce.r*)

.rela.rodata
 *(.rela.rodata)
 *(.rela.rodata.*)
 *(.rela.gnu.linkonce.r*)

.rel.data
 *(.rel.data)
 *(.rel.data.*)
 *(.rel.gnu.linkonce.d*)

.rela.data
 *(.rela.data)
 *(.rela.data.*)
 *(.rela.gnu.linkonce.d*)

.rel.ctors
 *(.rel.ctors)

.rela.ctors
 *(.rela.ctors)

.rel.dtors
 *(.rel.dtors)

.rela.dtors
 *(.rela.dtors)

.rel.got
 *(.rel.got)

.rela.got
 *(.rela.got)

.rel.bss
 *(.rel.bss)

.rela.bss
 *(.rela.bss)

.rel.plt
 *(.rel.plt)

.rela.plt
 *(.rela.plt)

.text           0x00000000     0x2822
 *(.vectors)
 .vectors       0x00000000       0x7c C:/Program Files (x86)/Atmel/Studio/7.0/Packs/atmel/ATmega_DFP/1.7.374/gcc/dev/atmega644p/avr5/crtatmega644p.o
                0x00000000                __vector_default
                0x00000000                __vectors
 *(.vectors)
 *(.progmem.gcc*)
                0x0000007c                . = ALIGN (0x2)
                0x0000007c                __trampolines_start = .
 *(.trampolines)
 .trampolines   0x0000007c        0x0 linker stubs
 *(.trampolines*)
                0x0000007c                __trampolines_end = .
 *libprintf_flt.a:*(.progmem.data)
 *libc.a:*(.progmem.data)
 *(.progmem*)
                0x0000007c                . = ALIGN (0x2)
 *(.jumptables)
 *(.jumptables*)
 *(.lowtext)
 *(.lowtext*)
                0x0000007c                __ctors_start = .
 *(.ctors)
 .ctors         0x0000007c        0x2 main.o
                0x0000007e                __ctors_end = .
                0x0000007e                __dtors_start = .
 *(.dtors)
 .dtors         0x0000007e        0x2 main.o
                0x00000080                __dtors_end = .
 SORT(*)(.ctors)
 SORT(*)(.dtors)
 *(.init0)
 .init0         0x00000080        0x0 C:/Program Files (x86)/Atmel/Studio/7.0/Packs/atmel/ATmega_DFP/1.7.374/gcc/dev/atmega644p/avr5/crtatmega644p.o
                0x00000080                __init
 *(.init0)
 *(.init1)
 *(.init1)
 *(.init2)
 .init2         0x00000080        0xc C:/Program Files (x86)/Atmel/Studio/7.0/Packs/atmel/ATmega_DFP/1.7.374/gcc/dev/atmega644p/avr5/crtatmega644p.o
 *(.init2)
 *(.init3)
 *(.init3)
 *(.init4)
 .init4         0x0000008c       0x10 c:/program files (x86)/atmel/studio/7.0/toolchain/avr8/avr8-gnu-toolchain/bin/../lib/gcc/avr/5.4.0/avr5\libgcc.a(_clear_bss.o)
                0x0000008c                __do_clear_bss
 *(.init4)
 *(.init5)
 *(.init5)
 *(.init6)
 .init6         0x0000009c       0x16 c:/program files (x86)/atmel/studio/7.0/toolchain/avr8/avr8-gnu-toolchain/bin/../lib/gcc/avr/5.4.0/avr5\libgcc.a(_ctors.o)
                0x0000009c                __do_global_ctors
 *(.init6)
 *(.init7)
 *(.init7)
 *(.init8)
 *(.init8)
 *(.init9)
 .init9         0x000000b2        0x8 C:/Program Files (x86)/Atmel/Studio/7.0/Packs/atmel/ATmega_DFP/1.7.374/gcc/dev/atmega644p/avr5/crtatmega644p.o
 *(.init9)
 *(.text)
 .text          0x000000ba        0x4 C:/Program Files (x86)/Atmel/Studio/7.0/Packs/atmel/ATmega_DFP/1.7.374/gcc/dev/atmega644p/avr5/crtatmega644p.o
                0x000000ba                __vector_22
                0x000000ba                __vector_28
                0x000000ba                __vector_1
                0x000000ba                __vector_24
                0x000000ba                __vector_12
                0x000000ba                __bad_interrupt
                0x000000ba                __vector_6
                0x000000ba                __vector_3
                0x000000ba                __vector_23
                0x000000ba                __vector_30
                0x000000ba                __vector_25
                0x000000ba                __vector_11
                0x000000ba                __vector_13
                0x000000ba                __vector_17
                0x000000ba                __vector_19
                0x000000ba                __vector_7
                0x000000ba                __vector_27
                0x000000ba                __vector_5
                0x000000ba                __vector_4
                0x000000ba                __vector_9
                0x000000ba                __vector_2
                0x000000ba                __vector_21
                0x000000ba                __vector_15
                0x000000ba                __vector_29
                0x000000ba                __vector_8
                0x000000ba                __vector_26
                0x000000ba                __vector_14
                0x000000ba                __vector_10
                0x000000ba                __vector_16
                0x000000ba                __vector_18
                0x000000ba                __vector_20
                0x000000be                . = ALIGN (0x2)
 *(.text.*)
 .text._ZN11interpreterC2Ev
                0x000000be       0x96 cpu/interpreter/interpreter.o
                0x000000be                _ZN11interpreterC1Ev
                0x000000be                _ZN11interpreterC2Ev
 .text._ZN11interpreter3incEh
                0x00000154        0xe cpu/interpreter/interpreter.o
                0x00000154                _ZN11interpreter3incEh
 .text._ZN11interpreter3incEm
                0x00000162       0x3c cpu/interpreter/interpreter.o
                0x00000162                _ZN11interpreter3incEm
 .text._ZN11interpreter3decEh
                0x0000019e        0xe cpu/interpreter/interpreter.o
                0x0000019e                _ZN11interpreter3decEh
 .text._ZN11interpreter3decEm
                0x000001ac       0x3c cpu/interpreter/interpreter.o
                0x000001ac                _ZN11interpreter3decEm
 .text._ZN11interpreter3movEhh
                0x000001e8       0x12 cpu/interpreter/interpreter.o
                0x000001e8                _ZN11interpreter3movEhh
 .text._ZN11interpreter2ldEhm
                0x000001fa       0x30 cpu/interpreter/interpreter.o
                0x000001fa                _ZN11interpreter2ldEhm
 .text._ZN11interpreter3ldiEhh
                0x0000022a        0xa cpu/interpreter/interpreter.o
                0x0000022a                _ZN11interpreter3ldiEhh
 .text._ZN11interpreter3ldxEh
                0x00000234       0x2a cpu/interpreter/interpreter.o
                0x00000234                _ZN11interpreter3ldxEh
 .text._ZN11interpreter3ldyEh
                0x0000025e       0x2a cpu/interpreter/interpreter.o
                0x0000025e                _ZN11interpreter3ldyEh
 .text._ZN11interpreter3ldzEh
                0x00000288       0x2a cpu/interpreter/interpreter.o
                0x00000288                _ZN11interpreter3ldzEh
 .text._ZN11interpreter3stxEh
                0x000002b2       0x44 cpu/interpreter/interpreter.o
                0x000002b2                _ZN11interpreter3stxEh
 .text._ZN11interpreter3styEh
                0x000002f6       0x44 cpu/interpreter/interpreter.o
                0x000002f6                _ZN11interpreter3styEh
 .text._ZN11interpreter3stzEh
                0x0000033a       0x44 cpu/interpreter/interpreter.o
                0x0000033a                _ZN11interpreter3stzEh
 .text._ZN11interpreter3stdEmh
                0x0000037e       0x10 cpu/interpreter/interpreter.o
                0x0000037e                _ZN11interpreter3stdEmh
 .text._ZN11interpreter3svdEmh
                0x0000038e       0x10 cpu/interpreter/interpreter.o
                0x0000038e                _ZN11interpreter3svdEmh
 .text._ZN11interpreter3svxEh
                0x0000039e       0x36 cpu/interpreter/interpreter.o
                0x0000039e                _ZN11interpreter3svxEh
 .text._ZN11interpreter3svyEh
                0x000003d4       0x36 cpu/interpreter/interpreter.o
                0x000003d4                _ZN11interpreter3svyEh
 .text._ZN11interpreter3svzEh
                0x0000040a       0x36 cpu/interpreter/interpreter.o
                0x0000040a                _ZN11interpreter3svzEh
 .text._ZN11interpreter3txsEv
                0x00000440       0x28 cpu/interpreter/interpreter.o
                0x00000440                _ZN11interpreter3txsEv
 .text._ZN11interpreter3txyEv
                0x00000468       0x3a cpu/interpreter/interpreter.o
                0x00000468                _ZN11interpreter3txyEv
 .text._ZN11interpreter3txzEv
                0x000004a2       0x3a cpu/interpreter/interpreter.o
                0x000004a2                _ZN11interpreter3txzEv
 .text._ZN11interpreter3tysEv
                0x000004dc       0x28 cpu/interpreter/interpreter.o
                0x000004dc                _ZN11interpreter3tysEv
 .text._ZN11interpreter3tyxEv
                0x00000504       0x3a cpu/interpreter/interpreter.o
                0x00000504                _ZN11interpreter3tyxEv
 .text._ZN11interpreter3tyzEv
                0x0000053e       0x3a cpu/interpreter/interpreter.o
                0x0000053e                _ZN11interpreter3tyzEv
 .text._ZN11interpreter3tzsEv
                0x00000578       0x28 cpu/interpreter/interpreter.o
                0x00000578                _ZN11interpreter3tzsEv
 .text._ZN11interpreter3tzxEv
                0x000005a0       0x3a cpu/interpreter/interpreter.o
                0x000005a0                _ZN11interpreter3tzxEv
 .text._ZN11interpreter3tzyEv
                0x000005da       0x3a cpu/interpreter/interpreter.o
                0x000005da                _ZN11interpreter3tzyEv
 .text._ZN11interpreter3tsxEv
                0x00000614       0x1e cpu/interpreter/interpreter.o
                0x00000614                _ZN11interpreter3tsxEv
 .text._ZN11interpreter3tsyEv
                0x00000632       0x1e cpu/interpreter/interpreter.o
                0x00000632                _ZN11interpreter3tsyEv
 .text._ZN11interpreter3tszEv
                0x00000650       0x1e cpu/interpreter/interpreter.o
                0x00000650                _ZN11interpreter3tszEv
 .text._ZN11interpreter3cmpEhh
                0x0000066e       0x32 cpu/interpreter/interpreter.o
                0x0000066e                _ZN11interpreter3cmpEhh
 .text._ZN11interpreter3cpiEhh
                0x000006a0       0x32 cpu/interpreter/interpreter.o
                0x000006a0                _ZN11interpreter3cpiEhh
 .text._ZN11interpreter3cpmEhm
                0x000006d2       0x52 cpu/interpreter/interpreter.o
                0x000006d2                _ZN11interpreter3cpmEhm
 .text._ZN11interpreter3cpmEmm
                0x00000724       0x82 cpu/interpreter/interpreter.o
                0x00000724                _ZN11interpreter3cpmEmm
 .text._ZN11interpreter3rorEh
                0x000007a6       0x12 cpu/interpreter/interpreter.o
                0x000007a6                _ZN11interpreter3rorEh
 .text._ZN11interpreter3rolEh
                0x000007b8        0xe cpu/interpreter/interpreter.o
                0x000007b8                _ZN11interpreter3rolEh
 .text._ZN11interpreter3clrEh
                0x000007c6        0xa cpu/interpreter/interpreter.o
                0x000007c6                _ZN11interpreter3clrEh
 .text._ZN11interpreter3nopEv
                0x000007d0        0x4 cpu/interpreter/interpreter.o
                0x000007d0                _ZN11interpreter3nopEv
 .text._ZN11interpreter3jmpEm
                0x000007d4       0x10 cpu/interpreter/interpreter.o
                0x000007d4                _ZN11interpreter3jmpEm
 .text._ZN11interpreter4breqEm
                0x000007e4       0x1e cpu/interpreter/interpreter.o
                0x000007e4                _ZN11interpreter4breqEm
 .text._ZN11interpreter7breqpcfEm
                0x00000802       0x3a cpu/interpreter/interpreter.o
                0x00000802                _ZN11interpreter7breqpcfEm
 .text._ZN11interpreter7breqpcbEm
                0x0000083c       0x52 cpu/interpreter/interpreter.o
                0x0000083c                _ZN11interpreter7breqpcbEm
 .text._ZN11interpreter4brneEm
                0x0000088e       0x48 cpu/interpreter/interpreter.o
                0x0000088e                _ZN11interpreter4brneEm
 .text._ZN11interpreter7brnepcfEm
                0x000008d6       0x68 cpu/interpreter/interpreter.o
                0x000008d6                _ZN11interpreter7brnepcfEm
 .text._ZN11interpreter7brnepcbEm
                0x0000093e       0x80 cpu/interpreter/interpreter.o
                0x0000093e                _ZN11interpreter7brnepcbEm
 .text._ZN11interpreter4brgeEm
                0x000009be       0x36 cpu/interpreter/interpreter.o
                0x000009be                _ZN11interpreter4brgeEm
 .text._ZN11interpreter7brgepcfEm
                0x000009f4       0x56 cpu/interpreter/interpreter.o
                0x000009f4                _ZN11interpreter7brgepcfEm
 .text._ZN11interpreter7brgepcbEm
                0x00000a4a       0x6e cpu/interpreter/interpreter.o
                0x00000a4a                _ZN11interpreter7brgepcbEm
 .text._ZN11interpreter4brleEm
                0x00000ab8       0x3a cpu/interpreter/interpreter.o
                0x00000ab8                _ZN11interpreter4brleEm
 .text._ZN11interpreter7brlepcfEm
                0x00000af2       0x5a cpu/interpreter/interpreter.o
                0x00000af2                _ZN11interpreter7brlepcfEm
 .text._ZN11interpreter7brlepcbEm
                0x00000b4c       0x72 cpu/interpreter/interpreter.o
                0x00000b4c                _ZN11interpreter7brlepcbEm
 .text._ZN11interpreter3brgEm
                0x00000bbe       0x36 cpu/interpreter/interpreter.o
                0x00000bbe                _ZN11interpreter3brgEm
 .text._ZN11interpreter6brgpcfEm
                0x00000bf4       0x56 cpu/interpreter/interpreter.o
                0x00000bf4                _ZN11interpreter6brgpcfEm
 .text._ZN11interpreter6brgpcbEm
                0x00000c4a       0x6e cpu/interpreter/interpreter.o
                0x00000c4a                _ZN11interpreter6brgpcbEm
 .text._ZN11interpreter3brlEm
                0x00000cb8       0x3a cpu/interpreter/interpreter.o
                0x00000cb8                _ZN11interpreter3brlEm
 .text._ZN11interpreter6brlpcfEm
                0x00000cf2       0x5a cpu/interpreter/interpreter.o
                0x00000cf2                _ZN11interpreter6brlpcfEm
 .text._ZN11interpreter6brlpcbEm
                0x00000d4c       0x72 cpu/interpreter/interpreter.o
                0x00000d4c                _ZN11interpreter6brlpcbEm
 .text._ZN11interpreter4pushEh
                0x00000dbe       0x38 cpu/interpreter/interpreter.o
                0x00000dbe                _ZN11interpreter4pushEh
 .text._ZN11interpreter4callEm
                0x00000df6       0x36 cpu/interpreter/interpreter.o
                0x00000df6                _ZN11interpreter4callEm
 .text._ZN11interpreter5pushiEh
                0x00000e2c       0x32 cpu/interpreter/interpreter.o
                0x00000e2c                _ZN11interpreter5pushiEh
 .text._ZN11interpreter3popEv
                0x00000e5e       0x32 cpu/interpreter/interpreter.o
                0x00000e5e                _ZN11interpreter3popEv
 .text._ZN11interpreter3popEh
                0x00000e90       0x22 cpu/interpreter/interpreter.o
                0x00000e90                _ZN11interpreter3popEh
 .text._ZN11interpreter4swapEh
                0x00000eb2       0x2e cpu/interpreter/interpreter.o
                0x00000eb2                _ZN11interpreter4swapEh
 .text._ZN11interpreter7syscallEv
                0x00000ee0       0x18 cpu/interpreter/interpreter.o
                0x00000ee0                _ZN11interpreter7syscallEv
 .text._ZN11interpreter3clfEv
                0x00000ef8        0xa cpu/interpreter/interpreter.o
                0x00000ef8                _ZN11interpreter3clfEv
 .text._ZN11interpreter3retEv
                0x00000f02       0x6c cpu/interpreter/interpreter.o
                0x00000f02                _ZN11interpreter3retEv
 .text._ZN11interpreter5andrrEhh
                0x00000f6e       0x16 cpu/interpreter/interpreter.o
                0x00000f6e                _ZN11interpreter5andrrEhh
 .text._ZN11interpreter4andiEhh
                0x00000f84        0xe cpu/interpreter/interpreter.o
                0x00000f84                _ZN11interpreter4andiEhh
 .text._ZN11interpreter5andrmEhm
                0x00000f92       0x2e cpu/interpreter/interpreter.o
                0x00000f92                _ZN11interpreter5andrmEhm
 .text._ZN11interpreter3runEv
                0x00000fc0     0x1318 cpu/interpreter/interpreter.o
                0x00000fc0                _ZN11interpreter3runEv
 .text._ZN11interpreter3zarEv
                0x000022d8       0x1a cpu/interpreter/interpreter.o
                0x000022d8                _ZN11interpreter3zarEv
 .text._ZN11interpreterD2Ev
                0x000022f2       0x12 cpu/interpreter/interpreter.o
                0x000022f2                _ZN11interpreterD2Ev
                0x000022f2                _ZN11interpreterD1Ev
 .text._ZN14portcontrollerC2Ev
                0x00002304        0x2 drivers/io/port controller/portcontroller.o
                0x00002304                _ZN14portcontrollerC1Ev
                0x00002304                _ZN14portcontrollerC2Ev
 .text._ZN14portcontroller9readportdEv
                0x00002306        0x4 drivers/io/port controller/portcontroller.o
                0x00002306                _ZN14portcontroller9readportdEv
 .text._ZN14portcontroller10writeportcEc
                0x0000230a        0x4 drivers/io/port controller/portcontroller.o
                0x0000230a                _ZN14portcontroller10writeportcEc
 .text._ZN14portcontroller9writeddraEc
                0x0000230e        0x4 drivers/io/port controller/portcontroller.o
                0x0000230e                _ZN14portcontroller9writeddraEc
 .text._ZN14portcontroller9writeddrbEc
                0x00002312        0x4 drivers/io/port controller/portcontroller.o
                0x00002312                _ZN14portcontroller9writeddrbEc
 .text._ZN14portcontroller9writeddrcEc
                0x00002316        0x4 drivers/io/port controller/portcontroller.o
                0x00002316                _ZN14portcontroller9writeddrcEc
 .text._ZN14portcontroller9writeddrdEc
                0x0000231a        0x4 drivers/io/port controller/portcontroller.o
                0x0000231a                _ZN14portcontroller9writeddrdEc
 .text._ZN14portcontroller13digitalwriteaEhb
                0x0000231e       0x32 drivers/io/port controller/portcontroller.o
                0x0000231e                _ZN14portcontroller13digitalwriteaEhb
 .text._ZN14portcontroller12digitalwriteEhb
                0x00002350       0x4a drivers/io/port controller/portcontroller.o
                0x00002350                _ZN14portcontroller12digitalwriteEhb
 .text._ZN14portcontrollerD2Ev
                0x0000239a        0x2 drivers/io/port controller/portcontroller.o
                0x0000239a                _ZN14portcontrollerD1Ev
                0x0000239a                _ZN14portcontrollerD2Ev
 .text._ZN8shiftregC2EhhhP14portcontroller
                0x0000239c       0x26 drivers/io/shift register/shiftreg.o
                0x0000239c                _ZN8shiftregC1EhhhP14portcontroller
                0x0000239c                _ZN8shiftregC2EhhhP14portcontroller
 .text._ZN8shiftreg10shiftout32Em
                0x000023c2       0x9c drivers/io/shift register/shiftreg.o
                0x000023c2                _ZN8shiftreg10shiftout32Em
 .text._ZN8shiftregD2Ev
                0x0000245e        0x2 drivers/io/shift register/shiftreg.o
                0x0000245e                _ZN8shiftregD1Ev
                0x0000245e                _ZN8shiftregD2Ev
 .text._ZN6memoryC2Ev
                0x00002460        0x2 drivers/memory/memory.o
                0x00002460                _ZN6memoryC2Ev
                0x00002460                _ZN6memoryC1Ev
 .text._ZN6memory5writeEmh
                0x00002462       0x3c drivers/memory/memory.o
                0x00002462                _ZN6memory5writeEmh
 .text._ZN6memory4readEm
                0x0000249e       0x1c drivers/memory/memory.o
                0x0000249e                _ZN6memory4readEm
 .text._ZN6memory6read32Em
                0x000024ba      0x150 drivers/memory/memory.o
                0x000024ba                _ZN6memory6read32Em
 .text._ZN6memoryD2Ev
                0x0000260a        0x2 drivers/memory/memory.o
                0x0000260a                _ZN6memoryD1Ev
                0x0000260a                _ZN6memoryD2Ev
 .text._ZN9video_memC2Ev
                0x0000260c        0x2 drivers/memory/video_mem.o
                0x0000260c                _ZN9video_memC1Ev
                0x0000260c                _ZN9video_memC2Ev
 .text._ZN9video_memD2Ev
                0x0000260e        0x2 drivers/memory/video_mem.o
                0x0000260e                _ZN9video_memD2Ev
                0x0000260e                _ZN9video_memD1Ev
 .text._ZN6SerialC2EP8shiftregP14portcontrollerccc
                0x00002610       0x1a drivers/serial/Serial.o
                0x00002610                _ZN6SerialC1EP8shiftregP14portcontrollerccc
                0x00002610                _ZN6SerialC2EP8shiftregP14portcontrollerccc
 .text._ZN6SerialD2Ev
                0x0000262a        0x2 drivers/serial/Serial.o
                0x0000262a                _ZN6SerialD1Ev
                0x0000262a                _ZN6SerialD2Ev
 .text._Z41__static_initialization_and_destruction_0ii
                0x0000262c       0xc8 main.o
 .text._Z15syscall_handlerv
                0x000026f4       0x74 main.o
                0x000026f4                _Z15syscall_handlerv
 .text.main     0x00002768       0x60 main.o
                0x00002768                main
 .text._GLOBAL__sub_I__Z6loadosv
                0x000027c8        0xe main.o
 .text._GLOBAL__sub_D__Z6loadosv
                0x000027d6        0xe main.o
 .text.libgcc.div
                0x000027e4       0x18 c:/program files (x86)/atmel/studio/7.0/toolchain/avr8/avr8-gnu-toolchain/bin/../lib/gcc/avr/5.4.0/avr5\libgcc.a(_udivmodqi4.o)
                0x000027e4                __udivmodqi4
 .text.libgcc   0x000027fc        0xc c:/program files (x86)/atmel/studio/7.0/toolchain/avr8/avr8-gnu-toolchain/bin/../lib/gcc/avr/5.4.0/avr5\libgcc.a(_tablejump2.o)
                0x000027fc                __tablejump2__
                0x00002808                . = ALIGN (0x2)
 *(.fini9)
 .fini9         0x00002808        0x0 c:/program files (x86)/atmel/studio/7.0/toolchain/avr8/avr8-gnu-toolchain/bin/../lib/gcc/avr/5.4.0/avr5\libgcc.a(_exit.o)
                0x00002808                _exit
                0x00002808                exit
 *(.fini9)
 *(.fini8)
 *(.fini8)
 *(.fini7)
 *(.fini7)
 *(.fini6)
 .fini6         0x00002808       0x16 c:/program files (x86)/atmel/studio/7.0/toolchain/avr8/avr8-gnu-toolchain/bin/../lib/gcc/avr/5.4.0/avr5\libgcc.a(_dtors.o)
                0x00002808                __do_global_dtors
 *(.fini6)
 *(.fini5)
 *(.fini5)
 *(.fini4)
 *(.fini4)
 *(.fini3)
 *(.fini3)
 *(.fini2)
 *(.fini2)
 *(.fini1)
 *(.fini1)
 *(.fini0)
 .fini0         0x0000281e        0x4 c:/program files (x86)/atmel/studio/7.0/toolchain/avr8/avr8-gnu-toolchain/bin/../lib/gcc/avr/5.4.0/avr5\libgcc.a(_exit.o)
 *(.fini0)
                0x00002822                _etext = .

.data           0x00800100        0x0 load address 0x00002822
                [!provide]                PROVIDE (__data_start, .)
 *(.data)
 *(.data*)
 *(.gnu.linkonce.d*)
 *(.rodata)
 *(.rodata*)
 *(.gnu.linkonce.r*)
                0x00800100                . = ALIGN (0x2)
                0x00800100                _edata = .
                [!provide]                PROVIDE (__data_end, .)

.bss            0x00800100      0x151
                0x00800100                PROVIDE (__bss_start, .)
 *(.bss)
 *(.bss*)
 .bss._ZL11videomemory
                0x00800100        0x9 main.o
 .bss._ZL10mainmemory
                0x00800109        0x9 main.o
 .bss._ZL16interpreter_main
                0x00800112      0x11c main.o
 .bss._ZL11softwarespi
                0x0080022e        0x8 main.o
 .bss._ZL5csreg
                0x00800236        0xd main.o
 .bss._ZL6addreg
                0x00800243        0xd main.o
 .bss._ZL4port  0x00800250        0x1 main.o
 *(COMMON)
                0x00800251                PROVIDE (__bss_end, .)
                0x00002822                __data_load_start = LOADADDR (.data)
                0x00002822                __data_load_end = (__data_load_start + SIZEOF (.data))

.noinit         0x00800251        0x0
                [!provide]                PROVIDE (__noinit_start, .)
 *(.noinit*)
                [!provide]                PROVIDE (__noinit_end, .)
                0x00800251                _end = .
                [!provide]                PROVIDE (__heap_start, .)

.eeprom         0x00810000        0x0
 *(.eeprom*)
                0x00810000                __eeprom_end = .

.fuse
 *(.fuse)
 *(.lfuse)
 *(.hfuse)
 *(.efuse)

.lock
 *(.lock*)

.signature
 *(.signature*)

.user_signatures
 *(.user_signatures*)

.stab
 *(.stab)

.stabstr
 *(.stabstr)

.stab.excl
 *(.stab.excl)

.stab.exclstr
 *(.stab.exclstr)

.stab.index
 *(.stab.index)

.stab.indexstr
 *(.stab.indexstr)

.comment        0x00000000       0x30
 *(.comment)
 .comment       0x00000000       0x30 cpu/interpreter/interpreter.o
                                 0x31 (size before relaxing)
 .comment       0x00000030       0x31 drivers/io/port controller/portcontroller.o
 .comment       0x00000030       0x31 drivers/io/shift register/shiftreg.o
 .comment       0x00000030       0x31 drivers/memory/memory.o
 .comment       0x00000030       0x31 drivers/memory/video_mem.o
 .comment       0x00000030       0x31 drivers/serial/Serial.o
 .comment       0x00000030       0x31 main.o

.note.gnu.avr.deviceinfo
                0x00000000       0x40
 .note.gnu.avr.deviceinfo
                0x00000000       0x40 C:/Program Files (x86)/Atmel/Studio/7.0/Packs/atmel/ATmega_DFP/1.7.374/gcc/dev/atmega644p/avr5/crtatmega644p.o

.note.gnu.build-id
 *(.note.gnu.build-id)

.debug
 *(.debug)

.line
 *(.line)

.debug_srcinfo
 *(.debug_srcinfo)

.debug_sfnames
 *(.debug_sfnames)

.debug_aranges  0x00000000      0x520
 *(.debug_aranges)
 .debug_aranges
                0x00000000      0x2c8 cpu/interpreter/interpreter.o
 .debug_aranges
                0x000002c8       0xd0 drivers/io/port controller/portcontroller.o
 .debug_aranges
                0x00000398       0x58 drivers/io/shift register/shiftreg.o
 .debug_aranges
                0x000003f0       0x58 drivers/memory/memory.o
 .debug_aranges
                0x00000448       0x28 drivers/memory/video_mem.o
 .debug_aranges
                0x00000470       0x68 drivers/serial/Serial.o
 .debug_aranges
                0x000004d8       0x48 main.o

.debug_pubnames
 *(.debug_pubnames)

.debug_info     0x00000000     0xa7b5
 *(.debug_info .gnu.linkonce.wi.*)
 .debug_info    0x00000000      0x6cc C:/Program Files (x86)/Atmel/Studio/7.0/Packs/atmel/ATmega_DFP/1.7.374/gcc/dev/atmega644p/avr5/crtatmega644p.o
 .debug_info    0x000006cc     0x50b8 cpu/interpreter/interpreter.o
 .debug_info    0x00005784      0x962 drivers/io/port controller/portcontroller.o
 .debug_info    0x000060e6      0xa25 drivers/io/shift register/shiftreg.o
 .debug_info    0x00006b0b      0xb51 drivers/memory/memory.o
 .debug_info    0x0000765c      0x6b7 drivers/memory/video_mem.o
 .debug_info    0x00007d13      0xcec drivers/serial/Serial.o
 .debug_info    0x000089ff     0x1db6 main.o

.debug_abbrev   0x00000000     0x17e1
 *(.debug_abbrev)
 .debug_abbrev  0x00000000      0x66e C:/Program Files (x86)/Atmel/Studio/7.0/Packs/atmel/ATmega_DFP/1.7.374/gcc/dev/atmega644p/avr5/crtatmega644p.o
 .debug_abbrev  0x0000066e      0x469 cpu/interpreter/interpreter.o
 .debug_abbrev  0x00000ad7      0x1c1 drivers/io/port controller/portcontroller.o
 .debug_abbrev  0x00000c98      0x20b drivers/io/shift register/shiftreg.o
 .debug_abbrev  0x00000ea3      0x1f4 drivers/memory/memory.o
 .debug_abbrev  0x00001097      0x152 drivers/memory/video_mem.o
 .debug_abbrev  0x000011e9      0x243 drivers/serial/Serial.o
 .debug_abbrev  0x0000142c      0x3b5 main.o

.debug_line     0x00000000     0x2b76
 *(.debug_line .debug_line.* .debug_line_end)
 .debug_line    0x00000000      0x152 C:/Program Files (x86)/Atmel/Studio/7.0/Packs/atmel/ATmega_DFP/1.7.374/gcc/dev/atmega644p/avr5/crtatmega644p.o
 .debug_line    0x00000152     0x18c6 cpu/interpreter/interpreter.o
 .debug_line    0x00001a18      0x348 drivers/io/port controller/portcontroller.o
 .debug_line    0x00001d60      0x33e drivers/io/shift register/shiftreg.o
 .debug_line    0x0000209e      0x21d drivers/memory/memory.o
 .debug_line    0x000022bb      0x13f drivers/memory/video_mem.o
 .debug_line    0x000023fa      0x399 drivers/serial/Serial.o
 .debug_line    0x00002793      0x3e3 main.o

.debug_frame    0x00000000      0xeb8
 *(.debug_frame)
 .debug_frame   0x00000000      0x8bc cpu/interpreter/interpreter.o
 .debug_frame   0x000008bc      0x184 drivers/io/port controller/portcontroller.o
 .debug_frame   0x00000a40      0x138 drivers/io/shift register/shiftreg.o
 .debug_frame   0x00000b78       0xfc drivers/memory/memory.o
 .debug_frame   0x00000c74       0x34 drivers/memory/video_mem.o
 .debug_frame   0x00000ca8      0x178 drivers/serial/Serial.o
 .debug_frame   0x00000e20       0x98 main.o

.debug_str      0x00000000     0x1ce9
 *(.debug_str)
 .debug_str     0x00000000      0x252 C:/Program Files (x86)/Atmel/Studio/7.0/Packs/atmel/ATmega_DFP/1.7.374/gcc/dev/atmega644p/avr5/crtatmega644p.o
 .debug_str     0x00000252     0x150a cpu/interpreter/interpreter.o
                               0x1590 (size before relaxing)
 .debug_str     0x0000175c       0x61 drivers/io/port controller/portcontroller.o
                                0x624 (size before relaxing)
 .debug_str     0x000017bd       0x8c drivers/io/shift register/shiftreg.o
                                0x7b0 (size before relaxing)
 .debug_str     0x00001849       0x83 drivers/memory/memory.o
                                0x8cf (size before relaxing)
 .debug_str     0x000018cc       0x9d drivers/memory/video_mem.o
                                0x7ed (size before relaxing)
 .debug_str     0x00001969      0x228 drivers/serial/Serial.o
                                0x94b (size before relaxing)
 .debug_str     0x00001b91      0x158 main.o
                               0x1759 (size before relaxing)

.debug_loc      0x00000000     0x53b3
 *(.debug_loc)
 .debug_loc     0x00000000     0x3f8f cpu/interpreter/interpreter.o
 .debug_loc     0x00003f8f      0x3cf drivers/io/port controller/portcontroller.o
 .debug_loc     0x0000435e      0x4d7 drivers/io/shift register/shiftreg.o
 .debug_loc     0x00004835      0x36b drivers/memory/memory.o
 .debug_loc     0x00004ba0      0x6af drivers/serial/Serial.o
 .debug_loc     0x0000524f      0x164 main.o

.debug_macinfo
 *(.debug_macinfo)

.debug_weaknames
 *(.debug_weaknames)

.debug_funcnames
 *(.debug_funcnames)

.debug_typenames
 *(.debug_typenames)

.debug_varnames
 *(.debug_varnames)

.debug_pubtypes
 *(.debug_pubtypes)

.debug_ranges   0x00000000      0x4f8
 *(.debug_ranges)
 .debug_ranges  0x00000000      0x2e8 cpu/interpreter/interpreter.o
 .debug_ranges  0x000002e8       0xc0 drivers/io/port controller/portcontroller.o
 .debug_ranges  0x000003a8       0x48 drivers/io/shift register/shiftreg.o
 .debug_ranges  0x000003f0       0x48 drivers/memory/memory.o
 .debug_ranges  0x00000438       0x18 drivers/memory/video_mem.o
 .debug_ranges  0x00000450       0x70 drivers/serial/Serial.o
 .debug_ranges  0x000004c0       0x38 main.o

.debug_macro
 *(.debug_macro)
OUTPUT(os.elf elf32-avr)
LOAD linker stubs
